[1764313552349] INFO  (ext): SQLTools is starting
[1764313552350] INFO  (ext): initializing language client...
[1764313552351] INFO  (ext): Registering client for languages [{"scheme":"sqltools"},{"language":"sql","scheme":"untitled"},{"language":"sql","scheme":"file"},{"language":"sql","scheme":"sqltools"}]
    ns: "lc"
[1764313552354] INFO  (ext): loading plugins...
[1764313552354] INFO  (ext): registering Formatter Plugin.
    plugin: {
      "name": "Formatter Plugin"
    }
[1764313552354] INFO  (ext): registering Connection Manager Plugin.
    plugin: {
      "name": "Connection Manager Plugin"
    }
[1764313552354] INFO  (ext): registering CodeLens Plugin.
    plugin: {
      "name": "CodeLens Plugin",
      "registeredLanguages": []
    }
[1764313552355] INFO  (ext): registering Dependency Manager Plugin.
    plugin: {
      "name": "Dependency Manager Plugin",
      "installingDrivers": []
    }
[1764313552356] INFO  (ext): Connection explorer changed. Will be updated.
    ns: "conn-man:explorer"
[1764313552356] INFO  (ext): registering History Manager Plugin.
    plugin: {
      "name": "History Manager Plugin"
    }
[1764313552356] INFO  (ext): registering Bookmarks Manager Plugin.
    plugin: {
      "name": "Bookmarks Manager Plugin"
    }
[1764313552357] INFO  (ext): registering Authentication Provider Plugin.
    plugin: {
      "name": "Authentication Provider Plugin",
      "isRegistered": false
    }
[1764313552357] INFO  (ext): registering Object Drop-in Provider (plugin).
    plugin: {
      "type": "plugin",
      "name": "Object Drop-in Provider",
      "isRegistered": false
    }
[1764313552357] INFO  (ext): SQLTools activation completed. 8.721479 ms
[1764313552357] INFO  (ext): Formatter Plugin registered!
[1764313552358] INFO  (ext): CodeLens Plugin registered!
[1764313552358] INFO  (ext): Dependency Manager Plugin registered!
[1764313552358] INFO  (ext): Connection Manager Plugin registered!
[1764313552358] INFO  (ext): History Manager Plugin registered!
[1764313552358] INFO  (ext): Bookmarks Manager Plugin registered!
[1764313552358] INFO  (ext): Authentication Provider Plugin registered!
[1764313552358] INFO  (ext): Object Drop-in Provider (plugin) registered!
[1764313552420] INFO  (ext): Connection explorer changed. Will be updated.
    ns: "conn-man:explorer"
[1764313552420] INFO  (ext): Connection explorer changed. Will be updated.
    ns: "conn-man:explorer"
[1764313552421] INFO  (ext): Connection explorer changed. Will be updated.
    ns: "conn-man:explorer"
[1764313552421] INFO  (ext): Connection explorer changed. Will be updated.
    ns: "conn-man:explorer"
[1764313552421] INFO  (ext): Connection explorer changed. Will be updated.
    ns: "conn-man:explorer"
[1764313552421] INFO  (ext): Connection explorer changed. Will be updated.
    ns: "conn-man:explorer"
[1764313552421] INFO  (ext): Connection explorer changed. Will be updated.
    ns: "conn-man:explorer"
[1764313552421] INFO  (ext): Connection explorer changed. Will be updated.
    ns: "conn-man:explorer"
[1764313552421] INFO  (ext): Connection explorer changed. Will be updated.
    ns: "conn-man:explorer"
[1764313552472] INFO  (ls): SQLTools Server started!
===============================
Using node runtime?: no
ExecPath: /opt/visual-studio-code/code 
===============================
[1764313552517] INFO  (ext): LanguageClient ready
    ns: "lc"
[1764313552520] INFO  (ext): registering MySQL/MariaDB/TiDB Plugin (driver).
    plugin: {
      "extensionId": "mtxr.sqltools-driver-mysql",
      "name": "MySQL/MariaDB/TiDB Plugin",
      "type": "driver"
    }
[1764313552521] INFO  (ext): registering PostgreSQL/Cockroach Plugin (driver).
    plugin: {
      "extensionId": "mtxr.sqltools-driver-pg",
      "name": "PostgreSQL/Cockroach Plugin",
      "type": "driver"
    }
[1764313552516] INFO  (ls): Initialized with node version:v22.20.0
[1764313552520] INFO  (ls): REQUEST RECEIVED => ls/RegisterPlugin
[1764313552521] INFO  (ls): request to register plugin: "/home/peaches/.vscode/extensions/mtxr.sqltools-driver-mysql-0.6.6/out/ls/plugin.js"
[1764313552615] INFO  (ls): Driver mysql registered!
    place: "driver-map"
    ns: "ls-context"
[1764313552616] INFO  (ls): Driver mariadb registered!
    place: "driver-map"
    ns: "ls-context"
[1764313552616] INFO  (ls): Driver tidb registered!
    place: "driver-map"
    ns: "ls-context"
[1764313552616] INFO  (ls): REQUEST RECEIVED => ls/RegisterPlugin
[1764313552616] INFO  (ls): request to register plugin: "/home/peaches/.vscode/extensions/mtxr.sqltools-driver-pg-0.5.7/out/ls/plugin.js"
[1764313552659] INFO  (ls): Driver postgresql registered!
    place: "driver-map"
    ns: "ls-context"
[1764313552659] INFO  (ls): Driver aws redshift registered!
    place: "driver-map"
    ns: "ls-context"
[1764313552659] INFO  (ls): Driver cockroachdb registered!
    place: "driver-map"
    ns: "ls-context"
[1764313552874] INFO  (ext): Connection explorer changed. Will be updated.
    ns: "conn-man:explorer"
[1764313552887] INFO  (ext): MySQL/MariaDB/TiDB Plugin (driver) registered!
[1764313553310] INFO  (ext): PostgreSQL/Cockroach Plugin (driver) registered!
[1764313554347] INFO  (ext): EXECUTING COMMAND => sqltools.refreshTree
[1764313554347] INFO  (ext): Connection explorer changed. Will be updated.
    ns: "conn-man:explorer"
[1764313554448] INFO  (ext): Connection explorer changed. Will be updated.
    ns: "conn-man:explorer"
[1764313555437] INFO  (ext): Connection explorer changed. Will be updated.
    ns: "conn-man:explorer"
[1764313654765] INFO  (ext): Connection explorer changed. Will be updated.
    ns: "conn-man:explorer"
[1764313749733] INFO  (ext): Connection explorer changed. Will be updated.
    ns: "conn-man:explorer"
[1764313755122] INFO  (ext): Connection explorer changed. Will be updated.
    ns: "conn-man:explorer"
[1764313823548] INFO  (ext): Connection explorer changed. Will be updated.
    ns: "conn-man:explorer"
[1764313919151] INFO  (ext): Connection explorer changed. Will be updated.
    ns: "conn-man:explorer"
[1764314150344] INFO  (ext): Connection explorer changed. Will be updated.
    ns: "conn-man:explorer"
