2025-11-27 17:52:37.050 [info] Starting Python Locator /home/peaches/.vscode/extensions/ms-python.python-2025.18.0-linux-x64/python-env-tools/bin/pet server
2025-11-27 17:52:37.054 [info] Discovered env: /bin/python
2025-11-27 17:52:37.055 [info] Discovered env: /usr/bin/python
2025-11-27 17:52:37.055 [info] Discovered manager: (Conda) /home/peaches/anaconda3/bin/conda
2025-11-27 17:52:37.055 [info] Discovered env: /home/peaches/anaconda3/bin/python
2025-11-27 17:52:37.056 [info] Env ("/sbin/python") in Path resolved as ResolvedPythonEnv { executable: "/sbin/python", prefix: "/usr", version: "3.13.7.final.0", is64_bit: true, symlinks: Some(["/sbin/python"]) } and reported as Some(GlobalPaths)
2025-11-27 17:52:37.056 [info] Discovered env: /sbin/python
2025-11-27 17:52:37.056 [info] Env ("/usr/sbin/python") in Path resolved as ResolvedPythonEnv { executable: "/usr/sbin/python", prefix: "/usr", version: "3.13.7.final.0", is64_bit: true, symlinks: Some(["/usr/sbin/python"]) } and reported as Some(GlobalPaths)
2025-11-27 17:52:37.056 [info] Discovered env: /usr/sbin/python
2025-11-27 17:52:37.056 [info] Env ("/sbin/python3") in Path resolved as ResolvedPythonEnv { executable: "/sbin/python3", prefix: "/usr", version: "3.13.7.final.0", is64_bit: true, symlinks: Some(["/sbin/python3"]) } and reported as Some(GlobalPaths)
2025-11-27 17:52:37.056 [info] Discovered env: /sbin/python3
2025-11-27 17:52:37.057 [info] Env ("/usr/sbin/python3") in Path resolved as ResolvedPythonEnv { executable: "/usr/sbin/python3", prefix: "/usr", version: "3.13.7.final.0", is64_bit: true, symlinks: Some(["/usr/sbin/python3"]) } and reported as Some(GlobalPaths)
2025-11-27 17:52:37.057 [info] Discovered env: /usr/sbin/python3
2025-11-27 17:52:37.057 [info] Env ("/sbin/python3.13") in Path resolved as ResolvedPythonEnv { executable: "/sbin/python3.13", prefix: "/usr", version: "3.13.7.final.0", is64_bit: true, symlinks: Some(["/sbin/python3.13"]) } and reported as Some(GlobalPaths)
2025-11-27 17:52:37.057 [info] Discovered env: /sbin/python3.13
2025-11-27 17:52:37.057 [info] Env ("/usr/sbin/python3.13") in Path resolved as ResolvedPythonEnv { executable: "/usr/sbin/python3.13", prefix: "/usr", version: "3.13.7.final.0", is64_bit: true, symlinks: Some(["/usr/sbin/python3.13"]) } and reported as Some(GlobalPaths)
2025-11-27 17:52:37.057 [info] Discovered env: /usr/sbin/python3.13
2025-11-27 17:52:37.057 [info] Locator Conda took 254.095408ms
2025-11-27 17:52:37.057 [info] Locator Homebrew took 84.076µs
2025-11-27 17:52:37.057 [info] Locator LinuxGlobal took 241.81288ms
2025-11-27 17:52:37.057 [info] Locator PipEnv took 20.728µs
2025-11-27 17:52:37.057 [info] Locator Pixi took 15.799µs
2025-11-27 17:52:37.057 [info] Locator Poetry took 186.607µs
2025-11-27 17:52:37.057 [info] Locator PyEnv took 220.34µs
2025-11-27 17:52:37.057 [info] Locator Venv took 22.842µs
2025-11-27 17:52:37.057 [info] Locator VirtualEnv took 18.755µs
2025-11-27 17:52:37.057 [info] Locator VirtualEnvWrapper took 36.147µs
2025-11-27 17:52:37.057 [info] Locator GlobalVirtualEnvs took 242.001µs
2025-11-27 17:52:37.057 [info] Locator Locators took 254.299017ms
2025-11-27 17:52:37.057 [info] Locator Path took 282.337331ms
2025-11-27 17:52:37.058 [info] Locator Workspaces took 313.975µs
2025-11-27 17:52:37.058 [info] Refresh completed in 282ms
2025-11-27 17:52:39.008 [info] Resolved Python Environment /home/peaches/anaconda3/bin/python
2025-11-27 17:52:39.008 [info] Discovered env: /usr/bin/python
2025-11-27 17:52:39.008 [info] Discovered env: /bin/python
2025-11-27 17:52:39.008 [info] Discovered manager: (Conda) /home/peaches/anaconda3/bin/conda
2025-11-27 17:52:39.009 [info] Discovered env: /home/peaches/anaconda3/bin/python
2025-11-27 17:52:39.009 [info] Env ("/sbin/python") in Path resolved as ResolvedPythonEnv { executable: "/sbin/python", prefix: "/usr", version: "3.13.7.final.0", is64_bit: true, symlinks: Some(["/sbin/python"]) } and reported as Some(GlobalPaths)
2025-11-27 17:52:39.009 [info] Discovered env: /sbin/python
2025-11-27 17:52:39.009 [info] Env ("/usr/sbin/python") in Path resolved as ResolvedPythonEnv { executable: "/usr/sbin/python", prefix: "/usr", version: "3.13.7.final.0", is64_bit: true, symlinks: Some(["/usr/sbin/python"]) } and reported as Some(GlobalPaths)
2025-11-27 17:52:39.009 [info] Discovered env: /usr/sbin/python
2025-11-27 17:52:39.009 [info] Env ("/usr/sbin/python3") in Path resolved as ResolvedPythonEnv { executable: "/usr/sbin/python3", prefix: "/usr", version: "3.13.7.final.0", is64_bit: true, symlinks: Some(["/usr/sbin/python3"]) } and reported as Some(GlobalPaths)
2025-11-27 17:52:39.009 [info] Discovered env: /usr/sbin/python3
2025-11-27 17:52:39.010 [info] Env ("/sbin/python3") in Path resolved as ResolvedPythonEnv { executable: "/sbin/python3", prefix: "/usr", version: "3.13.7.final.0", is64_bit: true, symlinks: Some(["/sbin/python3"]) } and reported as Some(GlobalPaths)
2025-11-27 17:52:39.010 [info] Discovered env: /sbin/python3
2025-11-27 17:52:39.010 [info] Env ("/sbin/python3.13") in Path resolved as ResolvedPythonEnv { executable: "/sbin/python3.13", prefix: "/usr", version: "3.13.7.final.0", is64_bit: true, symlinks: Some(["/sbin/python3.13"]) } and reported as Some(GlobalPaths)
2025-11-27 17:52:39.010 [info] Env ("/usr/sbin/python3.13") in Path resolved as ResolvedPythonEnv { executable: "/usr/sbin/python3.13", prefix: "/usr", version: "3.13.7.final.0", is64_bit: true, symlinks: Some(["/usr/sbin/python3.13"]) } and reported as Some(GlobalPaths)
2025-11-27 17:52:39.010 [info] Discovered env: /sbin/python3.13
2025-11-27 17:52:39.010 [info] Discovered env: /usr/sbin/python3.13
2025-11-27 17:52:39.010 [info] Locator Conda took 135.914653ms
2025-11-27 17:52:39.010 [info] Locator Homebrew took 56.365µs
2025-11-27 17:52:39.010 [info] Locator LinuxGlobal took 128.37478ms
2025-11-27 17:52:39.010 [info] Locator PipEnv took 74.639µs
2025-11-27 17:52:39.010 [info] Locator Pixi took 18.925µs
2025-11-27 17:52:39.010 [info] Locator Poetry took 223.947µs
2025-11-27 17:52:39.010 [info] Locator PyEnv took 134.02µs
2025-11-27 17:52:39.010 [info] Locator Venv took 31.619µs
2025-11-27 17:52:39.010 [info] Locator VirtualEnv took 17.663µs
2025-11-27 17:52:39.010 [info] Locator VirtualEnvWrapper took 29.245µs
2025-11-27 17:52:39.011 [info] Locator GlobalVirtualEnvs took 63.729µs
2025-11-27 17:52:39.011 [info] Locator Locators took 136.041349ms
2025-11-27 17:52:39.011 [info] Locator Path took 211.311838ms
2025-11-27 17:52:39.011 [info] Locator Workspaces took 289.77µs
2025-11-27 17:52:39.011 [info] Refresh completed in 211ms
2025-11-27 17:52:46.067 [info] Discovered env: /bin/python
2025-11-27 17:52:46.069 [info] Discovered env: /usr/bin/python
2025-11-27 17:52:46.074 [info] Env ("/usr/sbin/python") in Path resolved as ResolvedPythonEnv { executable: "/usr/sbin/python", prefix: "/usr", version: "3.13.7.final.0", is64_bit: true, symlinks: Some(["/usr/sbin/python"]) } and reported as Some(GlobalPaths)
2025-11-27 17:52:46.074 [info] Discovered env: /usr/sbin/python
2025-11-27 17:52:46.085 [info] Env ("/sbin/python") in Path resolved as ResolvedPythonEnv { executable: "/sbin/python", prefix: "/usr", version: "3.13.7.final.0", is64_bit: true, symlinks: Some(["/sbin/python"]) } and reported as Some(GlobalPaths)
2025-11-27 17:52:46.085 [info] Discovered env: /sbin/python
2025-11-27 17:52:46.087 [info] Discovered manager: (Conda) /home/peaches/anaconda3/bin/conda
2025-11-27 17:52:46.087 [info] Discovered env: /home/peaches/anaconda3/bin/python
2025-11-27 17:52:46.087 [info] Env ("/usr/sbin/python3") in Path resolved as ResolvedPythonEnv { executable: "/usr/sbin/python3", prefix: "/usr", version: "3.13.7.final.0", is64_bit: true, symlinks: Some(["/usr/sbin/python3"]) } and reported as Some(GlobalPaths)
2025-11-27 17:52:46.087 [info] Discovered env: /usr/sbin/python3
2025-11-27 17:52:46.096 [info] Env ("/sbin/python3") in Path resolved as ResolvedPythonEnv { executable: "/sbin/python3", prefix: "/usr", version: "3.13.7.final.0", is64_bit: true, symlinks: Some(["/sbin/python3"]) } and reported as Some(GlobalPaths)
2025-11-27 17:52:46.097 [info] Discovered env: /sbin/python3
2025-11-27 17:52:46.097 [info] Env ("/usr/sbin/python3.13") in Path resolved as ResolvedPythonEnv { executable: "/usr/sbin/python3.13", prefix: "/usr", version: "3.13.7.final.0", is64_bit: true, symlinks: Some(["/usr/sbin/python3.13"]) } and reported as Some(GlobalPaths)
2025-11-27 17:52:46.097 [info] Discovered env: /usr/sbin/python3.13
2025-11-27 17:52:46.105 [info] Env ("/sbin/python3.13") in Path resolved as ResolvedPythonEnv { executable: "/sbin/python3.13", prefix: "/usr", version: "3.13.7.final.0", is64_bit: true, symlinks: Some(["/sbin/python3.13"]) } and reported as Some(GlobalPaths)
2025-11-27 17:52:46.105 [info] Discovered env: /sbin/python3.13
2025-11-27 17:52:46.105 [info] Locator Conda took 65.189867ms
2025-11-27 17:52:46.105 [info] Locator Homebrew took 42.85µs
2025-11-27 17:52:46.105 [info] Locator LinuxGlobal took 47.287082ms
2025-11-27 17:52:46.105 [info] Locator PipEnv took 20.678µs
2025-11-27 17:52:46.105 [info] Locator Pixi took 30.737µs
2025-11-27 17:52:46.105 [info] Locator Poetry took 108.432µs
2025-11-27 17:52:46.105 [info] Locator PyEnv took 100.166µs
2025-11-27 17:52:46.105 [info] Locator Venv took 29.425µs
2025-11-27 17:52:46.105 [info] Locator VirtualEnv took 19.496µs
2025-11-27 17:52:46.105 [info] Locator VirtualEnvWrapper took 27.061µs
2025-11-27 17:52:46.105 [info] Locator GlobalVirtualEnvs took 36.538µs
2025-11-27 17:52:46.106 [info] Locator Locators took 65.321832ms
2025-11-27 17:52:46.106 [info] Locator Path took 83.809616ms
2025-11-27 17:52:46.106 [info] Locator Workspaces took 209.841µs
2025-11-27 17:52:46.106 [info] Refresh completed in 83ms
2025-11-27 17:53:09.971 [info] Resolved Python Environment /home/peaches/anaconda3/bin/python
2025-11-27 17:53:51.474 [info] Resolved Python Environment /home/peaches/anaconda3/bin/python
2025-11-27 17:57:11.461 [info] Discovered env: /bin/python
2025-11-27 17:57:11.461 [info] Discovered env: /usr/bin/python
2025-11-27 17:57:11.462 [info] Env ("/usr/sbin/python") in Path resolved as ResolvedPythonEnv { executable: "/usr/sbin/python", prefix: "/usr", version: "3.13.7.final.0", is64_bit: true, symlinks: Some(["/usr/sbin/python"]) } and reported as Some(GlobalPaths)
2025-11-27 17:57:11.462 [info] Discovered env: /usr/sbin/python
2025-11-27 17:57:11.462 [info] Discovered manager: (Conda) /home/peaches/anaconda3/bin/conda
2025-11-27 17:57:11.463 [info] Discovered env: /home/peaches/anaconda3/bin/python
2025-11-27 17:57:11.463 [info] Env ("/sbin/python") in Path resolved as ResolvedPythonEnv { executable: "/sbin/python", prefix: "/usr", version: "3.13.7.final.0", is64_bit: true, symlinks: Some(["/sbin/python"]) } and reported as Some(GlobalPaths)
2025-11-27 17:57:11.463 [info] Discovered env: /sbin/python
2025-11-27 17:57:11.463 [info] Env ("/usr/sbin/python3") in Path resolved as ResolvedPythonEnv { executable: "/usr/sbin/python3", prefix: "/usr", version: "3.13.7.final.0", is64_bit: true, symlinks: Some(["/usr/sbin/python3"]) } and reported as Some(GlobalPaths)
2025-11-27 17:57:11.463 [info] Env ("/sbin/python3") in Path resolved as ResolvedPythonEnv { executable: "/sbin/python3", prefix: "/usr", version: "3.13.7.final.0", is64_bit: true, symlinks: Some(["/sbin/python3"]) } and reported as Some(GlobalPaths)
2025-11-27 17:57:11.463 [info] Discovered env: /usr/sbin/python3
2025-11-27 17:57:11.463 [info] Discovered env: /sbin/python3
2025-11-27 17:57:11.464 [info] Env ("/sbin/python3.13") in Path resolved as ResolvedPythonEnv { executable: "/sbin/python3.13", prefix: "/usr", version: "3.13.7.final.0", is64_bit: true, symlinks: Some(["/sbin/python3.13"]) } and reported as Some(GlobalPaths)
2025-11-27 17:57:11.465 [info] Discovered env: /sbin/python3.13
2025-11-27 17:57:11.465 [info] Env ("/usr/sbin/python3.13") in Path resolved as ResolvedPythonEnv { executable: "/usr/sbin/python3.13", prefix: "/usr", version: "3.13.7.final.0", is64_bit: true, symlinks: Some(["/usr/sbin/python3.13"]) } and reported as Some(GlobalPaths)
2025-11-27 17:57:11.465 [info] Discovered env: /usr/sbin/python3.13
2025-11-27 17:57:11.465 [info] Locator Conda took 59.02099ms
2025-11-27 17:57:11.465 [info] Locator Homebrew took 41.73µs
2025-11-27 17:57:11.465 [info] Locator LinuxGlobal took 46.69046ms
2025-11-27 17:57:11.465 [info] Locator PipEnv took 27.623µs
2025-11-27 17:57:11.465 [info] Locator Pixi took 15.569µs
2025-11-27 17:57:11.465 [info] Locator Poetry took 108.598µs
2025-11-27 17:57:11.465 [info] Locator PyEnv took 72.389µs
2025-11-27 17:57:11.465 [info] Locator Venv took 23.174µs
2025-11-27 17:57:11.465 [info] Locator VirtualEnv took 14.397µs
2025-11-27 17:57:11.465 [info] Locator VirtualEnvWrapper took 12.544µs
2025-11-27 17:57:11.465 [info] Locator GlobalVirtualEnvs took 30.809µs
2025-11-27 17:57:11.465 [info] Locator Locators took 59.169214ms
2025-11-27 17:57:11.465 [info] Locator Path took 84.284512ms
2025-11-27 17:57:11.465 [info] Locator Workspaces took 375.899µs
2025-11-27 17:57:11.465 [info] Refresh completed in 84ms
2025-11-27 17:57:13.683 [info] Resolved Python Environment /home/peaches/anaconda3/bin/python
2025-11-27 17:58:13.415 [info] Resolved Python Environment /home/peaches/anaconda3/bin/python
2025-11-27 18:01:28.553 [info] Resolved Python Environment /home/peaches/anaconda3/bin/python
2025-11-27 18:03:30.446 [info] Resolved Python Environment /home/peaches/anaconda3/bin/python
2025-11-27 18:04:33.183 [info] Resolved Python Environment /home/peaches/anaconda3/bin/python
2025-11-27 18:18:27.473 [info] Resolved Python Environment /home/peaches/anaconda3/bin/python
2025-11-27 18:20:10.603 [info] Resolved Python Environment /home/peaches/anaconda3/bin/python
2025-11-27 18:21:38.783 [info] Resolved Python Environment /home/peaches/anaconda3/bin/python
2025-11-27 18:22:35.593 [info] Resolved Python Environment /home/peaches/anaconda3/bin/python
2025-11-27 18:24:31.241 [info] Resolved Python Environment /home/peaches/anaconda3/bin/python
2025-11-27 18:28:37.601 [info] Resolved Python Environment /home/peaches/anaconda3/bin/python
2025-11-27 18:29:29.165 [info] Resolved Python Environment /home/peaches/anaconda3/bin/python
2025-11-27 18:30:41.179 [info] Resolved Python Environment /home/peaches/anaconda3/bin/python
2025-11-27 18:31:50.336 [info] Resolved Python Environment /home/peaches/anaconda3/bin/python
2025-11-27 18:32:24.383 [info] Resolved Python Environment /home/peaches/anaconda3/bin/python
2025-11-27 18:32:54.837 [info] Resolved Python Environment /home/peaches/anaconda3/bin/python
