2025-11-27 17:38:51.035 [info] Name: Mypy Type Checker
2025-11-27 17:38:51.035 [info] Module: mypy
2025-11-27 17:38:51.035 [info] Python extension loading
2025-11-27 17:38:51.035 [info] Waiting for interpreter from Python extension.
2025-11-27 17:38:51.035 [info] Python extension loaded
2025-11-27 17:38:51.035 [info] Server run command: /bin/python /home/peaches/.vscode/extensions/ms-python.mypy-type-checker-2025.2.0/bundled/tool/lsp_server.py
2025-11-27 17:38:51.035 [info] Server: Start requested.
2025-11-27 17:38:51.434 [info] CWD Server: /home/peaches/learmmml
2025-11-27 17:38:51.434 [info] Settings used to run Server:
[
    {
        "cwd": "/home/peaches/learmmml",
        "workspace": "file:///home/peaches/learmmml",
        "args": [],
        "severity": {
            "error": "Error",
            "note": "Information"
        },
        "path": [],
        "ignorePatterns": [],
        "interpreter": [
            "/bin/python"
        ],
        "importStrategy": "useBundled",
        "showNotifications": "off",
        "extraPaths": [],
        "reportingScope": "file",
        "preferDaemon": false,
        "daemonStatusFile": ""
    }
]

2025-11-27 17:38:51.434 [info] Global settings:
{
    "cwd": "${workspaceFolder}",
    "workspace": "/home/peaches",
    "args": [],
    "severity": {
        "error": "Error",
        "note": "Information"
    },
    "path": [],
    "ignorePatterns": [],
    "interpreter": [],
    "importStrategy": "useBundled",
    "showNotifications": "off",
    "extraPaths": [],
    "reportingScope": "file",
    "preferDaemon": false,
    "daemonStatusFile": ""
}

2025-11-27 17:38:51.434 [info] sys.path used to run Server:
   /home/peaches/learmmml
   /home/peaches/.vscode/extensions/ms-python.mypy-type-checker-2025.2.0/bundled/libs
   /home/peaches/.vscode/extensions/ms-python.mypy-type-checker-2025.2.0/bundled/tool
   /usr/lib/python313.zip
   /usr/lib/python3.13
   /usr/lib/python3.13/lib-dynload
   /usr/lib/python3.13/site-packages
2025-11-27 17:38:51.434 [info] /bin/python -m mypy --version
2025-11-27 17:38:51.434 [info] CWD Server: /home/peaches/learmmml
2025-11-27 17:38:51.860 [info] 
mypy 1.15.0 (compiled: no)


2025-11-27 17:38:51.860 [info] Version info for linter running for /home/peaches/learmmml:
mypy 1.15.0 (compiled: no)

2025-11-27 17:38:51.860 [info] SUPPORTED mypy>=1.0.0
FOUND mypy==1.15.0

2025-11-27 17:38:51.865 [info] /home/peaches/.vscode/extensions/ms-python.mypy-type-checker-2025.2.0/bundled/tool/lsp_server.py:165: DeprecationWarning: 'workspace.get_document' has been deprecated, use 'workspace.get_text_document' instead
  document = LSP_SERVER.workspace.get_document(params.text_document.uri)

2025-11-27 17:38:51.866 [info] [Trace - 5:38:51 PM] Received notification 'window/logMessage'.
2025-11-27 17:38:51.866 [info] /bin/python -m mypy --no-color-output --no-error-summary --show-absolute-path --show-column-numbers --show-error-codes --no-pretty --show-error-end /home/peaches/learmmml/Untitled-1
2025-11-27 17:38:51.866 [info] [Trace - 5:38:51 PM] Received notification 'window/logMessage'.
2025-11-27 17:38:51.866 [info] CWD Server: /home/peaches/learmmml
2025-11-27 17:38:51.947 [info] [Trace - 5:38:51 PM] Received notification 'window/logMessage'.
2025-11-27 17:38:51.947 [info] mypy: can't read file 'Untitled-1': No such file or directory

2025-11-27 17:38:51.947 [info] [Trace - 5:38:51 PM] Received notification 'window/logMessage'.
2025-11-27 17:38:51.947 [info] untitled:Untitled-1 :

2025-11-27 17:38:51.949 [info] [Trace - 5:38:51 PM] Received notification 'textDocument/publishDiagnostics'.
2025-11-27 17:38:57.749 [info] [Trace - 5:38:57 PM] Sending notification 'textDocument/didOpen'.
2025-11-27 17:38:57.764 [info] [Trace - 5:38:57 PM] Received notification 'window/logMessage'.
2025-11-27 17:38:57.764 [info] /bin/python -m mypy --no-color-output --no-error-summary --show-absolute-path --show-column-numbers --show-error-codes --no-pretty --show-error-end /home/peaches/learmmml/mai.py
2025-11-27 17:38:57.765 [info] [Trace - 5:38:57 PM] Received notification 'window/logMessage'.
2025-11-27 17:38:57.765 [info] CWD Server: /home/peaches/learmmml
2025-11-27 17:38:59.797 [info] [Trace - 5:38:59 PM] Received notification 'window/logMessage'.
2025-11-27 17:38:59.797 [info] file:///home/peaches/learmmml/mai.py :

2025-11-27 17:38:59.797 [info] [Trace - 5:38:59 PM] Received notification 'textDocument/publishDiagnostics'.
2025-11-27 17:39:19.686 [info] [Trace - 5:39:19 PM] Sending notification 'textDocument/didChange'.
2025-11-27 17:39:19.843 [info] [Trace - 5:39:19 PM] Sending notification 'textDocument/didChange'.
2025-11-27 17:39:20.131 [info] [Trace - 5:39:20 PM] Sending notification 'textDocument/didChange'.
2025-11-27 17:39:20.197 [info] [Trace - 5:39:20 PM] Sending notification 'textDocument/didChange'.
2025-11-27 17:39:20.645 [info] [Trace - 5:39:20 PM] Sending notification 'textDocument/didChange'.
2025-11-27 17:39:20.728 [info] [Trace - 5:39:20 PM] Sending notification 'textDocument/didChange'.
2025-11-27 17:39:20.854 [info] [Trace - 5:39:20 PM] Sending notification 'textDocument/didChange'.
2025-11-27 17:39:22.264 [info] [Trace - 5:39:22 PM] Sending notification 'textDocument/didChange'.
2025-11-27 17:39:22.517 [info] [Trace - 5:39:22 PM] Sending notification 'textDocument/didChange'.
2025-11-27 17:39:22.780 [info] [Trace - 5:39:22 PM] Sending notification 'textDocument/didChange'.
2025-11-27 17:39:23.149 [info] [Trace - 5:39:23 PM] Sending notification 'textDocument/didChange'.
2025-11-27 17:39:23.672 [info] [Trace - 5:39:23 PM] Sending notification 'textDocument/didChange'.
2025-11-27 17:39:23.950 [info] [Trace - 5:39:23 PM] Sending notification 'textDocument/didChange'.
2025-11-27 17:39:25.063 [info] [Trace - 5:39:25 PM] Sending notification 'textDocument/didChange'.
2025-11-27 17:39:25.182 [info] [Trace - 5:39:25 PM] Sending notification 'textDocument/didChange'.
2025-11-27 17:39:25.190 [info] [Trace - 5:39:25 PM] Sending notification 'textDocument/didChange'.
2025-11-27 17:39:27.003 [info] [Trace - 5:39:27 PM] Sending notification 'textDocument/didChange'.
2025-11-27 17:39:27.348 [info] [Trace - 5:39:27 PM] Sending notification 'textDocument/didChange'.
2025-11-27 17:39:27.872 [info] [Trace - 5:39:27 PM] Sending notification 'textDocument/didChange'.
2025-11-27 17:39:28.891 [info] [Trace - 5:39:28 PM] Sending notification 'textDocument/didChange'.
2025-11-27 17:39:29.795 [info] [Trace - 5:39:29 PM] Sending notification 'textDocument/didChange'.
2025-11-27 17:39:30.193 [info] [Trace - 5:39:30 PM] Sending notification 'textDocument/didChange'.
2025-11-27 17:39:33.455 [info] [Trace - 5:39:33 PM] Sending notification 'textDocument/didChange'.
2025-11-27 17:39:35.257 [info] [Trace - 5:39:35 PM] Sending notification 'textDocument/didChange'.
2025-11-27 17:39:36.479 [info] [Trace - 5:39:36 PM] Sending notification 'textDocument/didChange'.
2025-11-27 17:39:38.065 [info] [Trace - 5:39:38 PM] Sending notification 'textDocument/didChange'.
2025-11-27 17:39:38.283 [info] [Trace - 5:39:38 PM] Sending notification 'textDocument/didChange'.
2025-11-27 17:39:38.441 [info] [Trace - 5:39:38 PM] Sending notification 'textDocument/didChange'.
2025-11-27 17:39:40.347 [info] [Trace - 5:39:40 PM] Sending notification 'textDocument/didChange'.
2025-11-27 17:39:41.225 [info] [Trace - 5:39:41 PM] Sending notification 'textDocument/didChange'.
2025-11-27 17:39:44.429 [info] [Trace - 5:39:44 PM] Sending notification 'textDocument/didChange'.
2025-11-27 17:39:45.762 [info] [Trace - 5:39:45 PM] Sending notification 'textDocument/didChange'.
2025-11-27 17:39:46.435 [info] [Trace - 5:39:46 PM] Sending notification 'textDocument/didChange'.
2025-11-27 17:39:46.773 [info] [Trace - 5:39:46 PM] Sending notification 'textDocument/didChange'.
2025-11-27 17:39:47.312 [info] [Trace - 5:39:47 PM] Sending notification 'textDocument/didChange'.
2025-11-27 17:39:47.649 [info] [Trace - 5:39:47 PM] Sending notification 'textDocument/didChange'.
2025-11-27 17:39:49.657 [info] [Trace - 5:39:49 PM] Sending notification 'textDocument/didChange'.
2025-11-27 17:39:51.344 [info] [Trace - 5:39:51 PM] Sending notification 'textDocument/didChange'.
2025-11-27 17:43:32.824 [info] Server: Stop requested
2025-11-27 17:43:32.824 [info] [Trace - 5:43:32 PM] Sending request 'shutdown - (1)'.
2025-11-27 17:43:32.841 [info] [Trace - 5:43:32 PM] Received response 'shutdown - (1)' in 18ms.
2025-11-27 17:43:32.841 [info] [Trace - 5:43:32 PM] Sending notification 'exit'.
2025-11-27 17:43:32.848 [info] Server run command: /home/peaches/anaconda3/bin/python /home/peaches/.vscode/extensions/ms-python.mypy-type-checker-2025.2.0/bundled/tool/lsp_server.py
2025-11-27 17:43:32.848 [info] Server: Start requested.
2025-11-27 17:43:33.301 [info] CWD Server: /home/peaches/learmmml
2025-11-27 17:43:33.301 [info] Settings used to run Server:
[
    {
        "cwd": "/home/peaches/learmmml",
        "workspace": "file:///home/peaches/learmmml",
        "args": [],
        "severity": {
            "error": "Error",
            "note": "Information"
        },
        "path": [],
        "ignorePatterns": [],
        "interpreter": [
            "/home/peaches/anaconda3/bin/python"
        ],
        "importStrategy": "useBundled",
        "showNotifications": "off",
        "extraPaths": [],
        "reportingScope": "file",
        "preferDaemon": false,
        "daemonStatusFile": ""
    }
]

2025-11-27 17:43:33.301 [info] Global settings:
{
    "cwd": "${workspaceFolder}",
    "workspace": "/home/peaches",
    "args": [],
    "severity": {
        "error": "Error",
        "note": "Information"
    },
    "path": [],
    "ignorePatterns": [],
    "interpreter": [],
    "importStrategy": "useBundled",
    "showNotifications": "off",
    "extraPaths": [],
    "reportingScope": "file",
    "preferDaemon": false,
    "daemonStatusFile": ""
}

2025-11-27 17:43:33.302 [info] sys.path used to run Server:
   /home/peaches/learmmml
   /home/peaches/.vscode/extensions/ms-python.mypy-type-checker-2025.2.0/bundled/libs
   /home/peaches/.vscode/extensions/ms-python.mypy-type-checker-2025.2.0/bundled/tool
   /home/peaches/anaconda3/lib/python312.zip
   /home/peaches/anaconda3/lib/python3.12
   /home/peaches/anaconda3/lib/python3.12/lib-dynload
   /home/peaches/anaconda3/lib/python3.12/site-packages
2025-11-27 17:43:33.302 [info] /home/peaches/anaconda3/bin/python -m mypy --version
2025-11-27 17:43:33.302 [info] CWD Server: /home/peaches/learmmml
2025-11-27 17:43:33.690 [info] 
mypy 1.15.0 (compiled: no)


2025-11-27 17:43:33.690 [info] Version info for linter running for /home/peaches/learmmml:
mypy 1.15.0 (compiled: no)

2025-11-27 17:43:33.690 [info] SUPPORTED mypy>=1.0.0
FOUND mypy==1.15.0

2025-11-27 17:43:33.694 [info] /home/peaches/.vscode/extensions/ms-python.mypy-type-checker-2025.2.0/bundled/tool/lsp_server.py:165: DeprecationWarning: 'workspace.get_document' has been deprecated, use 'workspace.get_text_document' instead
  document = LSP_SERVER.workspace.get_document(params.text_document.uri)

2025-11-27 17:43:33.694 [info] [Trace - 5:43:33 PM] Received notification 'window/logMessage'.
2025-11-27 17:43:33.694 [info] /home/peaches/anaconda3/bin/python -m mypy --no-color-output --no-error-summary --show-absolute-path --show-column-numbers --show-error-codes --no-pretty --show-error-end /home/peaches/learmmml/Untitled-1
2025-11-27 17:43:33.694 [info] [Trace - 5:43:33 PM] Received notification 'window/logMessage'.
2025-11-27 17:43:33.694 [info] CWD Server: /home/peaches/learmmml
2025-11-27 17:43:33.773 [info] [Trace - 5:43:33 PM] Received notification 'window/logMessage'.
2025-11-27 17:43:33.773 [info] mypy: can't read file 'Untitled-1': No such file or directory

2025-11-27 17:43:33.773 [info] [Trace - 5:43:33 PM] Received notification 'window/logMessage'.
2025-11-27 17:43:33.773 [info] untitled:Untitled-1 :

2025-11-27 17:43:33.775 [info] [Trace - 5:43:33 PM] Received notification 'textDocument/publishDiagnostics'.
2025-11-27 17:43:33.775 [info] [Trace - 5:43:33 PM] Received notification 'window/logMessage'.
2025-11-27 17:43:33.775 [info] /home/peaches/anaconda3/bin/python -m mypy --no-color-output --no-error-summary --show-absolute-path --show-column-numbers --show-error-codes --no-pretty --show-error-end /home/peaches/learmmml/mai.py
2025-11-27 17:43:33.775 [info] [Trace - 5:43:33 PM] Received notification 'window/logMessage'.
2025-11-27 17:43:33.775 [info] CWD Server: /home/peaches/learmmml
2025-11-27 17:43:35.342 [info] [Trace - 5:43:35 PM] Sending notification 'textDocument/didChange'.
2025-11-27 17:43:35.843 [info] [Trace - 5:43:35 PM] Received notification 'window/logMessage'.
2025-11-27 17:43:35.843 [info] file:///home/peaches/learmmml/mai.py :

2025-11-27 17:43:35.843 [info] [Trace - 5:43:35 PM] Received notification 'textDocument/publishDiagnostics'.
2025-11-27 17:43:36.235 [info] [Trace - 5:43:36 PM] Sending notification 'textDocument/didChange'.
2025-11-27 17:43:36.682 [info] [Trace - 5:43:36 PM] Sending notification 'textDocument/didChange'.
2025-11-27 17:43:37.779 [info] [Trace - 5:43:37 PM] Sending notification 'textDocument/didChange'.
2025-11-27 17:43:38.032 [info] [Trace - 5:43:38 PM] Sending notification 'textDocument/didChange'.
2025-11-27 17:43:38.293 [info] [Trace - 5:43:38 PM] Sending notification 'textDocument/didChange'.
2025-11-27 17:43:38.732 [info] [Trace - 5:43:38 PM] Sending notification 'textDocument/didChange'.
2025-11-27 17:43:41.685 [info] [Trace - 5:43:41 PM] Sending notification 'textDocument/didChange'.
2025-11-27 17:43:41.963 [info] [Trace - 5:43:41 PM] Sending notification 'textDocument/didChange'.
2025-11-27 17:43:42.275 [info] [Trace - 5:43:42 PM] Sending notification 'textDocument/didChange'.
2025-11-27 17:43:43.286 [info] [Trace - 5:43:43 PM] Sending notification 'textDocument/didChange'.
2025-11-27 17:43:43.363 [info] [Trace - 5:43:43 PM] Sending notification 'textDocument/didChange'.
2025-11-27 17:43:49.184 [info] [Trace - 5:43:49 PM] Sending notification 'textDocument/didChange'.
2025-11-27 17:43:50.340 [info] [Trace - 5:43:50 PM] Sending notification 'textDocument/didChange'.
2025-11-27 17:43:50.582 [info] [Trace - 5:43:50 PM] Sending notification 'textDocument/didChange'.
2025-11-27 17:43:50.717 [info] [Trace - 5:43:50 PM] Sending notification 'textDocument/didChange'.
2025-11-27 17:43:53.881 [info] [Trace - 5:43:53 PM] Sending notification 'textDocument/didChange'.
2025-11-27 17:43:54.158 [info] [Trace - 5:43:54 PM] Sending notification 'textDocument/didChange'.
2025-11-27 17:44:05.788 [info] [Trace - 5:44:05 PM] Sending notification 'textDocument/didChange'.
2025-11-27 17:44:07.738 [info] [Trace - 5:44:07 PM] Sending notification 'textDocument/didChange'.
2025-11-27 17:44:08.590 [info] [Trace - 5:44:08 PM] Sending notification 'textDocument/didChange'.
2025-11-27 17:44:09.087 [info] [Trace - 5:44:09 PM] Sending notification 'textDocument/didChange'.
2025-11-27 17:44:09.171 [info] [Trace - 5:44:09 PM] Sending notification 'textDocument/didChange'.
2025-11-27 17:44:11.291 [info] [Trace - 5:44:11 PM] Sending notification 'textDocument/didChange'.
2025-11-27 17:44:11.820 [info] [Trace - 5:44:11 PM] Sending notification 'textDocument/didChange'.
2025-11-27 17:44:12.437 [info] [Trace - 5:44:12 PM] Sending notification 'textDocument/didChange'.
2025-11-27 17:44:12.826 [info] [Trace - 5:44:12 PM] Sending notification 'textDocument/didChange'.
2025-11-27 17:44:15.466 [info] [Trace - 5:44:15 PM] Sending notification 'textDocument/didChange'.
2025-11-27 17:44:26.362 [info] [Trace - 5:44:26 PM] Sending notification 'textDocument/didChange'.
2025-11-27 17:44:27.290 [info] [Trace - 5:44:27 PM] Sending notification 'textDocument/didChange'.
2025-11-27 17:44:28.286 [info] [Trace - 5:44:28 PM] Sending notification 'textDocument/didChange'.
2025-11-27 17:44:28.758 [info] [Trace - 5:44:28 PM] Sending notification 'textDocument/didChange'.
2025-11-27 17:44:31.701 [info] [Trace - 5:44:31 PM] Sending notification 'textDocument/didChange'.
2025-11-27 17:44:32.284 [info] [Trace - 5:44:32 PM] Sending notification 'textDocument/didChange'.
2025-11-27 17:44:32.579 [info] [Trace - 5:44:32 PM] Sending notification 'textDocument/didChange'.
2025-11-27 17:44:34.030 [info] [Trace - 5:44:34 PM] Sending notification 'textDocument/didChange'.
2025-11-27 17:44:36.821 [info] [Trace - 5:44:36 PM] Sending notification 'textDocument/didChange'.
2025-11-27 17:44:37.185 [info] [Trace - 5:44:37 PM] Sending notification 'textDocument/didChange'.
2025-11-27 17:44:39.042 [info] [Trace - 5:44:39 PM] Sending notification 'textDocument/didChange'.
2025-11-27 17:44:39.421 [info] [Trace - 5:44:39 PM] Sending notification 'textDocument/didChange'.
2025-11-27 17:44:39.943 [info] [Trace - 5:44:39 PM] Sending notification 'textDocument/didChange'.
2025-11-27 17:44:40.163 [info] [Trace - 5:44:40 PM] Sending notification 'textDocument/didChange'.
2025-11-27 17:44:41.043 [info] [Trace - 5:44:41 PM] Sending notification 'textDocument/didChange'.
2025-11-27 17:44:42.871 [info] [Trace - 5:44:42 PM] Sending notification 'textDocument/didChange'.
2025-11-27 17:44:44.836 [info] [Trace - 5:44:44 PM] Sending notification 'textDocument/didChange'.
2025-11-27 17:44:47.890 [info] [Trace - 5:44:47 PM] Sending notification 'textDocument/didChange'.
2025-11-27 17:44:49.189 [info] [Trace - 5:44:49 PM] Sending notification 'textDocument/didChange'.
2025-11-27 17:44:49.332 [info] [Trace - 5:44:49 PM] Sending notification 'textDocument/didChange'.
2025-11-27 17:44:50.758 [info] [Trace - 5:44:50 PM] Sending notification 'textDocument/didChange'.
2025-11-27 17:44:51.035 [info] [Trace - 5:44:51 PM] Sending notification 'textDocument/didChange'.
2025-11-27 17:45:03.268 [info] [Trace - 5:45:03 PM] Sending notification 'textDocument/didChange'.
2025-11-27 17:45:04.305 [info] [Trace - 5:45:04 PM] Sending notification 'textDocument/didChange'.
2025-11-27 17:45:04.439 [info] [Trace - 5:45:04 PM] Sending notification 'textDocument/didChange'.
2025-11-27 17:45:04.659 [info] [Trace - 5:45:04 PM] Sending notification 'textDocument/didChange'.
2025-11-27 17:45:04.937 [info] [Trace - 5:45:04 PM] Sending notification 'textDocument/didChange'.
2025-11-27 17:45:05.098 [info] [Trace - 5:45:05 PM] Sending notification 'textDocument/didChange'.
2025-11-27 17:45:06.448 [info] [Trace - 5:45:06 PM] Sending notification 'textDocument/didChange'.
2025-11-27 17:45:06.591 [info] [Trace - 5:45:06 PM] Sending notification 'textDocument/didChange'.
2025-11-27 17:45:06.726 [info] [Trace - 5:45:06 PM] Sending notification 'textDocument/didChange'.
2025-11-27 17:45:06.860 [info] [Trace - 5:45:06 PM] Sending notification 'textDocument/didChange'.
2025-11-27 17:45:06.995 [info] [Trace - 5:45:06 PM] Sending notification 'textDocument/didChange'.
2025-11-27 17:45:07.603 [info] [Trace - 5:45:07 PM] Sending notification 'textDocument/didChange'.
2025-11-27 17:45:07.764 [info] [Trace - 5:45:07 PM] Sending notification 'textDocument/didChange'.
2025-11-27 17:45:08.007 [info] [Trace - 5:45:08 PM] Sending notification 'textDocument/didChange'.
2025-11-27 17:45:08.067 [info] [Trace - 5:45:08 PM] Sending notification 'textDocument/didChange'.
2025-11-27 17:45:08.606 [info] [Trace - 5:45:08 PM] Sending notification 'textDocument/didChange'.
2025-11-27 17:45:08.691 [info] [Trace - 5:45:08 PM] Sending notification 'textDocument/didChange'.
2025-11-27 17:45:08.826 [info] [Trace - 5:45:08 PM] Sending notification 'textDocument/didChange'.
2025-11-27 17:45:09.728 [info] [Trace - 5:45:09 PM] Sending notification 'textDocument/didChange'.
2025-11-27 17:45:09.871 [info] [Trace - 5:45:09 PM] Sending notification 'textDocument/didChange'.
2025-11-27 17:45:10.242 [info] [Trace - 5:45:10 PM] Sending notification 'textDocument/didChange'.
2025-11-27 17:45:12.192 [info] [Trace - 5:45:12 PM] Sending notification 'textDocument/didChange'.
2025-11-27 17:45:12.983 [info] [Trace - 5:45:12 PM] Sending notification 'textDocument/didChange'.
2025-11-27 17:45:13.397 [info] [Trace - 5:45:13 PM] Sending notification 'textDocument/didChange'.
2025-11-27 17:45:13.717 [info] [Trace - 5:45:13 PM] Sending notification 'textDocument/didChange'.
2025-11-27 17:45:15.034 [info] [Trace - 5:45:15 PM] Sending notification 'textDocument/didChange'.
2025-11-27 17:45:15.463 [info] [Trace - 5:45:15 PM] Sending notification 'textDocument/didChange'.
2025-11-27 17:45:16.956 [info] [Trace - 5:45:16 PM] Sending notification 'textDocument/didChange'.
2025-11-27 17:45:17.044 [info] [Trace - 5:45:17 PM] Sending notification 'textDocument/didChange'.
2025-11-27 17:45:17.233 [info] [Trace - 5:45:17 PM] Sending notification 'textDocument/didChange'.
2025-11-27 17:45:17.933 [info] [Trace - 5:45:17 PM] Sending notification 'textDocument/didChange'.
2025-11-27 17:45:18.094 [info] [Trace - 5:45:18 PM] Sending notification 'textDocument/didChange'.
2025-11-27 17:45:18.414 [info] [Trace - 5:45:18 PM] Sending notification 'textDocument/didChange'.
2025-11-27 17:45:22.296 [info] [Trace - 5:45:22 PM] Sending notification 'textDocument/didChange'.
2025-11-27 17:45:22.581 [info] [Trace - 5:45:22 PM] Sending notification 'textDocument/didChange'.
2025-11-27 17:45:23.973 [info] [Trace - 5:45:23 PM] Sending notification 'textDocument/didChange'.
2025-11-27 17:45:24.116 [info] [Trace - 5:45:24 PM] Sending notification 'textDocument/didChange'.
2025-11-27 17:45:24.419 [info] [Trace - 5:45:24 PM] Sending notification 'textDocument/didChange'.
2025-11-27 17:45:25.744 [info] [Trace - 5:45:25 PM] Sending notification 'textDocument/didChange'.
2025-11-27 17:45:26.908 [info] [Trace - 5:45:26 PM] Sending notification 'textDocument/didChange'.
2025-11-27 17:45:27.110 [info] [Trace - 5:45:27 PM] Sending notification 'textDocument/didChange'.
2025-11-27 17:45:27.287 [info] [Trace - 5:45:27 PM] Sending notification 'textDocument/didChange'.
2025-11-27 17:45:27.777 [info] [Trace - 5:45:27 PM] Sending notification 'textDocument/didChange'.
2025-11-27 17:45:28.949 [info] [Trace - 5:45:28 PM] Sending notification 'textDocument/didChange'.
2025-11-27 17:45:30.425 [info] [Trace - 5:45:30 PM] Sending notification 'textDocument/didChange'.
2025-11-27 17:45:31.057 [info] [Trace - 5:45:31 PM] Sending notification 'textDocument/didChange'.
2025-11-27 17:45:31.488 [info] [Trace - 5:45:31 PM] Sending notification 'textDocument/didChange'.
2025-11-27 17:45:32.409 [info] [Trace - 5:45:32 PM] Sending notification 'textDocument/didChange'.
2025-11-27 17:45:33.057 [info] [Trace - 5:45:33 PM] Sending notification 'textDocument/didChange'.
2025-11-27 17:45:33.268 [info] [Trace - 5:45:33 PM] Sending notification 'textDocument/didChange'.
2025-11-27 17:45:34.179 [info] [Trace - 5:45:34 PM] Sending notification 'textDocument/didChange'.
2025-11-27 17:45:34.406 [info] [Trace - 5:45:34 PM] Sending notification 'textDocument/didChange'.
2025-11-27 17:45:34.651 [info] [Trace - 5:45:34 PM] Sending notification 'textDocument/didChange'.
2025-11-27 17:45:34.962 [info] [Trace - 5:45:34 PM] Sending notification 'textDocument/didChange'.
2025-11-27 17:45:35.613 [info] [Trace - 5:45:35 PM] Sending notification 'textDocument/didChange'.
2025-11-27 17:45:35.798 [info] [Trace - 5:45:35 PM] Sending notification 'textDocument/didChange'.
2025-11-27 17:45:36.330 [info] [Trace - 5:45:36 PM] Sending notification 'textDocument/didChange'.
2025-11-27 17:45:37.704 [info] [Trace - 5:45:37 PM] Sending notification 'textDocument/didChange'.
2025-11-27 17:45:37.948 [info] [Trace - 5:45:37 PM] Sending notification 'textDocument/didChange'.
2025-11-27 17:45:38.209 [info] [Trace - 5:45:38 PM] Sending notification 'textDocument/didChange'.
2025-11-27 17:45:38.953 [info] [Trace - 5:45:38 PM] Sending notification 'textDocument/didChange'.
2025-11-27 17:45:39.179 [info] [Trace - 5:45:39 PM] Sending notification 'textDocument/didChange'.
2025-11-27 17:45:39.813 [info] [Trace - 5:45:39 PM] Sending notification 'textDocument/didChange'.
2025-11-27 17:45:39.939 [info] [Trace - 5:45:39 PM] Sending notification 'textDocument/didChange'.
2025-11-27 17:45:41.718 [info] [Trace - 5:45:41 PM] Sending notification 'textDocument/didChange'.
2025-11-27 17:45:43.043 [info] [Trace - 5:45:43 PM] Sending notification 'textDocument/didChange'.
2025-11-27 17:45:44.477 [info] [Trace - 5:45:44 PM] Sending notification 'textDocument/didChange'.
2025-11-27 17:45:44.956 [info] [Trace - 5:45:44 PM] Sending notification 'textDocument/didChange'.
2025-11-27 17:45:46.045 [info] [Trace - 5:45:46 PM] Sending notification 'textDocument/didChange'.
2025-11-27 17:45:46.557 [info] [Trace - 5:45:46 PM] Sending notification 'textDocument/didChange'.
2025-11-27 17:45:47.460 [info] [Trace - 5:45:47 PM] Sending notification 'textDocument/didChange'.
2025-11-27 17:45:49.603 [info] [Trace - 5:45:49 PM] Sending notification 'textDocument/didChange'.
2025-11-27 17:45:49.881 [info] [Trace - 5:45:49 PM] Sending notification 'textDocument/didChange'.
2025-11-27 17:45:50.066 [info] [Trace - 5:45:50 PM] Sending notification 'textDocument/didChange'.
2025-11-27 17:45:50.656 [info] [Trace - 5:45:50 PM] Sending notification 'textDocument/didChange'.
2025-11-27 17:45:51.458 [info] [Trace - 5:45:51 PM] Sending notification 'textDocument/didChange'.
2025-11-27 17:45:51.685 [info] [Trace - 5:45:51 PM] Sending notification 'textDocument/didChange'.
2025-11-27 17:45:52.098 [info] [Trace - 5:45:52 PM] Sending notification 'textDocument/didChange'.
2025-11-27 17:45:55.927 [info] [Trace - 5:45:55 PM] Sending notification 'textDocument/didChange'.
2025-11-27 17:46:02.390 [info] [Trace - 5:46:02 PM] Sending notification 'textDocument/didSave'.
2025-11-27 17:46:02.393 [info] /home/peaches/.vscode/extensions/ms-python.mypy-type-checker-2025.2.0/bundled/tool/lsp_server.py:172: DeprecationWarning: 'workspace.get_document' has been deprecated, use 'workspace.get_text_document' instead
  document = LSP_SERVER.workspace.get_document(params.text_document.uri)

2025-11-27 17:46:02.394 [info] [Trace - 5:46:02 PM] Received notification 'window/logMessage'.
2025-11-27 17:46:02.394 [info] /home/peaches/anaconda3/bin/python -m mypy --no-color-output --no-error-summary --show-absolute-path --show-column-numbers --show-error-codes --no-pretty --show-error-end /home/peaches/learmmml/mai.py
2025-11-27 17:46:02.394 [info] [Trace - 5:46:02 PM] Received notification 'window/logMessage'.
2025-11-27 17:46:02.394 [info] CWD Server: /home/peaches/learmmml
2025-11-27 17:46:15.796 [info] [Trace - 5:46:15 PM] Received notification 'window/logMessage'.
2025-11-27 17:46:15.796 [info] file:///home/peaches/learmmml/mai.py :
/home/peaches/learmmml/mai.py:4:9:4:17: error: Module has no attribute "ramdom"  [attr-defined]

2025-11-27 17:46:15.797 [info] [Trace - 5:46:15 PM] Received notification 'window/logMessage'.
2025-11-27 17:46:15.797 [info] file:///home/peaches/learmmml/mai.py :
/home/peaches/learmmml/mai.py:4:9:4:17: error: Module has no attribute "ramdom"  [attr-defined]

2025-11-27 17:46:15.797 [info] [Trace - 5:46:15 PM] Received notification 'textDocument/publishDiagnostics'.
2025-11-27 17:46:17.615 [info] [Trace - 5:46:17 PM] Sending notification 'textDocument/didChange'.
2025-11-27 17:46:18.443 [info] [Trace - 5:46:18 PM] Sending notification 'textDocument/didChange'.
2025-11-27 17:46:19.529 [info] [Trace - 5:46:19 PM] Sending notification 'textDocument/didChange'.
2025-11-27 17:46:20.120 [info] [Trace - 5:46:20 PM] Sending notification 'textDocument/didChange'.
2025-11-27 17:46:21.225 [info] [Trace - 5:46:21 PM] Sending notification 'textDocument/didChange'.
2025-11-27 17:46:21.477 [info] [Trace - 5:46:21 PM] Sending notification 'textDocument/didChange'.
2025-11-27 17:46:21.671 [info] [Trace - 5:46:21 PM] Sending notification 'textDocument/didChange'.
2025-11-27 17:46:22.306 [info] [Trace - 5:46:22 PM] Sending notification 'textDocument/didChange'.
2025-11-27 17:46:29.509 [info] [Trace - 5:46:29 PM] Sending notification 'textDocument/didSave'.
2025-11-27 17:46:29.510 [info] [Trace - 5:46:29 PM] Received notification 'window/logMessage'.
2025-11-27 17:46:29.510 [info] /home/peaches/anaconda3/bin/python -m mypy --no-color-output --no-error-summary --show-absolute-path --show-column-numbers --show-error-codes --no-pretty --show-error-end /home/peaches/learmmml/mai.py
2025-11-27 17:46:29.510 [info] [Trace - 5:46:29 PM] Received notification 'window/logMessage'.
2025-11-27 17:46:29.510 [info] CWD Server: /home/peaches/learmmml
2025-11-27 17:46:30.620 [info] [Trace - 5:46:30 PM] Received notification 'window/logMessage'.
2025-11-27 17:46:30.620 [info] file:///home/peaches/learmmml/mai.py :

2025-11-27 17:46:30.620 [info] [Trace - 5:46:30 PM] Received notification 'textDocument/publishDiagnostics'.
