2025-11-26 19:28:15.276 [info] Reading sessions from keychain...
2025-11-26 19:28:15.276 [info] Getting sessions for all scopes...
2025-11-26 19:28:15.276 [info] Got 0 sessions for ...
2025-11-26 19:28:15.276 [info] Getting sessions for all scopes...
2025-11-26 19:28:15.276 [info] Got 0 sessions for ...
2025-11-26 19:28:15.276 [info] Getting sessions for all scopes...
2025-11-26 19:28:15.276 [info] Got 0 sessions for ...
2025-11-26 19:28:15.276 [info] Getting sessions for all scopes...
2025-11-26 19:28:15.276 [info] Got 0 sessions for ...
2025-11-26 19:28:15.276 [info] Getting sessions for all scopes...
2025-11-26 19:28:15.276 [info] Got 0 sessions for ...
2025-11-26 19:28:15.276 [info] Getting sessions for all scopes...
2025-11-26 19:28:15.276 [info] Got 0 sessions for ...
2025-11-26 19:28:15.276 [info] Getting sessions for all scopes...
2025-11-26 19:28:15.276 [info] Got 0 sessions for ...
2025-11-26 19:28:15.276 [info] Getting sessions for all scopes...
2025-11-26 19:28:15.276 [info] Got 0 sessions for ...
2025-11-26 19:28:15.276 [info] Getting sessions for all scopes...
2025-11-26 19:28:15.276 [info] Got 0 sessions for ...
2025-11-26 19:28:15.306 [info] Getting sessions for all scopes...
2025-11-26 19:28:15.306 [info] Got 0 sessions for ...
2025-11-26 19:28:15.306 [info] Getting sessions for all scopes...
2025-11-26 19:28:15.306 [info] Got 0 sessions for ...
2025-11-26 19:28:15.306 [info] Getting sessions for all scopes...
2025-11-26 19:28:15.306 [info] Got 0 sessions for ...
2025-11-26 19:28:15.306 [info] Getting sessions for all scopes...
2025-11-26 19:28:15.306 [info] Got 0 sessions for ...
2025-11-26 19:28:15.306 [info] Getting sessions for all scopes...
2025-11-26 19:28:15.306 [info] Got 0 sessions for ...
2025-11-26 19:28:15.306 [info] Getting sessions for all scopes...
2025-11-26 19:28:15.306 [info] Got 0 sessions for ...
2025-11-26 19:28:17.265 [info] Getting sessions for all scopes...
2025-11-26 19:28:17.265 [info] Got 0 sessions for ...
2025-11-26 19:28:24.359 [info] Getting sessions for user:email...
2025-11-26 19:28:24.359 [info] Got 0 sessions for user:email...
