2025-11-27 17:26:04.785 [info] Reading sessions from keychain...
2025-11-27 17:26:04.785 [info] Getting sessions for all scopes...
2025-11-27 17:26:04.817 [info] Got 0 sessions for ...
2025-11-27 17:26:04.817 [info] Getting sessions for all scopes...
2025-11-27 17:26:04.817 [info] Got 0 sessions for ...
2025-11-27 17:26:04.817 [info] Getting sessions for all scopes...
2025-11-27 17:26:04.817 [info] Got 0 sessions for ...
2025-11-27 17:26:04.817 [info] Getting sessions for all scopes...
2025-11-27 17:26:04.817 [info] Got 0 sessions for ...
2025-11-27 17:26:04.817 [info] Getting sessions for all scopes...
2025-11-27 17:26:04.817 [info] Got 0 sessions for ...
2025-11-27 17:26:04.817 [info] Getting sessions for all scopes...
2025-11-27 17:26:04.817 [info] Got 0 sessions for ...
2025-11-27 17:26:04.817 [info] Getting sessions for all scopes...
2025-11-27 17:26:04.817 [info] Got 0 sessions for ...
2025-11-27 17:26:04.818 [info] Getting sessions for all scopes...
2025-11-27 17:26:04.818 [info] Got 0 sessions for ...
2025-11-27 17:26:04.835 [info] Getting sessions for all scopes...
2025-11-27 17:26:04.835 [info] Got 0 sessions for ...
2025-11-27 17:26:04.835 [info] Getting sessions for all scopes...
2025-11-27 17:26:04.835 [info] Got 0 sessions for ...
2025-11-27 17:26:04.835 [info] Getting sessions for all scopes...
2025-11-27 17:26:04.835 [info] Got 0 sessions for ...
2025-11-27 17:26:04.835 [info] Getting sessions for all scopes...
2025-11-27 17:26:04.835 [info] Got 0 sessions for ...
2025-11-27 17:26:04.835 [info] Getting sessions for all scopes...
2025-11-27 17:26:04.835 [info] Got 0 sessions for ...
2025-11-27 17:26:04.835 [info] Getting sessions for all scopes...
2025-11-27 17:26:04.835 [info] Got 0 sessions for ...
2025-11-27 17:26:04.990 [info] Getting sessions for all scopes...
2025-11-27 17:26:04.990 [info] Got 0 sessions for ...
2025-11-27 17:26:06.888 [info] Getting sessions for all scopes...
2025-11-27 17:26:06.888 [info] Got 0 sessions for ...
2025-11-27 17:26:15.266 [info] Getting sessions for user:email...
2025-11-27 17:26:15.266 [info] Got 0 sessions for user:email...
2025-11-27 17:30:13.482 [info] Getting sessions for all scopes...
2025-11-27 17:30:13.482 [info] Got 0 sessions for ...
2025-11-27 17:30:13.482 [info] Getting sessions for all scopes...
2025-11-27 17:30:13.482 [info] Got 0 sessions for ...
2025-11-27 17:30:13.846 [info] Getting sessions for all scopes...
2025-11-27 17:30:13.846 [info] Got 0 sessions for ...
2025-11-27 17:30:13.846 [info] Getting sessions for all scopes...
2025-11-27 17:30:13.846 [info] Got 0 sessions for ...
2025-11-27 17:30:16.727 [info] Getting sessions for all scopes...
2025-11-27 17:30:16.727 [info] Got 0 sessions for ...
2025-11-27 17:30:16.727 [info] Getting sessions for all scopes...
2025-11-27 17:30:16.727 [info] Got 0 sessions for ...
2025-11-27 17:30:16.843 [info] Getting sessions for user:email...
2025-11-27 17:30:16.843 [info] Got 0 sessions for user:email...
2025-11-27 17:30:17.002 [info] Getting sessions for read:user,repo,user:email,workflow...
2025-11-27 17:30:17.002 [info] Got 0 sessions for read:user,repo,user:email,workflow...
2025-11-27 17:30:17.006 [info] Getting sessions for all scopes...
2025-11-27 17:30:17.006 [info] Got 0 sessions for ...
2025-11-27 17:30:17.030 [info] Getting sessions for all scopes...
2025-11-27 17:30:17.030 [info] Got 0 sessions for ...
2025-11-27 17:30:17.030 [info] Getting sessions for read:user,repo,user:email,workflow...
2025-11-27 17:30:17.030 [info] Got 0 sessions for read:user,repo,user:email,workflow...
2025-11-27 17:30:17.061 [info] Getting sessions for read:user...
2025-11-27 17:30:17.061 [info] Got 0 sessions for read:user...
2025-11-27 17:30:17.070 [info] Getting sessions for user:email...
2025-11-27 17:30:17.070 [info] Got 0 sessions for user:email...
2025-11-27 17:30:17.146 [info] Getting sessions for all scopes...
2025-11-27 17:30:17.146 [info] Got 0 sessions for ...
2025-11-27 17:30:17.146 [info] Getting sessions for all scopes...
2025-11-27 17:30:17.146 [info] Got 0 sessions for ...
2025-11-27 17:30:17.146 [info] Getting sessions for all scopes...
2025-11-27 17:30:17.146 [info] Got 0 sessions for ...
2025-11-27 17:30:17.148 [info] Getting sessions for user:email...
2025-11-27 17:30:17.148 [info] Got 0 sessions for user:email...
2025-11-27 17:30:17.148 [info] Getting sessions for read:user,repo,user:email,workflow...
2025-11-27 17:30:17.148 [info] Got 0 sessions for read:user,repo,user:email,workflow...
2025-11-27 17:30:17.473 [info] Getting sessions for all scopes...
2025-11-27 17:30:17.474 [info] Got 0 sessions for ...
2025-11-27 17:30:17.474 [info] Getting sessions for all scopes...
2025-11-27 17:30:17.474 [info] Got 0 sessions for ...
2025-11-27 17:30:17.477 [info] Getting sessions for all scopes...
2025-11-27 17:30:17.477 [info] Got 0 sessions for ...
2025-11-27 17:30:17.482 [info] Getting sessions for user:email...
2025-11-27 17:30:17.482 [info] Got 0 sessions for user:email...
2025-11-27 17:30:17.482 [info] Getting sessions for read:user,repo,user:email,workflow...
2025-11-27 17:30:17.482 [info] Got 0 sessions for read:user,repo,user:email,workflow...
2025-11-27 17:30:17.489 [info] Getting sessions for all scopes...
2025-11-27 17:30:17.489 [info] Got 0 sessions for ...
2025-11-27 17:30:17.505 [info] Getting sessions for user:email...
2025-11-27 17:30:17.505 [info] Got 0 sessions for user:email...
2025-11-27 17:30:17.606 [info] Getting sessions for all scopes...
2025-11-27 17:30:17.606 [info] Got 0 sessions for ...
2025-11-27 17:30:17.625 [info] Getting sessions for all scopes...
2025-11-27 17:30:17.625 [info] Got 0 sessions for ...
2025-11-27 17:30:17.625 [info] Getting sessions for all scopes...
2025-11-27 17:30:17.625 [info] Got 0 sessions for ...
2025-11-27 17:30:17.909 [info] Getting sessions for read:user,repo,user:email,workflow...
2025-11-27 17:30:17.909 [info] Got 0 sessions for read:user,repo,user:email,workflow...
