2025-11-27 17:26:15.305 [info] [getSessions] [all] starting
2025-11-27 17:26:15.306 [info] [getSessions] [all] returned 0 session(s)
2025-11-27 17:26:15.306 [info] [getSessions] [all] starting
2025-11-27 17:26:15.306 [info] [getSessions] [all] returned 0 session(s)
2025-11-27 17:26:15.306 [info] [getSessions] [all] starting
2025-11-27 17:26:15.306 [info] [getSessions] [all] returned 0 session(s)
2025-11-27 17:26:15.306 [info] [getSessions] [email offline_access openid profile] starting
2025-11-27 17:26:15.306 [info] [aebc6443-996d-45c2-90f0-388ff96faa56] Native Broker is only available on Windows and macOS
2025-11-27 17:26:19.026 [info] [getSessions] [email offline_access openid profile] returned 0 session(s)
2025-11-27 17:26:21.182 [info] [createSession] [email offline_access openid profile] starting
2025-11-27 17:26:21.186 [info] Trying default msal flow...
2025-11-27 17:27:02.261 [info] [createSession] [email offline_access openid profile] returned session
2025-11-27 17:27:02.265 [info] [getSessions] [email offline_access openid profile] starting
2025-11-27 17:27:02.268 [info] [getSessions] [email offline_access openid profile] returned 1 session(s)
2025-11-27 17:30:13.701 [info] [getSessions] [email offline_access openid profile] starting
2025-11-27 17:30:16.182 [info] [getSessions] [email offline_access openid profile] returned 1 session(s)
2025-11-27 17:30:16.182 [info] [getSessions] [email offline_access openid profile] starting
2025-11-27 17:30:16.582 [info] [getSessions] [email offline_access openid profile] returned 1 session(s)
2025-11-27 17:30:16.727 [info] [getSessions] [499b84ac-1321-427f-aa17-267ca6975798/.default offline_access] starting
2025-11-27 17:30:17.413 [info] [getSessions] [499b84ac-1321-427f-aa17-267ca6975798/.default offline_access] returned 1 session(s)
2025-11-27 17:30:17.422 [info] [getSessions] [email offline_access openid profile] starting
2025-11-27 17:30:17.482 [info] [getSessions] [email offline_access openid profile] returned 1 session(s)
