(VSCode) 2025-11-27 17:52:38.457 [INFO]: No proxy settings found
(VSCode) 2025-11-27 17:52:40.129 [INFO]: Checking network connection...
(VSCode) 2025-11-27 17:52:40.194 [INFO]: Creating manager directory: /tmp/7d624dbc-8cbc-4c03-bf5e-4f19869a4eb0/codeium/manager
(VSCode) 2025-11-27 17:52:40.628 [INFO]: Using cached LS with valid crc32: /home/peaches/.vscode/extensions/codeium.codeium-1.48.2/dist/e03af6ebc40b844314d448f947c80b636d093049/language_server_linux_x64
(VSCode) 2025-11-27 17:52:40.634 [INFO]: Language server started
2025/11/27 17:52:40 maxprocs: Leaving GOMAXPROCS=16: CPU quota undefined
I1127 17:52:40.757452 71442 main.go:604] [Language Server Manager] Setting GOMAXPROCS to 4
I1127 17:52:40.757568 71442 main.go:750] [Language Server Manager] Release 1.48.2 (e03af6ebc40b844314d448f947c80b636d093049)
I1127 17:52:40.757590 71442 main.go:829] [Language Server Manager] Starting language server manager with pid 71442
I1127 17:52:40.757658 71442 main.go:138] [Language Server Manager] Manager acquired its lock file /tmp/7d624dbc-8cbc-4c03-bf5e-4f19869a4eb0/codeium/manager/locks/manager.lock
I1127 17:52:40.758072 71442 main.go:283] [Language Server Manager] Waiting for random port file in /tmp/7d624dbc-8cbc-4c03-bf5e-4f19869a4eb0/codeium/manager/child_random_port_1764246160757728663_205680646038401206 to be created
2025/11/27 17:52:40 maxprocs: Leaving GOMAXPROCS=16: CPU quota undefined
I1127 17:52:40.893985 71459 main.go:604] Setting GOMAXPROCS to 4
I1127 17:52:40.894148 71459 main.go:823] Starting language server process with pid 71459
I1127 17:52:40.894171 71459 server.go:296] Language server will attempt to listen on host 127.0.0.1
I1127 17:52:40.894336 71459 server.go:303] Language server listening on random port at 39295
(VSCode) 2025-11-27 17:52:41.064 [INFO]: No Network Issue connecting to https://server.codeium.com/healthz
I1127 17:52:42.639332 71459 web_server.go:256] Chat Web Server listening at ws://127.0.0.1:33323
I1127 17:52:42.776358 71459 server.go:955] Local search is enabled, will index local files.
I1127 17:52:42.776374 71459 server.go:959] Using 4 indexer workers
I1127 17:52:43.645911 71459 server.go:1196] Child process attempting to acquire lock file /tmp/7d624dbc-8cbc-4c03-bf5e-4f19869a4eb0/codeium/manager/locks/child_lock_1764246160757754501_4473431356185519633
I1127 17:52:43.645965 71459 server.go:1204] Child process acquired lock file /tmp/7d624dbc-8cbc-4c03-bf5e-4f19869a4eb0/codeium/manager/locks/child_lock_1764246160757754501_4473431356185519633
39561
I1127 17:52:43.666157 71442 main.go:319] [Language Server Manager] Found random server port 39295
I1127 17:52:43.666197 71442 main.go:320] [Language Server Manager] Found random lsp port 39561
I1127 17:52:43.666212 71442 main.go:327] [Language Server Manager] Attempting to connect to language server at 127.0.0.1:39295
I1127 17:52:43.677440 71442 main.go:192] [Language Server Manager] Fixing language server port at 39295
I1127 17:52:43.677458 71442 main.go:381] [Language Server Manager] Successfully connected to new language server at 127.0.0.1:39295
(VSCode) 2025-11-27 17:52:43.738 [INFO]: Found language server running on port 39295
(VSCode) 2025-11-27 17:52:43.889 [INFO]: openAllTextDocuments took 2.663720999999896ms
BEWARE: your OS is not officially supported by Playwright; downloading fallback build for ubuntu20.04-x64.
(VSCode) 2025-11-27 17:52:43.945 [ERROR]: Invalid LSP port: BEWARE: your OS is not officially supported by Playwright; downloading fallback build for ubuntu20.04-x64.

BEWARE: your OS is not officially supported by Playwright; downloading fallback build for ubuntu20.04-x64.
BEWARE: your OS is not officially supported by Playwright; downloading fallback build for ubuntu20.04-x64.
(VSCode) 2025-11-27 17:52:43.945 [ERROR]: Invalid LSP port: BEWARE: your OS is not officially supported by Playwright; downloading fallback build for ubuntu20.04-x64.
BEWARE: your OS is not officially supported by Playwright; downloading fallback build for ubuntu20.04-x64.

(VSCode) 2025-11-27 17:52:59.695 [WARN]: User not logged in
(VSCode) 2025-11-27 17:53:00.710 [WARN]: User not logged in
(VSCode) 2025-11-27 17:53:00.847 [WARN]: User not logged in
(VSCode) 2025-11-27 17:53:00.935 [WARN]: User not logged in
(VSCode) 2025-11-27 17:53:01.343 [WARN]: User not logged in
(VSCode) 2025-11-27 17:53:01.726 [WARN]: User not logged in
(VSCode) 2025-11-27 17:53:02.102 [WARN]: User not logged in
(VSCode) 2025-11-27 17:53:02.523 [WARN]: User not logged in
(VSCode) 2025-11-27 17:53:02.767 [WARN]: User not logged in
(VSCode) 2025-11-27 17:53:03.037 [WARN]: User not logged in
(VSCode) 2025-11-27 17:53:03.753 [WARN]: User not logged in
(VSCode) 2025-11-27 17:53:04.065 [WARN]: User not logged in
(VSCode) 2025-11-27 17:53:05.089 [WARN]: User not logged in
(VSCode) 2025-11-27 17:53:05.354 [WARN]: User not logged in
(VSCode) 2025-11-27 17:53:05.839 [WARN]: User not logged in
(VSCode) 2025-11-27 17:53:06.833 [WARN]: User not logged in
(VSCode) 2025-11-27 17:53:34.681 [WARN]: User not logged in
(VSCode) 2025-11-27 17:53:35.529 [WARN]: User not logged in
(VSCode) 2025-11-27 17:53:35.973 [WARN]: User not logged in
(VSCode) 2025-11-27 17:53:37.038 [WARN]: User not logged in
(VSCode) 2025-11-27 17:53:38.421 [WARN]: User not logged in
(VSCode) 2025-11-27 17:54:25.951 [WARN]: User not logged in
(VSCode) 2025-11-27 17:54:26.083 [WARN]: User not logged in
(VSCode) 2025-11-27 17:54:29.369 [WARN]: User not logged in
(VSCode) 2025-11-27 17:54:31.329 [WARN]: User not logged in
(VSCode) 2025-11-27 17:54:31.928 [WARN]: User not logged in
(VSCode) 2025-11-27 17:54:32.232 [WARN]: User not logged in
(VSCode) 2025-11-27 17:54:32.882 [WARN]: User not logged in
(VSCode) 2025-11-27 17:54:32.992 [WARN]: User not logged in
(VSCode) 2025-11-27 17:54:35.417 [WARN]: User not logged in
(VSCode) 2025-11-27 17:54:35.683 [WARN]: User not logged in
(VSCode) 2025-11-27 17:54:36.275 [WARN]: User not logged in
(VSCode) 2025-11-27 17:54:36.330 [WARN]: User not logged in
(VSCode) 2025-11-27 17:54:36.564 [WARN]: User not logged in
(VSCode) 2025-11-27 17:54:37.457 [WARN]: User not logged in
(VSCode) 2025-11-27 17:54:43.946 [WARN]: User not logged in
(VSCode) 2025-11-27 17:54:47.556 [WARN]: User not logged in
(VSCode) 2025-11-27 17:54:47.823 [WARN]: User not logged in
(VSCode) 2025-11-27 17:54:48.267 [WARN]: User not logged in
(VSCode) 2025-11-27 17:54:48.557 [WARN]: User not logged in
(VSCode) 2025-11-27 17:54:48.761 [WARN]: User not logged in
(VSCode) 2025-11-27 17:54:49.727 [WARN]: User not logged in
(VSCode) 2025-11-27 17:54:50.460 [WARN]: User not logged in
(VSCode) 2025-11-27 17:54:51.580 [WARN]: User not logged in
(VSCode) 2025-11-27 17:54:55.325 [WARN]: User not logged in
(VSCode) 2025-11-27 17:54:55.567 [WARN]: User not logged in
(VSCode) 2025-11-27 17:54:56.572 [WARN]: User not logged in
(VSCode) 2025-11-27 17:54:56.825 [WARN]: User not logged in
(VSCode) 2025-11-27 17:54:57.086 [WARN]: User not logged in
(VSCode) 2025-11-27 17:54:59.246 [WARN]: User not logged in
(VSCode) 2025-11-27 17:54:59.829 [WARN]: User not logged in
(VSCode) 2025-11-27 17:55:05.221 [WARN]: User not logged in
(VSCode) 2025-11-27 17:55:06.530 [WARN]: User not logged in
(VSCode) 2025-11-27 17:55:07.036 [WARN]: User not logged in
(VSCode) 2025-11-27 17:55:09.492 [WARN]: User not logged in
(VSCode) 2025-11-27 17:55:11.493 [WARN]: User not logged in
(VSCode) 2025-11-27 17:55:11.745 [WARN]: User not logged in
(VSCode) 2025-11-27 17:55:12.525 [WARN]: User not logged in
(VSCode) 2025-11-27 17:55:12.974 [WARN]: User not logged in
(VSCode) 2025-11-27 17:55:13.572 [WARN]: User not logged in
(VSCode) 2025-11-27 17:55:14.964 [WARN]: User not logged in
(VSCode) 2025-11-27 17:55:16.381 [WARN]: User not logged in
(VSCode) 2025-11-27 17:55:16.845 [WARN]: User not logged in
(VSCode) 2025-11-27 17:55:17.207 [WARN]: User not logged in
(VSCode) 2025-11-27 17:55:17.546 [WARN]: User not logged in
(VSCode) 2025-11-27 17:55:17.873 [WARN]: User not logged in
(VSCode) 2025-11-27 17:55:18.566 [WARN]: User not logged in
(VSCode) 2025-11-27 17:55:18.701 [WARN]: User not logged in
(VSCode) 2025-11-27 17:55:21.413 [WARN]: User not logged in
(VSCode) 2025-11-27 17:55:21.730 [WARN]: User not logged in
(VSCode) 2025-11-27 17:55:22.277 [WARN]: User not logged in
(VSCode) 2025-11-27 17:55:22.493 [WARN]: User not logged in
(VSCode) 2025-11-27 17:55:22.719 [WARN]: User not logged in
(VSCode) 2025-11-27 17:55:25.603 [WARN]: User not logged in
(VSCode) 2025-11-27 17:55:25.821 [WARN]: User not logged in
(VSCode) 2025-11-27 17:55:26.066 [WARN]: User not logged in
(VSCode) 2025-11-27 17:55:26.825 [WARN]: User not logged in
(VSCode) 2025-11-27 17:55:43.962 [WARN]: User not logged in
(VSCode) 2025-11-27 17:55:44.581 [WARN]: User not logged in
(VSCode) 2025-11-27 17:55:44.908 [WARN]: User not logged in
(VSCode) 2025-11-27 17:55:45.363 [WARN]: User not logged in
(VSCode) 2025-11-27 17:55:47.748 [WARN]: User not logged in
(VSCode) 2025-11-27 17:55:50.776 [WARN]: User not logged in
(VSCode) 2025-11-27 17:55:51.855 [WARN]: User not logged in
(VSCode) 2025-11-27 17:55:52.281 [WARN]: User not logged in
(VSCode) 2025-11-27 17:55:56.085 [WARN]: User not logged in
(VSCode) 2025-11-27 17:55:57.011 [WARN]: User not logged in
(VSCode) 2025-11-27 17:55:59.425 [WARN]: User not logged in
(VSCode) 2025-11-27 17:56:03.120 [WARN]: User not logged in
(VSCode) 2025-11-27 17:56:03.343 [WARN]: User not logged in
(VSCode) 2025-11-27 17:56:03.737 [WARN]: User not logged in
(VSCode) 2025-11-27 17:56:08.455 [WARN]: User not logged in
(VSCode) 2025-11-27 17:56:10.468 [WARN]: User not logged in
(VSCode) 2025-11-27 17:56:11.201 [WARN]: User not logged in
(VSCode) 2025-11-27 17:56:11.819 [WARN]: User not logged in
(VSCode) 2025-11-27 17:56:18.400 [WARN]: User not logged in
(VSCode) 2025-11-27 17:56:19.148 [WARN]: User not logged in
(VSCode) 2025-11-27 17:56:19.328 [WARN]: User not logged in
(VSCode) 2025-11-27 17:56:19.632 [WARN]: User not logged in
(VSCode) 2025-11-27 17:56:22.078 [WARN]: User not logged in
(VSCode) 2025-11-27 17:56:23.810 [WARN]: User not logged in
(VSCode) 2025-11-27 17:56:24.918 [WARN]: User not logged in
(VSCode) 2025-11-27 17:56:26.135 [WARN]: User not logged in
(VSCode) 2025-11-27 17:56:27.467 [WARN]: User not logged in
(VSCode) 2025-11-27 17:56:28.286 [WARN]: User not logged in
(VSCode) 2025-11-27 17:56:40.661 [WARN]: User not logged in
(VSCode) 2025-11-27 17:56:42.393 [WARN]: User not logged in
(VSCode) 2025-11-27 17:56:47.183 [WARN]: User not logged in
(VSCode) 2025-11-27 17:56:47.235 [WARN]: User not logged in
(VSCode) 2025-11-27 17:56:47.529 [WARN]: User not logged in
(VSCode) 2025-11-27 17:56:47.827 [WARN]: User not logged in
(VSCode) 2025-11-27 17:56:48.185 [WARN]: User not logged in
(VSCode) 2025-11-27 17:56:49.070 [WARN]: User not logged in
(VSCode) 2025-11-27 17:56:50.706 [WARN]: User not logged in
(VSCode) 2025-11-27 17:56:51.700 [WARN]: User not logged in
(VSCode) 2025-11-27 17:56:53.698 [WARN]: User not logged in
(VSCode) 2025-11-27 17:56:56.872 [WARN]: User not logged in
(VSCode) 2025-11-27 17:56:57.233 [WARN]: User not logged in
(VSCode) 2025-11-27 17:57:22.369 [WARN]: User not logged in
(VSCode) 2025-11-27 18:01:25.730 [WARN]: User not logged in
(VSCode) 2025-11-27 18:01:25.853 [WARN]: User not logged in
(VSCode) 2025-11-27 18:01:26.047 [WARN]: User not logged in
(VSCode) 2025-11-27 18:01:26.578 [WARN]: User not logged in
(VSCode) 2025-11-27 18:01:27.279 [WARN]: User not logged in
(VSCode) 2025-11-27 18:01:27.609 [WARN]: User not logged in
(VSCode) 2025-11-27 18:01:28.216 [WARN]: User not logged in
(VSCode) 2025-11-27 18:01:58.454 [WARN]: User not logged in
(VSCode) 2025-11-27 18:01:58.833 [WARN]: User not logged in
(VSCode) 2025-11-27 18:01:59.250 [WARN]: User not logged in
(VSCode) 2025-11-27 18:01:59.783 [WARN]: User not logged in
(VSCode) 2025-11-27 18:02:00.162 [WARN]: User not logged in
(VSCode) 2025-11-27 18:02:00.661 [WARN]: User not logged in
(VSCode) 2025-11-27 18:02:00.991 [WARN]: User not logged in
(VSCode) 2025-11-27 18:02:01.571 [WARN]: User not logged in
(VSCode) 2025-11-27 18:02:01.690 [WARN]: User not logged in
(VSCode) 2025-11-27 18:02:03.244 [WARN]: User not logged in
(VSCode) 2025-11-27 18:02:03.571 [WARN]: User not logged in
(VSCode) 2025-11-27 18:02:03.712 [WARN]: User not logged in
(VSCode) 2025-11-27 18:02:03.995 [WARN]: User not logged in
(VSCode) 2025-11-27 18:02:04.264 [WARN]: User not logged in
(VSCode) 2025-11-27 18:02:04.616 [WARN]: User not logged in
(VSCode) 2025-11-27 18:02:04.737 [WARN]: User not logged in
(VSCode) 2025-11-27 18:02:05.049 [WARN]: User not logged in
(VSCode) 2025-11-27 18:02:07.353 [WARN]: User not logged in
(VSCode) 2025-11-27 18:02:09.470 [WARN]: User not logged in
(VSCode) 2025-11-27 18:02:09.958 [WARN]: User not logged in
(VSCode) 2025-11-27 18:02:13.585 [WARN]: User not logged in
(VSCode) 2025-11-27 18:02:15.179 [WARN]: User not logged in
(VSCode) 2025-11-27 18:02:16.082 [WARN]: User not logged in
(VSCode) 2025-11-27 18:02:17.667 [WARN]: User not logged in
(VSCode) 2025-11-27 18:02:19.755 [WARN]: User not logged in
(VSCode) 2025-11-27 18:02:22.055 [WARN]: User not logged in
(VSCode) 2025-11-27 18:02:22.376 [WARN]: User not logged in
(VSCode) 2025-11-27 18:02:24.025 [WARN]: User not logged in
(VSCode) 2025-11-27 18:02:25.107 [WARN]: User not logged in
(VSCode) 2025-11-27 18:02:25.540 [WARN]: User not logged in
(VSCode) 2025-11-27 18:02:26.677 [WARN]: User not logged in
(VSCode) 2025-11-27 18:02:27.243 [WARN]: User not logged in
(VSCode) 2025-11-27 18:02:27.741 [WARN]: User not logged in
(VSCode) 2025-11-27 18:02:28.779 [WARN]: User not logged in
(VSCode) 2025-11-27 18:02:29.344 [WARN]: User not logged in
(VSCode) 2025-11-27 18:02:35.248 [WARN]: User not logged in
(VSCode) 2025-11-27 18:02:35.484 [WARN]: User not logged in
(VSCode) 2025-11-27 18:02:35.599 [WARN]: User not logged in
(VSCode) 2025-11-27 18:02:37.249 [WARN]: User not logged in
(VSCode) 2025-11-27 18:02:37.500 [WARN]: User not logged in
(VSCode) 2025-11-27 18:02:37.678 [WARN]: User not logged in
(VSCode) 2025-11-27 18:02:38.479 [WARN]: User not logged in
(VSCode) 2025-11-27 18:02:41.805 [WARN]: User not logged in
(VSCode) 2025-11-27 18:02:45.671 [WARN]: User not logged in
(VSCode) 2025-11-27 18:02:45.834 [WARN]: User not logged in
(VSCode) 2025-11-27 18:02:46.080 [WARN]: User not logged in
(VSCode) 2025-11-27 18:02:46.562 [WARN]: User not logged in
(VSCode) 2025-11-27 18:02:46.647 [WARN]: User not logged in
(VSCode) 2025-11-27 18:02:46.771 [WARN]: User not logged in
(VSCode) 2025-11-27 18:02:47.093 [WARN]: User not logged in
(VSCode) 2025-11-27 18:02:47.811 [WARN]: User not logged in
(VSCode) 2025-11-27 18:02:51.424 [WARN]: User not logged in
(VSCode) 2025-11-27 18:02:54.323 [WARN]: User not logged in
(VSCode) 2025-11-27 18:02:54.905 [WARN]: User not logged in
(VSCode) 2025-11-27 18:02:55.378 [WARN]: User not logged in
(VSCode) 2025-11-27 18:02:55.540 [WARN]: User not logged in
(VSCode) 2025-11-27 18:03:01.942 [WARN]: User not logged in
(VSCode) 2025-11-27 18:03:02.276 [WARN]: User not logged in
(VSCode) 2025-11-27 18:03:02.660 [WARN]: User not logged in
(VSCode) 2025-11-27 18:03:03.422 [WARN]: User not logged in
(VSCode) 2025-11-27 18:03:03.590 [WARN]: User not logged in
(VSCode) 2025-11-27 18:03:04.032 [WARN]: User not logged in
(VSCode) 2025-11-27 18:03:07.333 [WARN]: User not logged in
(VSCode) 2025-11-27 18:03:08.712 [WARN]: User not logged in
(VSCode) 2025-11-27 18:03:09.041 [WARN]: User not logged in
(VSCode) 2025-11-27 18:03:09.661 [WARN]: User not logged in
(VSCode) 2025-11-27 18:03:10.162 [WARN]: User not logged in
(VSCode) 2025-11-27 18:03:10.660 [WARN]: User not logged in
(VSCode) 2025-11-27 18:03:10.761 [WARN]: User not logged in
(VSCode) 2025-11-27 18:03:11.530 [WARN]: User not logged in
(VSCode) 2025-11-27 18:03:11.765 [WARN]: User not logged in
(VSCode) 2025-11-27 18:03:12.095 [WARN]: User not logged in
(VSCode) 2025-11-27 18:03:12.423 [WARN]: User not logged in
(VSCode) 2025-11-27 18:03:13.056 [WARN]: User not logged in
(VSCode) 2025-11-27 18:03:14.288 [WARN]: User not logged in
(VSCode) 2025-11-27 18:03:14.558 [WARN]: User not logged in
(VSCode) 2025-11-27 18:03:15.628 [WARN]: User not logged in
(VSCode) 2025-11-27 18:03:15.961 [WARN]: User not logged in
(VSCode) 2025-11-27 18:03:16.590 [WARN]: User not logged in
(VSCode) 2025-11-27 18:03:16.844 [WARN]: User not logged in
(VSCode) 2025-11-27 18:03:17.046 [WARN]: User not logged in
(VSCode) 2025-11-27 18:03:17.953 [WARN]: User not logged in
(VSCode) 2025-11-27 18:03:19.182 [WARN]: User not logged in
(VSCode) 2025-11-27 18:03:19.638 [WARN]: User not logged in
(VSCode) 2025-11-27 18:03:20.007 [WARN]: User not logged in
(VSCode) 2025-11-27 18:03:20.068 [WARN]: User not logged in
(VSCode) 2025-11-27 18:03:20.347 [WARN]: User not logged in
(VSCode) 2025-11-27 18:03:21.382 [WARN]: User not logged in
(VSCode) 2025-11-27 18:03:22.121 [WARN]: User not logged in
(VSCode) 2025-11-27 18:03:24.052 [WARN]: User not logged in
(VSCode) 2025-11-27 18:03:24.212 [WARN]: User not logged in
(VSCode) 2025-11-27 18:03:24.488 [WARN]: User not logged in
(VSCode) 2025-11-27 18:03:24.820 [WARN]: User not logged in
(VSCode) 2025-11-27 18:03:25.883 [WARN]: User not logged in
(VSCode) 2025-11-27 18:03:27.523 [WARN]: User not logged in
(VSCode) 2025-11-27 18:03:28.549 [WARN]: User not logged in
(VSCode) 2025-11-27 18:03:28.870 [WARN]: User not logged in
(VSCode) 2025-11-27 18:03:29.635 [WARN]: User not logged in
(VSCode) 2025-11-27 18:03:29.881 [WARN]: User not logged in
(VSCode) 2025-11-27 18:03:30.162 [WARN]: User not logged in
(VSCode) 2025-11-27 18:03:47.002 [WARN]: User not logged in
(VSCode) 2025-11-27 18:18:30.539 [WARN]: User not logged in
(VSCode) 2025-11-27 18:18:38.799 [WARN]: User not logged in
(VSCode) 2025-11-27 18:18:42.476 [WARN]: User not logged in
(VSCode) 2025-11-27 18:18:53.543 [WARN]: User not logged in
(VSCode) 2025-11-27 18:19:01.188 [WARN]: User not logged in
(VSCode) 2025-11-27 18:19:02.712 [WARN]: User not logged in
(VSCode) 2025-11-27 18:19:02.981 [WARN]: User not logged in
(VSCode) 2025-11-27 18:19:03.089 [WARN]: User not logged in
(VSCode) 2025-11-27 18:19:03.242 [WARN]: User not logged in
(VSCode) 2025-11-27 18:19:03.431 [WARN]: User not logged in
(VSCode) 2025-11-27 18:19:03.639 [WARN]: User not logged in
(VSCode) 2025-11-27 18:19:04.567 [WARN]: User not logged in
(VSCode) 2025-11-27 18:19:04.776 [WARN]: User not logged in
(VSCode) 2025-11-27 18:19:04.980 [WARN]: User not logged in
(VSCode) 2025-11-27 18:19:05.160 [WARN]: User not logged in
(VSCode) 2025-11-27 18:19:05.283 [WARN]: User not logged in
(VSCode) 2025-11-27 18:19:06.026 [WARN]: User not logged in
(VSCode) 2025-11-27 18:19:07.452 [WARN]: User not logged in
(VSCode) 2025-11-27 18:19:07.653 [WARN]: User not logged in
(VSCode) 2025-11-27 18:19:08.080 [WARN]: User not logged in
(VSCode) 2025-11-27 18:19:10.057 [WARN]: User not logged in
(VSCode) 2025-11-27 18:19:10.235 [WARN]: User not logged in
(VSCode) 2025-11-27 18:19:12.047 [WARN]: User not logged in
(VSCode) 2025-11-27 18:19:12.299 [WARN]: User not logged in
(VSCode) 2025-11-27 18:19:12.460 [WARN]: User not logged in
(VSCode) 2025-11-27 18:19:12.575 [WARN]: User not logged in
(VSCode) 2025-11-27 18:19:13.929 [WARN]: User not logged in
(VSCode) 2025-11-27 18:19:14.182 [WARN]: User not logged in
(VSCode) 2025-11-27 18:19:14.580 [WARN]: User not logged in
(VSCode) 2025-11-27 18:19:14.646 [WARN]: User not logged in
(VSCode) 2025-11-27 18:19:15.523 [WARN]: User not logged in
(VSCode) 2025-11-27 18:19:15.817 [WARN]: User not logged in
(VSCode) 2025-11-27 18:19:15.929 [WARN]: User not logged in
(VSCode) 2025-11-27 18:19:16.103 [WARN]: User not logged in
(VSCode) 2025-11-27 18:19:17.157 [WARN]: User not logged in
(VSCode) 2025-11-27 18:19:17.326 [WARN]: User not logged in
(VSCode) 2025-11-27 18:19:17.469 [WARN]: User not logged in
(VSCode) 2025-11-27 18:19:17.588 [WARN]: User not logged in
(VSCode) 2025-11-27 18:19:17.841 [WARN]: User not logged in
(VSCode) 2025-11-27 18:19:19.214 [WARN]: User not logged in
(VSCode) 2025-11-27 18:19:19.357 [WARN]: User not logged in
(VSCode) 2025-11-27 18:19:19.492 [WARN]: User not logged in
(VSCode) 2025-11-27 18:19:19.619 [WARN]: User not logged in
(VSCode) 2025-11-27 18:19:19.753 [WARN]: User not logged in
(VSCode) 2025-11-27 18:19:19.890 [WARN]: User not logged in
(VSCode) 2025-11-27 18:19:19.981 [WARN]: User not logged in
(VSCode) 2025-11-27 18:19:20.125 [WARN]: User not logged in
(VSCode) 2025-11-27 18:19:20.260 [WARN]: User not logged in
(VSCode) 2025-11-27 18:19:20.589 [WARN]: User not logged in
(VSCode) 2025-11-27 18:19:20.758 [WARN]: User not logged in
(VSCode) 2025-11-27 18:19:20.893 [WARN]: User not logged in
(VSCode) 2025-11-27 18:19:52.309 [WARN]: User not logged in
(VSCode) 2025-11-27 18:19:52.468 [WARN]: User not logged in
(VSCode) 2025-11-27 18:19:52.848 [WARN]: User not logged in
(VSCode) 2025-11-27 18:19:54.654 [WARN]: User not logged in
(VSCode) 2025-11-27 18:19:55.548 [WARN]: User not logged in
(VSCode) 2025-11-27 18:19:55.810 [WARN]: User not logged in
(VSCode) 2025-11-27 18:19:56.060 [WARN]: User not logged in
(VSCode) 2025-11-27 18:19:56.330 [WARN]: User not logged in
(VSCode) 2025-11-27 18:19:56.812 [WARN]: User not logged in
(VSCode) 2025-11-27 18:19:56.937 [WARN]: User not logged in
(VSCode) 2025-11-27 18:20:01.254 [WARN]: User not logged in
(VSCode) 2025-11-27 18:20:01.431 [WARN]: User not logged in
(VSCode) 2025-11-27 18:20:01.777 [WARN]: User not logged in
(VSCode) 2025-11-27 18:20:02.248 [WARN]: User not logged in
(VSCode) 2025-11-27 18:20:03.872 [WARN]: User not logged in
(VSCode) 2025-11-27 18:20:04.332 [WARN]: User not logged in
(VSCode) 2025-11-27 18:20:04.508 [WARN]: User not logged in
(VSCode) 2025-11-27 18:20:04.844 [WARN]: User not logged in
(VSCode) 2025-11-27 18:20:05.351 [WARN]: User not logged in
(VSCode) 2025-11-27 18:20:05.713 [WARN]: User not logged in
(VSCode) 2025-11-27 18:20:06.793 [WARN]: User not logged in
(VSCode) 2025-11-27 18:20:06.986 [WARN]: User not logged in
(VSCode) 2025-11-27 18:20:07.124 [WARN]: User not logged in
(VSCode) 2025-11-27 18:20:07.279 [WARN]: User not logged in
(VSCode) 2025-11-27 18:20:07.366 [WARN]: User not logged in
(VSCode) 2025-11-27 18:20:07.704 [WARN]: User not logged in
(VSCode) 2025-11-27 18:20:07.762 [WARN]: User not logged in
(VSCode) 2025-11-27 18:20:08.311 [WARN]: User not logged in
(VSCode) 2025-11-27 18:20:08.726 [WARN]: User not logged in
(VSCode) 2025-11-27 18:20:09.120 [WARN]: User not logged in
(VSCode) 2025-11-27 18:20:09.381 [WARN]: User not logged in
(VSCode) 2025-11-27 18:20:09.449 [WARN]: User not logged in
(VSCode) 2025-11-27 18:20:10.302 [WARN]: User not logged in
(VSCode) 2025-11-27 18:21:37.427 [WARN]: User not logged in
(VSCode) 2025-11-27 18:21:46.528 [WARN]: User not logged in
(VSCode) 2025-11-27 18:21:46.821 [WARN]: User not logged in
(VSCode) 2025-11-27 18:21:47.015 [WARN]: User not logged in
(VSCode) 2025-11-27 18:21:47.160 [WARN]: User not logged in
(VSCode) 2025-11-27 18:21:47.319 [WARN]: User not logged in
(VSCode) 2025-11-27 18:21:47.506 [WARN]: User not logged in
(VSCode) 2025-11-27 18:21:47.684 [WARN]: User not logged in
(VSCode) 2025-11-27 18:21:48.973 [WARN]: User not logged in
(VSCode) 2025-11-27 18:21:49.100 [WARN]: User not logged in
(VSCode) 2025-11-27 18:21:49.452 [WARN]: User not logged in
(VSCode) 2025-11-27 18:21:50.431 [WARN]: User not logged in
(VSCode) 2025-11-27 18:21:51.033 [WARN]: User not logged in
(VSCode) 2025-11-27 18:21:52.257 [WARN]: User not logged in
(VSCode) 2025-11-27 18:21:52.593 [WARN]: User not logged in
(VSCode) 2025-11-27 18:21:52.827 [WARN]: User not logged in
(VSCode) 2025-11-27 18:21:52.948 [WARN]: User not logged in
(VSCode) 2025-11-27 18:21:53.455 [WARN]: User not logged in
(VSCode) 2025-11-27 18:21:53.840 [WARN]: User not logged in
(VSCode) 2025-11-27 18:21:54.465 [WARN]: User not logged in
(VSCode) 2025-11-27 18:21:54.624 [WARN]: User not logged in
(VSCode) 2025-11-27 18:21:54.922 [WARN]: User not logged in
(VSCode) 2025-11-27 18:21:56.404 [WARN]: User not logged in
(VSCode) 2025-11-27 18:21:56.787 [WARN]: User not logged in
(VSCode) 2025-11-27 18:22:00.564 [WARN]: User not logged in
(VSCode) 2025-11-27 18:22:00.722 [WARN]: User not logged in
(VSCode) 2025-11-27 18:22:00.977 [WARN]: User not logged in
(VSCode) 2025-11-27 18:22:01.084 [WARN]: User not logged in
(VSCode) 2025-11-27 18:22:01.643 [WARN]: User not logged in
(VSCode) 2025-11-27 18:24:32.799 [WARN]: User not logged in
(VSCode) 2025-11-27 18:24:33.010 [WARN]: User not logged in
(VSCode) 2025-11-27 18:24:33.333 [WARN]: User not logged in
(VSCode) 2025-11-27 18:24:33.491 [WARN]: User not logged in
(VSCode) 2025-11-27 18:24:33.676 [WARN]: User not logged in
(VSCode) 2025-11-27 18:24:33.836 [WARN]: User not logged in
(VSCode) 2025-11-27 18:24:33.921 [WARN]: User not logged in
(VSCode) 2025-11-27 18:24:36.181 [WARN]: User not logged in
(VSCode) 2025-11-27 18:24:36.333 [WARN]: User not logged in
(VSCode) 2025-11-27 18:24:36.599 [WARN]: User not logged in
(VSCode) 2025-11-27 18:24:36.778 [WARN]: User not logged in
(VSCode) 2025-11-27 18:24:37.007 [WARN]: User not logged in
(VSCode) 2025-11-27 18:24:37.421 [WARN]: User not logged in
(VSCode) 2025-11-27 18:24:37.564 [WARN]: User not logged in
(VSCode) 2025-11-27 18:24:39.057 [WARN]: User not logged in
(VSCode) 2025-11-27 18:24:39.386 [WARN]: User not logged in
(VSCode) 2025-11-27 18:24:39.494 [WARN]: User not logged in
(VSCode) 2025-11-27 18:24:39.593 [WARN]: User not logged in
(VSCode) 2025-11-27 18:24:39.859 [WARN]: User not logged in
(VSCode) 2025-11-27 18:24:40.035 [WARN]: User not logged in
(VSCode) 2025-11-27 18:24:40.271 [WARN]: User not logged in
(VSCode) 2025-11-27 18:24:41.182 [WARN]: User not logged in
(VSCode) 2025-11-27 18:24:41.316 [WARN]: User not logged in
(VSCode) 2025-11-27 18:24:41.514 [WARN]: User not logged in
(VSCode) 2025-11-27 18:24:41.594 [WARN]: User not logged in
(VSCode) 2025-11-27 18:24:42.025 [WARN]: User not logged in
(VSCode) 2025-11-27 18:24:42.093 [WARN]: User not logged in
(VSCode) 2025-11-27 18:24:42.169 [WARN]: User not logged in
(VSCode) 2025-11-27 18:24:43.392 [WARN]: User not logged in
(VSCode) 2025-11-27 18:24:43.534 [WARN]: User not logged in
(VSCode) 2025-11-27 18:24:43.710 [WARN]: User not logged in
(VSCode) 2025-11-27 18:24:44.041 [WARN]: User not logged in
(VSCode) 2025-11-27 18:24:44.606 [WARN]: User not logged in
(VSCode) 2025-11-27 18:24:45.307 [WARN]: User not logged in
(VSCode) 2025-11-27 18:24:45.710 [WARN]: User not logged in
(VSCode) 2025-11-27 18:24:54.804 [WARN]: User not logged in
(VSCode) 2025-11-27 18:24:59.755 [WARN]: User not logged in
(VSCode) 2025-11-27 18:24:59.856 [WARN]: User not logged in
(VSCode) 2025-11-27 18:24:59.958 [WARN]: User not logged in
(VSCode) 2025-11-27 18:25:00.218 [WARN]: User not logged in
(VSCode) 2025-11-27 18:25:00.379 [WARN]: User not logged in
(VSCode) 2025-11-27 18:25:01.307 [WARN]: User not logged in
(VSCode) 2025-11-27 18:25:01.568 [WARN]: User not logged in
(VSCode) 2025-11-27 18:25:01.776 [WARN]: User not logged in
(VSCode) 2025-11-27 18:25:02.260 [WARN]: User not logged in
(VSCode) 2025-11-27 18:25:02.665 [WARN]: User not logged in
(VSCode) 2025-11-27 18:25:03.583 [WARN]: User not logged in
(VSCode) 2025-11-27 18:25:03.818 [WARN]: User not logged in
(VSCode) 2025-11-27 18:25:03.926 [WARN]: User not logged in
(VSCode) 2025-11-27 18:25:04.311 [WARN]: User not logged in
(VSCode) 2025-11-27 18:25:04.433 [WARN]: User not logged in
(VSCode) 2025-11-27 18:25:04.754 [WARN]: User not logged in
(VSCode) 2025-11-27 18:25:05.201 [WARN]: User not logged in
(VSCode) 2025-11-27 18:25:05.908 [WARN]: User not logged in
(VSCode) 2025-11-27 18:25:06.085 [WARN]: User not logged in
(VSCode) 2025-11-27 18:25:06.238 [WARN]: User not logged in
(VSCode) 2025-11-27 18:25:06.407 [WARN]: User not logged in
(VSCode) 2025-11-27 18:25:07.360 [WARN]: User not logged in
(VSCode) 2025-11-27 18:25:07.974 [WARN]: User not logged in
(VSCode) 2025-11-27 18:25:09.996 [WARN]: User not logged in
(VSCode) 2025-11-27 18:25:10.373 [WARN]: User not logged in
(VSCode) 2025-11-27 18:25:10.845 [WARN]: User not logged in
(VSCode) 2025-11-27 18:25:11.862 [WARN]: User not logged in
(VSCode) 2025-11-27 18:25:13.973 [WARN]: User not logged in
(VSCode) 2025-11-27 18:26:35.413 [WARN]: User not logged in
(VSCode) 2025-11-27 18:26:35.597 [WARN]: User not logged in
(VSCode) 2025-11-27 18:26:35.796 [WARN]: User not logged in
(VSCode) 2025-11-27 18:26:35.969 [WARN]: User not logged in
(VSCode) 2025-11-27 18:26:36.231 [WARN]: User not logged in
(VSCode) 2025-11-27 18:26:36.458 [WARN]: User not logged in
(VSCode) 2025-11-27 18:26:37.479 [WARN]: User not logged in
(VSCode) 2025-11-27 18:26:37.925 [WARN]: User not logged in
(VSCode) 2025-11-27 18:26:38.052 [WARN]: User not logged in
(VSCode) 2025-11-27 18:26:38.406 [WARN]: User not logged in
(VSCode) 2025-11-27 18:26:39.613 [WARN]: User not logged in
(VSCode) 2025-11-27 18:26:39.749 [WARN]: User not logged in
(VSCode) 2025-11-27 18:26:40.043 [WARN]: User not logged in
(VSCode) 2025-11-27 18:26:40.542 [WARN]: User not logged in
(VSCode) 2025-11-27 18:26:40.709 [WARN]: User not logged in
(VSCode) 2025-11-27 18:26:41.797 [WARN]: User not logged in
(VSCode) 2025-11-27 18:26:41.974 [WARN]: User not logged in
(VSCode) 2025-11-27 18:26:42.157 [WARN]: User not logged in
(VSCode) 2025-11-27 18:26:43.856 [WARN]: User not logged in
(VSCode) 2025-11-27 18:26:45.149 [WARN]: User not logged in
(VSCode) 2025-11-27 18:26:46.379 [WARN]: User not logged in
(VSCode) 2025-11-27 18:26:46.768 [WARN]: User not logged in
(VSCode) 2025-11-27 18:26:47.417 [WARN]: User not logged in
(VSCode) 2025-11-27 18:26:47.721 [WARN]: User not logged in
(VSCode) 2025-11-27 18:26:48.134 [WARN]: User not logged in
(VSCode) 2025-11-27 18:26:49.128 [WARN]: User not logged in
(VSCode) 2025-11-27 18:26:50.515 [WARN]: User not logged in
(VSCode) 2025-11-27 18:26:51.170 [WARN]: User not logged in
(VSCode) 2025-11-27 18:26:52.612 [WARN]: User not logged in
(VSCode) 2025-11-27 18:26:53.631 [WARN]: User not logged in
(VSCode) 2025-11-27 18:26:53.865 [WARN]: User not logged in
(VSCode) 2025-11-27 18:26:54.007 [WARN]: User not logged in
(VSCode) 2025-11-27 18:26:54.331 [WARN]: User not logged in
(VSCode) 2025-11-27 18:26:54.601 [WARN]: User not logged in
(VSCode) 2025-11-27 18:26:55.789 [WARN]: User not logged in
(VSCode) 2025-11-27 18:26:55.966 [WARN]: User not logged in
(VSCode) 2025-11-27 18:26:56.151 [WARN]: User not logged in
(VSCode) 2025-11-27 18:26:56.413 [WARN]: User not logged in
(VSCode) 2025-11-27 18:26:57.019 [WARN]: User not logged in
(VSCode) 2025-11-27 18:26:57.352 [WARN]: User not logged in
(VSCode) 2025-11-27 18:26:57.456 [WARN]: User not logged in
(VSCode) 2025-11-27 18:26:57.669 [WARN]: User not logged in
(VSCode) 2025-11-27 18:26:58.033 [WARN]: User not logged in
(VSCode) 2025-11-27 18:26:59.693 [WARN]: User not logged in
(VSCode) 2025-11-27 18:27:00.057 [WARN]: User not logged in
(VSCode) 2025-11-27 18:27:00.274 [WARN]: User not logged in
(VSCode) 2025-11-27 18:27:00.504 [WARN]: User not logged in
(VSCode) 2025-11-27 18:27:00.865 [WARN]: User not logged in
(VSCode) 2025-11-27 18:27:01.042 [WARN]: User not logged in
(VSCode) 2025-11-27 18:27:01.953 [WARN]: User not logged in
(VSCode) 2025-11-27 18:27:02.071 [WARN]: User not logged in
(VSCode) 2025-11-27 18:27:02.871 [WARN]: User not logged in
(VSCode) 2025-11-27 18:27:03.056 [WARN]: User not logged in
(VSCode) 2025-11-27 18:27:03.226 [WARN]: User not logged in
(VSCode) 2025-11-27 18:27:03.299 [WARN]: User not logged in
(VSCode) 2025-11-27 18:27:03.925 [WARN]: User not logged in
(VSCode) 2025-11-27 18:27:04.299 [WARN]: User not logged in
(VSCode) 2025-11-27 18:27:05.107 [WARN]: User not logged in
(VSCode) 2025-11-27 18:27:05.526 [WARN]: User not logged in
(VSCode) 2025-11-27 18:27:05.754 [WARN]: User not logged in
(VSCode) 2025-11-27 18:27:05.862 [WARN]: User not logged in
(VSCode) 2025-11-27 18:27:06.156 [WARN]: User not logged in
(VSCode) 2025-11-27 18:27:06.412 [WARN]: User not logged in
(VSCode) 2025-11-27 18:27:07.618 [WARN]: User not logged in
(VSCode) 2025-11-27 18:27:08.199 [WARN]: User not logged in
(VSCode) 2025-11-27 18:27:08.351 [WARN]: User not logged in
(VSCode) 2025-11-27 18:27:08.630 [WARN]: User not logged in
(VSCode) 2025-11-27 18:27:08.688 [WARN]: User not logged in
(VSCode) 2025-11-27 18:27:08.915 [WARN]: User not logged in
(VSCode) 2025-11-27 18:27:09.322 [WARN]: User not logged in
(VSCode) 2025-11-27 18:27:10.054 [WARN]: User not logged in
(VSCode) 2025-11-27 18:27:10.155 [WARN]: User not logged in
(VSCode) 2025-11-27 18:27:10.753 [WARN]: User not logged in
(VSCode) 2025-11-27 18:27:10.955 [WARN]: User not logged in
(VSCode) 2025-11-27 18:27:11.088 [WARN]: User not logged in
(VSCode) 2025-11-27 18:27:12.455 [WARN]: User not logged in
(VSCode) 2025-11-27 18:27:12.640 [WARN]: User not logged in
(VSCode) 2025-11-27 18:27:12.914 [WARN]: User not logged in
(VSCode) 2025-11-27 18:27:13.437 [WARN]: User not logged in
(VSCode) 2025-11-27 18:27:13.874 [WARN]: User not logged in
(VSCode) 2025-11-27 18:27:17.212 [WARN]: User not logged in
(VSCode) 2025-11-27 18:27:17.667 [WARN]: User not logged in
(VSCode) 2025-11-27 18:27:19.364 [WARN]: User not logged in
(VSCode) 2025-11-27 18:27:19.497 [WARN]: User not logged in
(VSCode) 2025-11-27 18:27:19.623 [WARN]: User not logged in
(VSCode) 2025-11-27 18:27:19.689 [WARN]: User not logged in
(VSCode) 2025-11-27 18:27:19.801 [WARN]: User not logged in
(VSCode) 2025-11-27 18:27:20.535 [WARN]: User not logged in
(VSCode) 2025-11-27 18:27:20.660 [WARN]: User not logged in
(VSCode) 2025-11-27 18:27:20.762 [WARN]: User not logged in
(VSCode) 2025-11-27 18:27:20.880 [WARN]: User not logged in
(VSCode) 2025-11-27 18:27:23.819 [WARN]: User not logged in
(VSCode) 2025-11-27 18:27:24.178 [WARN]: User not logged in
(VSCode) 2025-11-27 18:27:24.277 [WARN]: User not logged in
(VSCode) 2025-11-27 18:27:24.359 [WARN]: User not logged in
(VSCode) 2025-11-27 18:27:24.547 [WARN]: User not logged in
(VSCode) 2025-11-27 18:27:29.135 [WARN]: User not logged in
(VSCode) 2025-11-27 18:27:29.269 [WARN]: User not logged in
(VSCode) 2025-11-27 18:27:29.395 [WARN]: User not logged in
(VSCode) 2025-11-27 18:27:30.358 [WARN]: User not logged in
(VSCode) 2025-11-27 18:27:30.829 [WARN]: User not logged in
(VSCode) 2025-11-27 18:27:31.723 [WARN]: User not logged in
(VSCode) 2025-11-27 18:27:31.916 [WARN]: User not logged in
(VSCode) 2025-11-27 18:27:32.052 [WARN]: User not logged in
(VSCode) 2025-11-27 18:27:32.135 [WARN]: User not logged in
(VSCode) 2025-11-27 18:27:33.977 [WARN]: User not logged in
(VSCode) 2025-11-27 18:27:34.319 [WARN]: User not logged in
(VSCode) 2025-11-27 18:27:34.503 [WARN]: User not logged in
(VSCode) 2025-11-27 18:27:34.894 [WARN]: User not logged in
(VSCode) 2025-11-27 18:27:35.158 [WARN]: User not logged in
(VSCode) 2025-11-27 18:27:35.685 [WARN]: User not logged in
(VSCode) 2025-11-27 18:27:36.521 [WARN]: User not logged in
(VSCode) 2025-11-27 18:27:36.730 [WARN]: User not logged in
(VSCode) 2025-11-27 18:27:36.941 [WARN]: User not logged in
(VSCode) 2025-11-27 18:27:37.111 [WARN]: User not logged in
(VSCode) 2025-11-27 18:27:37.261 [WARN]: User not logged in
(VSCode) 2025-11-27 18:27:37.936 [WARN]: User not logged in
(VSCode) 2025-11-27 18:27:38.078 [WARN]: User not logged in
(VSCode) 2025-11-27 18:27:38.231 [WARN]: User not logged in
(VSCode) 2025-11-27 18:27:38.601 [WARN]: User not logged in
(VSCode) 2025-11-27 18:27:39.395 [WARN]: User not logged in
(VSCode) 2025-11-27 18:27:39.681 [WARN]: User not logged in
(VSCode) 2025-11-27 18:27:39.824 [WARN]: User not logged in
(VSCode) 2025-11-27 18:27:40.238 [WARN]: User not logged in
(VSCode) 2025-11-27 18:27:41.810 [WARN]: User not logged in
(VSCode) 2025-11-27 18:27:42.036 [WARN]: User not logged in
(VSCode) 2025-11-27 18:27:54.021 [WARN]: User not logged in
(VSCode) 2025-11-27 18:27:54.181 [WARN]: User not logged in
(VSCode) 2025-11-27 18:27:55.264 [WARN]: User not logged in
(VSCode) 2025-11-27 18:27:58.681 [WARN]: User not logged in
(VSCode) 2025-11-27 18:27:59.633 [WARN]: User not logged in
(VSCode) 2025-11-27 18:27:59.726 [WARN]: User not logged in
(VSCode) 2025-11-27 18:27:59.918 [WARN]: User not logged in
(VSCode) 2025-11-27 18:28:00.033 [WARN]: User not logged in
(VSCode) 2025-11-27 18:28:00.161 [WARN]: User not logged in
(VSCode) 2025-11-27 18:28:00.323 [WARN]: User not logged in
(VSCode) 2025-11-27 18:28:01.444 [WARN]: User not logged in
(VSCode) 2025-11-27 18:28:01.671 [WARN]: User not logged in
(VSCode) 2025-11-27 18:28:01.882 [WARN]: User not logged in
(VSCode) 2025-11-27 18:28:02.085 [WARN]: User not logged in
(VSCode) 2025-11-27 18:28:02.364 [WARN]: User not logged in
(VSCode) 2025-11-27 18:28:02.853 [WARN]: User not logged in
(VSCode) 2025-11-27 18:28:04.209 [WARN]: User not logged in
(VSCode) 2025-11-27 18:28:04.536 [WARN]: User not logged in
(VSCode) 2025-11-27 18:28:05.091 [WARN]: User not logged in
(VSCode) 2025-11-27 18:28:05.327 [WARN]: User not logged in
(VSCode) 2025-11-27 18:28:05.668 [WARN]: User not logged in
(VSCode) 2025-11-27 18:28:05.930 [WARN]: User not logged in
(VSCode) 2025-11-27 18:28:06.039 [WARN]: User not logged in
(VSCode) 2025-11-27 18:28:06.714 [WARN]: User not logged in
(VSCode) 2025-11-27 18:28:07.100 [WARN]: User not logged in
(VSCode) 2025-11-27 18:28:07.767 [WARN]: User not logged in
(VSCode) 2025-11-27 18:28:07.917 [WARN]: User not logged in
(VSCode) 2025-11-27 18:28:08.169 [WARN]: User not logged in
(VSCode) 2025-11-27 18:28:08.238 [WARN]: User not logged in
(VSCode) 2025-11-27 18:28:08.872 [WARN]: User not logged in
(VSCode) 2025-11-27 18:28:08.989 [WARN]: User not logged in
(VSCode) 2025-11-27 18:28:09.140 [WARN]: User not logged in
(VSCode) 2025-11-27 18:28:09.906 [WARN]: User not logged in
(VSCode) 2025-11-27 18:28:10.270 [WARN]: User not logged in
(VSCode) 2025-11-27 18:28:11.305 [WARN]: User not logged in
(VSCode) 2025-11-27 18:28:12.147 [WARN]: User not logged in
(VSCode) 2025-11-27 18:28:12.242 [WARN]: User not logged in
(VSCode) 2025-11-27 18:28:12.498 [WARN]: User not logged in
(VSCode) 2025-11-27 18:28:13.018 [WARN]: User not logged in
(VSCode) 2025-11-27 18:28:14.694 [WARN]: User not logged in
(VSCode) 2025-11-27 18:28:15.011 [WARN]: User not logged in
(VSCode) 2025-11-27 18:28:15.561 [WARN]: User not logged in
(VSCode) 2025-11-27 18:28:16.021 [WARN]: User not logged in
(VSCode) 2025-11-27 18:28:20.766 [WARN]: User not logged in
(VSCode) 2025-11-27 18:28:24.146 [WARN]: User not logged in
(VSCode) 2025-11-27 18:28:24.523 [WARN]: User not logged in
(VSCode) 2025-11-27 18:28:25.857 [WARN]: User not logged in
(VSCode) 2025-11-27 18:28:26.126 [WARN]: User not logged in
(VSCode) 2025-11-27 18:28:26.202 [WARN]: User not logged in
(VSCode) 2025-11-27 18:28:26.462 [WARN]: User not logged in
(VSCode) 2025-11-27 18:28:27.761 [WARN]: User not logged in
(VSCode) 2025-11-27 18:28:27.929 [WARN]: User not logged in
(VSCode) 2025-11-27 18:28:28.089 [WARN]: User not logged in
(VSCode) 2025-11-27 18:28:28.775 [WARN]: User not logged in
(VSCode) 2025-11-27 18:28:29.355 [WARN]: User not logged in
(VSCode) 2025-11-27 18:28:29.667 [WARN]: User not logged in
(VSCode) 2025-11-27 18:28:29.747 [WARN]: User not logged in
(VSCode) 2025-11-27 18:28:30.016 [WARN]: User not logged in
(VSCode) 2025-11-27 18:28:30.291 [WARN]: User not logged in
(VSCode) 2025-11-27 18:28:31.160 [WARN]: User not logged in
(VSCode) 2025-11-27 18:28:33.657 [WARN]: User not logged in
(VSCode) 2025-11-27 18:28:34.834 [WARN]: User not logged in
(VSCode) 2025-11-27 18:28:35.205 [WARN]: User not logged in
(VSCode) 2025-11-27 18:28:35.921 [WARN]: User not logged in
(VSCode) 2025-11-27 18:28:36.089 [WARN]: User not logged in
(VSCode) 2025-11-27 18:28:36.232 [WARN]: User not logged in
(VSCode) 2025-11-27 18:28:36.527 [WARN]: User not logged in
(VSCode) 2025-11-27 18:28:36.678 [WARN]: User not logged in
(VSCode) 2025-11-27 18:28:36.839 [WARN]: User not logged in
(VSCode) 2025-11-27 18:28:41.740 [WARN]: User not logged in
(VSCode) 2025-11-27 18:28:42.071 [WARN]: User not logged in
(VSCode) 2025-11-27 18:28:43.426 [WARN]: User not logged in
(VSCode) 2025-11-27 18:28:44.553 [WARN]: User not logged in
(VSCode) 2025-11-27 18:28:46.199 [WARN]: User not logged in
(VSCode) 2025-11-27 18:28:46.530 [WARN]: User not logged in
(VSCode) 2025-11-27 18:28:46.978 [WARN]: User not logged in
(VSCode) 2025-11-27 18:28:47.057 [WARN]: User not logged in
(VSCode) 2025-11-27 18:28:56.876 [WARN]: User not logged in
(VSCode) 2025-11-27 18:28:57.836 [WARN]: User not logged in
(VSCode) 2025-11-27 18:29:36.294 [WARN]: User not logged in
(VSCode) 2025-11-27 18:29:36.510 [WARN]: User not logged in
(VSCode) 2025-11-27 18:29:38.282 [WARN]: User not logged in
(VSCode) 2025-11-27 18:29:38.651 [WARN]: User not logged in
(VSCode) 2025-11-27 18:29:40.666 [WARN]: User not logged in
(VSCode) 2025-11-27 18:29:41.090 [WARN]: User not logged in
(VSCode) 2025-11-27 18:29:41.301 [WARN]: User not logged in
(VSCode) 2025-11-27 18:29:41.479 [WARN]: User not logged in
(VSCode) 2025-11-27 18:29:42.297 [WARN]: User not logged in
(VSCode) 2025-11-27 18:29:42.465 [WARN]: User not logged in
(VSCode) 2025-11-27 18:29:45.174 [WARN]: User not logged in
(VSCode) 2025-11-27 18:29:59.926 [WARN]: User not logged in
(VSCode) 2025-11-27 18:30:02.142 [WARN]: User not logged in
(VSCode) 2025-11-27 18:30:02.723 [WARN]: User not logged in
(VSCode) 2025-11-27 18:30:02.858 [WARN]: User not logged in
(VSCode) 2025-11-27 18:30:02.976 [WARN]: User not logged in
(VSCode) 2025-11-27 18:30:03.425 [WARN]: User not logged in
(VSCode) 2025-11-27 18:30:03.549 [WARN]: User not logged in
(VSCode) 2025-11-27 18:30:03.710 [WARN]: User not logged in
(VSCode) 2025-11-27 18:30:03.845 [WARN]: User not logged in
(VSCode) 2025-11-27 18:30:04.200 [WARN]: User not logged in
(VSCode) 2025-11-27 18:30:05.004 [WARN]: User not logged in
(VSCode) 2025-11-27 18:30:05.677 [WARN]: User not logged in
(VSCode) 2025-11-27 18:30:06.361 [WARN]: User not logged in
(VSCode) 2025-11-27 18:30:06.554 [WARN]: User not logged in
(VSCode) 2025-11-27 18:30:07.752 [WARN]: User not logged in
(VSCode) 2025-11-27 18:30:08.124 [WARN]: User not logged in
(VSCode) 2025-11-27 18:30:08.747 [WARN]: User not logged in
(VSCode) 2025-11-27 18:30:09.860 [WARN]: User not logged in
(VSCode) 2025-11-27 18:30:09.996 [WARN]: User not logged in
(VSCode) 2025-11-27 18:30:10.308 [WARN]: User not logged in
(VSCode) 2025-11-27 18:30:10.875 [WARN]: User not logged in
(VSCode) 2025-11-27 18:30:11.920 [WARN]: User not logged in
(VSCode) 2025-11-27 18:30:12.696 [WARN]: User not logged in
(VSCode) 2025-11-27 18:30:13.103 [WARN]: User not logged in
(VSCode) 2025-11-27 18:30:13.623 [WARN]: User not logged in
(VSCode) 2025-11-27 18:30:14.045 [WARN]: User not logged in
(VSCode) 2025-11-27 18:30:14.232 [WARN]: User not logged in
(VSCode) 2025-11-27 18:30:14.594 [WARN]: User not logged in
(VSCode) 2025-11-27 18:30:14.905 [WARN]: User not logged in
(VSCode) 2025-11-27 18:30:15.115 [WARN]: User not logged in
(VSCode) 2025-11-27 18:30:16.171 [WARN]: User not logged in
(VSCode) 2025-11-27 18:30:17.445 [WARN]: User not logged in
(VSCode) 2025-11-27 18:30:17.770 [WARN]: User not logged in
(VSCode) 2025-11-27 18:30:18.172 [WARN]: User not logged in
(VSCode) 2025-11-27 18:30:18.895 [WARN]: User not logged in
(VSCode) 2025-11-27 18:30:19.064 [WARN]: User not logged in
(VSCode) 2025-11-27 18:30:19.435 [WARN]: User not logged in
(VSCode) 2025-11-27 18:30:19.857 [WARN]: User not logged in
(VSCode) 2025-11-27 18:30:20.608 [WARN]: User not logged in
(VSCode) 2025-11-27 18:30:20.971 [WARN]: User not logged in
(VSCode) 2025-11-27 18:30:21.460 [WARN]: User not logged in
(VSCode) 2025-11-27 18:30:21.620 [WARN]: User not logged in
(VSCode) 2025-11-27 18:30:21.854 [WARN]: User not logged in
(VSCode) 2025-11-27 18:30:23.577 [WARN]: User not logged in
(VSCode) 2025-11-27 18:30:23.762 [WARN]: User not logged in
(VSCode) 2025-11-27 18:30:23.982 [WARN]: User not logged in
(VSCode) 2025-11-27 18:30:24.724 [WARN]: User not logged in
(VSCode) 2025-11-27 18:30:25.036 [WARN]: User not logged in
(VSCode) 2025-11-27 18:30:25.132 [WARN]: User not logged in
(VSCode) 2025-11-27 18:30:25.312 [WARN]: User not logged in
(VSCode) 2025-11-27 18:30:25.677 [WARN]: User not logged in
(VSCode) 2025-11-27 18:30:26.478 [WARN]: User not logged in
(VSCode) 2025-11-27 18:30:26.783 [WARN]: User not logged in
(VSCode) 2025-11-27 18:30:28.321 [WARN]: User not logged in
(VSCode) 2025-11-27 18:30:30.612 [WARN]: User not logged in
(VSCode) 2025-11-27 18:30:30.945 [WARN]: User not logged in
(VSCode) 2025-11-27 18:30:31.719 [WARN]: User not logged in
(VSCode) 2025-11-27 18:30:33.177 [WARN]: User not logged in
(VSCode) 2025-11-27 18:30:33.524 [WARN]: User not logged in
(VSCode) 2025-11-27 18:30:34.661 [WARN]: User not logged in
(VSCode) 2025-11-27 18:30:35.043 [WARN]: User not logged in
(VSCode) 2025-11-27 18:30:35.305 [WARN]: User not logged in
(VSCode) 2025-11-27 18:30:36.222 [WARN]: User not logged in
(VSCode) 2025-11-27 18:30:36.545 [WARN]: User not logged in
(VSCode) 2025-11-27 18:30:37.564 [WARN]: User not logged in
(VSCode) 2025-11-27 18:30:47.247 [WARN]: User not logged in
(VSCode) 2025-11-27 18:30:47.415 [WARN]: User not logged in
(VSCode) 2025-11-27 18:30:47.670 [WARN]: User not logged in
(VSCode) 2025-11-27 18:30:49.018 [WARN]: User not logged in
(VSCode) 2025-11-27 18:30:49.346 [WARN]: User not logged in
(VSCode) 2025-11-27 18:30:49.489 [WARN]: User not logged in
(VSCode) 2025-11-27 18:30:49.648 [WARN]: User not logged in
(VSCode) 2025-11-27 18:30:50.393 [WARN]: User not logged in
(VSCode) 2025-11-27 18:30:50.758 [WARN]: User not logged in
(VSCode) 2025-11-27 18:30:52.085 [WARN]: User not logged in
(VSCode) 2025-11-27 18:30:56.366 [WARN]: User not logged in
(VSCode) 2025-11-27 18:30:56.816 [WARN]: User not logged in
(VSCode) 2025-11-27 18:30:57.182 [WARN]: User not logged in
(VSCode) 2025-11-27 18:30:57.622 [WARN]: User not logged in
(VSCode) 2025-11-27 18:30:57.809 [WARN]: User not logged in
(VSCode) 2025-11-27 18:30:58.148 [WARN]: User not logged in
(VSCode) 2025-11-27 18:30:58.721 [WARN]: User not logged in
(VSCode) 2025-11-27 18:30:59.032 [WARN]: User not logged in
(VSCode) 2025-11-27 18:30:59.306 [WARN]: User not logged in
(VSCode) 2025-11-27 18:30:59.420 [WARN]: User not logged in
(VSCode) 2025-11-27 18:31:00.204 [WARN]: User not logged in
(VSCode) 2025-11-27 18:31:02.288 [WARN]: User not logged in
(VSCode) 2025-11-27 18:31:03.656 [WARN]: User not logged in
(VSCode) 2025-11-27 18:31:04.021 [WARN]: User not logged in
(VSCode) 2025-11-27 18:31:04.738 [WARN]: User not logged in
(VSCode) 2025-11-27 18:31:07.231 [WARN]: User not logged in
(VSCode) 2025-11-27 18:31:07.577 [WARN]: User not logged in
(VSCode) 2025-11-27 18:31:07.865 [WARN]: User not logged in
(VSCode) 2025-11-27 18:31:09.796 [WARN]: User not logged in
(VSCode) 2025-11-27 18:31:10.032 [WARN]: User not logged in
(VSCode) 2025-11-27 18:31:10.258 [WARN]: User not logged in
(VSCode) 2025-11-27 18:31:10.357 [WARN]: User not logged in
(VSCode) 2025-11-27 18:31:10.750 [WARN]: User not logged in
(VSCode) 2025-11-27 18:31:13.069 [WARN]: User not logged in
(VSCode) 2025-11-27 18:31:14.730 [WARN]: User not logged in
(VSCode) 2025-11-27 18:31:15.843 [WARN]: User not logged in
(VSCode) 2025-11-27 18:31:15.969 [WARN]: User not logged in
(VSCode) 2025-11-27 18:31:17.395 [WARN]: User not logged in
(VSCode) 2025-11-27 18:31:20.658 [WARN]: User not logged in
(VSCode) 2025-11-27 18:31:21.367 [WARN]: User not logged in
(VSCode) 2025-11-27 18:31:21.493 [WARN]: User not logged in
(VSCode) 2025-11-27 18:31:22.159 [WARN]: User not logged in
(VSCode) 2025-11-27 18:31:22.319 [WARN]: User not logged in
(VSCode) 2025-11-27 18:31:22.437 [WARN]: User not logged in
(VSCode) 2025-11-27 18:31:22.690 [WARN]: User not logged in
(VSCode) 2025-11-27 18:31:22.802 [WARN]: User not logged in
(VSCode) 2025-11-27 18:31:25.323 [WARN]: User not logged in
(VSCode) 2025-11-27 18:31:25.559 [WARN]: User not logged in
(VSCode) 2025-11-27 18:31:25.699 [WARN]: User not logged in
(VSCode) 2025-11-27 18:31:25.934 [WARN]: User not logged in
(VSCode) 2025-11-27 18:31:26.007 [WARN]: User not logged in
(VSCode) 2025-11-27 18:31:26.362 [WARN]: User not logged in
(VSCode) 2025-11-27 18:31:27.383 [WARN]: User not logged in
(VSCode) 2025-11-27 18:31:39.611 [WARN]: User not logged in
(VSCode) 2025-11-27 18:31:44.556 [WARN]: User not logged in
(VSCode) 2025-11-27 18:31:48.359 [WARN]: User not logged in
(VSCode) 2025-11-27 18:32:45.055 [WARN]: User not logged in
(VSCode) 2025-11-27 18:32:45.316 [WARN]: User not logged in
(VSCode) 2025-11-27 18:32:45.510 [WARN]: User not logged in
(VSCode) 2025-11-27 18:32:45.704 [WARN]: User not logged in
(VSCode) 2025-11-27 18:32:45.882 [WARN]: User not logged in
(VSCode) 2025-11-27 18:32:46.049 [WARN]: User not logged in
(VSCode) 2025-11-27 18:32:46.226 [WARN]: User not logged in
(VSCode) 2025-11-27 18:32:46.387 [WARN]: User not logged in
(VSCode) 2025-11-27 18:32:46.556 [WARN]: User not logged in
(VSCode) 2025-11-27 18:32:46.715 [WARN]: User not logged in
(VSCode) 2025-11-27 18:32:46.875 [WARN]: User not logged in
(VSCode) 2025-11-27 18:32:47.052 [WARN]: User not logged in
(VSCode) 2025-11-27 18:32:47.246 [WARN]: User not logged in
(VSCode) 2025-11-27 18:32:47.686 [WARN]: User not logged in
(VSCode) 2025-11-27 18:55:37.407 [WARN]: User not logged in
(VSCode) 2025-11-27 18:55:37.474 [WARN]: User not logged in
(VSCode) 2025-11-27 18:55:37.808 [WARN]: User not logged in
(VSCode) 2025-11-27 18:55:41.092 [WARN]: User not logged in
(VSCode) 2025-11-27 18:55:44.623 [WARN]: User not logged in
(VSCode) 2025-11-27 18:55:45.970 [WARN]: User not logged in
(VSCode) 2025-11-27 18:55:46.443 [WARN]: User not logged in
(VSCode) 2025-11-27 18:55:46.808 [WARN]: User not logged in
(VSCode) 2025-11-27 18:55:47.239 [WARN]: User not logged in
(VSCode) 2025-11-27 18:55:48.864 [WARN]: User not logged in
(VSCode) 2025-11-27 18:55:49.968 [WARN]: User not logged in
(VSCode) 2025-11-27 18:55:50.768 [WARN]: User not logged in
(VSCode) 2025-11-27 18:55:51.062 [WARN]: User not logged in
(VSCode) 2025-11-27 18:55:51.175 [WARN]: User not logged in
(VSCode) 2025-11-27 18:55:51.518 [WARN]: User not logged in
(VSCode) 2025-11-27 18:55:51.897 [WARN]: User not logged in
(VSCode) 2025-11-27 18:55:53.111 [WARN]: User not logged in
(VSCode) 2025-11-27 18:55:53.339 [WARN]: User not logged in
(VSCode) 2025-11-27 18:55:53.467 [WARN]: User not logged in
(VSCode) 2025-11-27 18:55:53.625 [WARN]: User not logged in
(VSCode) 2025-11-27 18:55:53.843 [WARN]: User not logged in
(VSCode) 2025-11-27 18:55:54.670 [WARN]: User not logged in
(VSCode) 2025-11-27 18:55:55.082 [WARN]: User not logged in
(VSCode) 2025-11-27 18:55:55.260 [WARN]: User not logged in
(VSCode) 2025-11-27 18:55:56.441 [WARN]: User not logged in
(VSCode) 2025-11-27 18:55:56.862 [WARN]: User not logged in
(VSCode) 2025-11-27 18:55:58.945 [WARN]: User not logged in
(VSCode) 2025-11-27 18:56:00.265 [WARN]: User not logged in
(VSCode) 2025-11-27 18:56:00.538 [WARN]: User not logged in
(VSCode) 2025-11-27 18:56:00.711 [WARN]: User not logged in
(VSCode) 2025-11-27 18:56:00.954 [WARN]: User not logged in
(VSCode) 2025-11-27 18:56:01.036 [WARN]: User not logged in
(VSCode) 2025-11-27 18:56:02.256 [WARN]: User not logged in
(VSCode) 2025-11-27 18:56:02.911 [WARN]: User not logged in
(VSCode) 2025-11-27 18:56:04.396 [WARN]: User not logged in
(VSCode) 2025-11-27 18:56:04.582 [WARN]: User not logged in
(VSCode) 2025-11-27 18:56:04.744 [WARN]: User not logged in
(VSCode) 2025-11-27 18:56:05.433 [WARN]: User not logged in
(VSCode) 2025-11-27 18:56:05.947 [WARN]: User not logged in
(VSCode) 2025-11-27 18:56:06.232 [WARN]: User not logged in
(VSCode) 2025-11-27 18:56:06.453 [WARN]: User not logged in
(VSCode) 2025-11-27 18:56:08.397 [WARN]: User not logged in
(VSCode) 2025-11-27 18:56:08.728 [WARN]: User not logged in
(VSCode) 2025-11-27 18:56:08.921 [WARN]: User not logged in
(VSCode) 2025-11-27 18:56:09.295 [WARN]: User not logged in
(VSCode) 2025-11-27 18:56:09.779 [WARN]: User not logged in
(VSCode) 2025-11-27 18:56:10.351 [WARN]: User not logged in
(VSCode) 2025-11-27 18:56:11.227 [WARN]: User not logged in
(VSCode) 2025-11-27 18:56:11.583 [WARN]: User not logged in
(VSCode) 2025-11-27 18:56:18.873 [WARN]: User not logged in
(VSCode) 2025-11-27 18:56:19.239 [WARN]: User not logged in
(VSCode) 2025-11-27 18:56:19.925 [WARN]: User not logged in
(VSCode) 2025-11-27 18:56:20.408 [WARN]: User not logged in
(VSCode) 2025-11-27 18:56:22.952 [WARN]: User not logged in
(VSCode) 2025-11-27 18:56:23.436 [WARN]: User not logged in
(VSCode) 2025-11-27 18:56:23.674 [WARN]: User not logged in
(VSCode) 2025-11-27 18:56:24.134 [WARN]: User not logged in
(VSCode) 2025-11-27 18:56:26.128 [WARN]: User not logged in
(VSCode) 2025-11-27 18:56:26.364 [WARN]: User not logged in
(VSCode) 2025-11-27 18:56:26.549 [WARN]: User not logged in
(VSCode) 2025-11-27 18:56:26.726 [WARN]: User not logged in
(VSCode) 2025-11-27 18:56:27.959 [WARN]: User not logged in
(VSCode) 2025-11-27 18:56:29.597 [WARN]: User not logged in
(VSCode) 2025-11-27 18:56:33.372 [WARN]: User not logged in
(VSCode) 2025-11-27 18:56:34.878 [WARN]: User not logged in
(VSCode) 2025-11-27 18:56:35.096 [WARN]: User not logged in
(VSCode) 2025-11-27 18:56:35.212 [WARN]: User not logged in
(VSCode) 2025-11-27 18:56:35.712 [WARN]: User not logged in
(VSCode) 2025-11-27 18:56:35.931 [WARN]: User not logged in
(VSCode) 2025-11-27 18:56:39.083 [WARN]: User not logged in
(VSCode) 2025-11-27 18:56:39.377 [WARN]: User not logged in
(VSCode) 2025-11-27 18:56:39.808 [WARN]: User not logged in
(VSCode) 2025-11-27 18:56:39.942 [WARN]: User not logged in
(VSCode) 2025-11-27 18:56:41.848 [WARN]: User not logged in
(VSCode) 2025-11-27 18:56:42.049 [WARN]: User not logged in
(VSCode) 2025-11-27 18:56:42.217 [WARN]: User not logged in
(VSCode) 2025-11-27 18:56:43.501 [WARN]: User not logged in
(VSCode) 2025-11-27 18:56:47.701 [WARN]: User not logged in
(VSCode) 2025-11-27 18:56:50.590 [WARN]: User not logged in
(VSCode) 2025-11-27 18:56:50.937 [WARN]: User not logged in
(VSCode) 2025-11-27 18:56:53.396 [WARN]: User not logged in
(VSCode) 2025-11-27 18:56:53.564 [WARN]: User not logged in
(VSCode) 2025-11-27 18:56:53.985 [WARN]: User not logged in
(VSCode) 2025-11-27 18:56:56.902 [WARN]: User not logged in
(VSCode) 2025-11-27 18:56:58.098 [WARN]: User not logged in
(VSCode) 2025-11-27 18:57:00.639 [WARN]: User not logged in
(VSCode) 2025-11-27 18:57:03.704 [WARN]: User not logged in
(VSCode) 2025-11-27 18:57:05.313 [WARN]: User not logged in
(VSCode) 2025-11-27 18:57:06.848 [WARN]: User not logged in
(VSCode) 2025-11-27 18:57:07.851 [WARN]: User not logged in
(VSCode) 2025-11-27 18:57:12.582 [WARN]: User not logged in
(VSCode) 2025-11-27 18:57:14.625 [WARN]: User not logged in
(VSCode) 2025-11-27 18:57:14.859 [WARN]: User not logged in
(VSCode) 2025-11-27 18:57:15.794 [WARN]: User not logged in
(VSCode) 2025-11-27 18:57:16.055 [WARN]: User not logged in
(VSCode) 2025-11-27 18:57:16.419 [WARN]: User not logged in
(VSCode) 2025-11-27 18:57:18.561 [WARN]: User not logged in
(VSCode) 2025-11-27 18:57:25.727 [WARN]: User not logged in
(VSCode) 2025-11-27 18:57:28.043 [WARN]: User not logged in
(VSCode) 2025-11-27 18:57:28.321 [WARN]: User not logged in
(VSCode) 2025-11-27 18:57:30.306 [WARN]: User not logged in
(VSCode) 2025-11-27 18:57:30.490 [WARN]: User not logged in
(VSCode) 2025-11-27 18:57:30.782 [WARN]: User not logged in
(VSCode) 2025-11-27 18:57:31.198 [WARN]: User not logged in
(VSCode) 2025-11-27 18:57:31.662 [WARN]: User not logged in
(VSCode) 2025-11-27 18:57:32.792 [WARN]: User not logged in
(VSCode) 2025-11-27 18:57:34.131 [WARN]: User not logged in
(VSCode) 2025-11-27 18:57:34.292 [WARN]: User not logged in
(VSCode) 2025-11-27 18:57:35.776 [WARN]: User not logged in
(VSCode) 2025-11-27 18:57:36.089 [WARN]: User not logged in
(VSCode) 2025-11-27 18:57:37.076 [WARN]: User not logged in
(VSCode) 2025-11-27 18:57:37.441 [WARN]: User not logged in
(VSCode) 2025-11-27 18:57:37.717 [WARN]: User not logged in
