2025-11-28 12:35:53.455 [info] [main] Log level: Info
2025-11-28 12:35:53.455 [info] [main] Validating found git in: "git"
2025-11-28 12:35:53.455 [info] [main] Using git "2.52.0" from "git"
2025-11-28 12:35:53.455 [info] [Model][doInitialScan] Initial repository scan started
2025-11-28 12:35:53.455 [info] > git rev-parse --show-toplevel [427ms]
2025-11-28 12:35:53.455 [info] fatal: not a git repository (or any of the parent directories): .git
2025-11-28 12:35:53.455 [info] > git rev-parse --show-toplevel [11ms]
2025-11-28 12:35:53.455 [info] fatal: not a git repository (or any of the parent directories): .git
2025-11-28 12:35:53.456 [info] > git rev-parse --show-toplevel [60ms]
2025-11-28 12:35:53.456 [info] fatal: not a git repository (or any of the parent directories): .git
2025-11-28 12:35:53.473 [info] > git rev-parse --show-toplevel [12ms]
2025-11-28 12:35:53.473 [info] fatal: not a git repository (or any of the parent directories): .git
2025-11-28 12:35:53.474 [info] [Model][doInitialScan] Initial repository scan completed - repositories (0), closed repositories (0), parent repositories (0), unsafe repositories (0)
2025-11-28 12:35:53.486 [info] > git rev-parse --show-toplevel [2ms]
2025-11-28 12:35:53.486 [info] fatal: not a git repository (or any of the parent directories): .git
2025-11-28 12:35:53.491 [info] > git rev-parse --show-toplevel [1ms]
2025-11-28 12:35:53.491 [info] fatal: not a git repository (or any of the parent directories): .git
2025-11-28 12:35:53.627 [info] > git rev-parse --show-toplevel [94ms]
2025-11-28 12:35:53.627 [info] fatal: not a git repository (or any of the parent directories): .git
2025-11-28 12:35:55.060 [info] > git rev-parse --show-toplevel [2ms]
2025-11-28 12:35:55.060 [info] fatal: not a git repository (or any of the parent directories): .git
