2025-11-27 17:38:08.829 [info] [aebc6443-996d-45c2-90f0-388ff96faa56] Native Broker is only available on Windows and macOS
2025-11-27 17:38:08.848 [info] [getSessions] [all] starting
2025-11-27 17:38:08.848 [info] [getSessions] [all] returned 1 session(s)
2025-11-27 17:38:08.848 [info] [getSessions] [all] starting
2025-11-27 17:38:08.848 [info] [getSessions] [all] returned 1 session(s)
2025-11-27 17:38:08.848 [info] [getSessions] [email offline_access openid profile] starting
2025-11-27 17:38:08.851 [info] [getSessions] [email offline_access openid profile] returned 1 session(s)
2025-11-27 17:38:09.208 [info] [getSessions] [all] starting
2025-11-27 17:38:09.208 [info] [getSessions] [all] returned 1 session(s)
2025-11-27 17:38:33.752 [info] [aebc6443-996d-45c2-90f0-388ff96faa56] Native Broker is only available on Windows and macOS
2025-11-27 17:38:33.769 [info] [getSessions] [all] starting
2025-11-27 17:38:33.769 [info] [getSessions] [all] returned 1 session(s)
2025-11-27 17:38:33.769 [info] [getSessions] [all] starting
2025-11-27 17:38:33.769 [info] [getSessions] [all] returned 1 session(s)
2025-11-27 17:38:33.770 [info] [getSessions] [email offline_access openid profile] starting
2025-11-27 17:38:33.773 [info] [getSessions] [email offline_access openid profile] returned 1 session(s)
2025-11-27 17:38:35.234 [info] [getSessions] [all] starting
2025-11-27 17:38:35.234 [info] [getSessions] [all] returned 1 session(s)
2025-11-27 17:38:37.624 [info] [getSessions] [email offline_access openid profile] starting
2025-11-27 17:38:37.743 [info] [getSessions] [email offline_access openid profile] returned 1 session(s)
2025-11-27 17:38:37.743 [info] [getSessions] [email offline_access openid profile] starting
2025-11-27 17:38:38.195 [info] [getSessions] [email offline_access openid profile] returned 1 session(s)
2025-11-27 17:38:39.655 [info] [getSessions] [all] starting
2025-11-27 17:38:39.655 [info] [getSessions] [all] returned 1 session(s)
