[1764244816183] INFO  (ext): SQLTools is starting
[1764244816184] INFO  (ext): initializing language client...
[1764244816185] INFO  (ext): Registering client for languages [{"scheme":"sqltools"},{"language":"sql","scheme":"untitled"},{"language":"sql","scheme":"file"},{"language":"sql","scheme":"sqltools"}]
    ns: "lc"
[1764244816188] INFO  (ext): loading plugins...
[1764244816188] INFO  (ext): registering Formatter Plugin.
    plugin: {
      "name": "Formatter Plugin"
    }
[1764244816188] INFO  (ext): registering Connection Manager Plugin.
    plugin: {
      "name": "Connection Manager Plugin"
    }
[1764244816188] INFO  (ext): registering CodeLens Plugin.
    plugin: {
      "name": "CodeLens Plugin",
      "registeredLanguages": []
    }
[1764244816189] INFO  (ext): registering Dependency Manager Plugin.
    plugin: {
      "name": "Dependency Manager Plugin",
      "installingDrivers": []
    }
[1764244816190] INFO  (ext): Connection explorer changed. Will be updated.
    ns: "conn-man:explorer"
[1764244816190] INFO  (ext): registering History Manager Plugin.
    plugin: {
      "name": "History Manager Plugin"
    }
[1764244816190] INFO  (ext): registering Bookmarks Manager Plugin.
    plugin: {
      "name": "Bookmarks Manager Plugin"
    }
[1764244816191] INFO  (ext): registering Authentication Provider Plugin.
    plugin: {
      "name": "Authentication Provider Plugin",
      "isRegistered": false
    }
[1764244816191] INFO  (ext): registering Object Drop-in Provider (plugin).
    plugin: {
      "type": "plugin",
      "name": "Object Drop-in Provider",
      "isRegistered": false
    }
[1764244816191] INFO  (ext): SQLTools activation completed. 7.874812 ms
[1764244816200] INFO  (ext): Formatter Plugin registered!
[1764244816200] INFO  (ext): CodeLens Plugin registered!
[1764244816200] INFO  (ext): Dependency Manager Plugin registered!
[1764244816200] INFO  (ext): Connection Manager Plugin registered!
[1764244816200] INFO  (ext): History Manager Plugin registered!
[1764244816200] INFO  (ext): Bookmarks Manager Plugin registered!
[1764244816200] INFO  (ext): Authentication Provider Plugin registered!
[1764244816200] INFO  (ext): Object Drop-in Provider (plugin) registered!
[1764244816323] INFO  (ls): SQLTools Server started!
===============================
Using node runtime?: no
ExecPath: /opt/visual-studio-code/code 
===============================
[1764244816566] INFO  (ext): LanguageClient ready
    ns: "lc"
[1764244816565] INFO  (ls): Initialized with node version:v22.20.0
[1764244816726] INFO  (ext): registering PostgreSQL/Cockroach Plugin (driver).
    plugin: {
      "extensionId": "mtxr.sqltools-driver-pg",
      "name": "PostgreSQL/Cockroach Plugin",
      "type": "driver"
    }
[1764244816727] INFO  (ext): registering MySQL/MariaDB/TiDB Plugin (driver).
    plugin: {
      "extensionId": "mtxr.sqltools-driver-mysql",
      "name": "MySQL/MariaDB/TiDB Plugin",
      "type": "driver"
    }
[1764244816727] INFO  (ls): REQUEST RECEIVED => ls/RegisterPlugin
[1764244816727] INFO  (ls): request to register plugin: "/home/peaches/.vscode/extensions/mtxr.sqltools-driver-pg-0.5.7/out/ls/plugin.js"
[1764244816783] INFO  (ls): Driver postgresql registered!
    place: "driver-map"
    ns: "ls-context"
[1764244816784] INFO  (ls): Driver aws redshift registered!
    place: "driver-map"
    ns: "ls-context"
[1764244816784] INFO  (ls): Driver cockroachdb registered!
    place: "driver-map"
    ns: "ls-context"
[1764244816784] INFO  (ls): REQUEST RECEIVED => ls/RegisterPlugin
[1764244816784] INFO  (ls): request to register plugin: "/home/peaches/.vscode/extensions/mtxr.sqltools-driver-mysql-0.6.6/out/ls/plugin.js"
[1764244816843] INFO  (ext): PostgreSQL/Cockroach Plugin (driver) registered!
[1764244816852] INFO  (ls): Driver mysql registered!
    place: "driver-map"
    ns: "ls-context"
[1764244816852] INFO  (ls): Driver mariadb registered!
    place: "driver-map"
    ns: "ls-context"
[1764244816852] INFO  (ls): Driver tidb registered!
    place: "driver-map"
    ns: "ls-context"
[1764244817006] INFO  (ext): MySQL/MariaDB/TiDB Plugin (driver) registered!
[1764244818007] INFO  (ext): EXECUTING COMMAND => sqltools.refreshTree
[1764244818007] INFO  (ext): Connection explorer changed. Will be updated.
    ns: "conn-man:explorer"
[1764244818351] INFO  (ext): Connection explorer changed. Will be updated.
    ns: "conn-man:explorer"
[1764245062706] INFO  (ext): Connection explorer changed. Will be updated.
    ns: "conn-man:explorer"
