(VSCode) 2025-11-27 17:30:16.278 [INFO]: No proxy settings found
(VSCode) 2025-11-27 17:30:18.346 [INFO]: Checking network connection...
(VSCode) 2025-11-27 17:30:18.377 [INFO]: Creating manager directory: /tmp/76d05152-2f0e-4bac-9ee7-357621764932/codeium/manager
(VSCode) 2025-11-27 17:30:18.378 [INFO]: e03af6ebc40b844314d448f947c80b636d093049 not found, downloading language server
(VSCode) 2025-11-27 17:30:18.378 [INFO]: No proxy settings found
(VSCode) 2025-11-27 17:30:19.569 [INFO]: No Network Issue connecting to https://server.codeium.com/healthz
(VSCode) 2025-11-27 17:30:29.645 [INFO]: Language server started
2025/11/27 17:30:29 maxprocs: Leaving GOMAXPROCS=16: CPU quota undefined
I1127 17:30:29.755246 53744 main.go:604] [Language Server Manager] Setting GOMAXPROCS to 4
I1127 17:30:29.755332 53744 main.go:750] [Language Server Manager] Release 1.48.2 (e03af6ebc40b844314d448f947c80b636d093049)
I1127 17:30:29.755345 53744 main.go:829] [Language Server Manager] Starting language server manager with pid 53744
I1127 17:30:29.755409 53744 main.go:138] [Language Server Manager] Manager acquired its lock file /tmp/76d05152-2f0e-4bac-9ee7-357621764932/codeium/manager/locks/manager.lock
I1127 17:30:29.755829 53744 main.go:283] [Language Server Manager] Waiting for random port file in /tmp/76d05152-2f0e-4bac-9ee7-357621764932/codeium/manager/child_random_port_1764244829755473611_3293761085912229486 to be created
2025/11/27 17:30:29 maxprocs: Leaving GOMAXPROCS=16: CPU quota undefined
I1127 17:30:29.878351 53765 main.go:604] Setting GOMAXPROCS to 4
I1127 17:30:29.878548 53765 main.go:823] Starting language server process with pid 53765
I1127 17:30:29.878571 53765 server.go:296] Language server will attempt to listen on host 127.0.0.1
I1127 17:30:29.878710 53765 server.go:303] Language server listening on random port at 43825
I1127 17:30:31.627544 53765 web_server.go:256] Chat Web Server listening at ws://127.0.0.1:34993
I1127 17:30:31.784604 53765 server.go:955] Local search is enabled, will index local files.
I1127 17:30:31.784626 53765 server.go:959] Using 4 indexer workers
I1127 17:30:32.653404 53765 server.go:1196] Child process attempting to acquire lock file /tmp/76d05152-2f0e-4bac-9ee7-357621764932/codeium/manager/locks/child_lock_1764244829755504300_2466507140401399332
I1127 17:30:32.653448 53765 server.go:1204] Child process acquired lock file /tmp/76d05152-2f0e-4bac-9ee7-357621764932/codeium/manager/locks/child_lock_1764244829755504300_2466507140401399332
35181
I1127 17:30:32.665629 53744 main.go:319] [Language Server Manager] Found random server port 43825
I1127 17:30:32.665648 53744 main.go:320] [Language Server Manager] Found random lsp port 35181
I1127 17:30:32.665662 53744 main.go:327] [Language Server Manager] Attempting to connect to language server at 127.0.0.1:43825
I1127 17:30:32.677022 53744 main.go:192] [Language Server Manager] Fixing language server port at 43825
I1127 17:30:32.677039 53744 main.go:381] [Language Server Manager] Successfully connected to new language server at 127.0.0.1:43825
(VSCode) 2025-11-27 17:30:32.756 [INFO]: Found language server running on port 43825
BEWARE: your OS is not officially supported by Playwright; downloading fallback build for ubuntu20.04-x64.
(VSCode) 2025-11-27 17:30:42.620 [ERROR]: Invalid LSP port: BEWARE: your OS is not officially supported by Playwright; downloading fallback build for ubuntu20.04-x64.

Downloading Chromium 133.0.6943.16 (playwright build v1155) from https://cdn.playwright.dev/dbazure/download/playwright/builds/chromium/1155/chromium-linux.zip
(VSCode) 2025-11-27 17:30:42.621 [ERROR]: Invalid LSP port: Downloading Chromium 133.0.6943.16 (playwright build v1155) from https://cdn.playwright.dev/dbazure/download/playwright/builds/chromium/1155/chromium-linux.zip

|                                                                                |   0% of 163.5 MiB
(VSCode) 2025-11-27 17:30:42.952 [ERROR]: Invalid LSP port: |                                                                                |   0% of 163.5 MiB

|■■■■■■■■                                                                        |  10% of 163.5 MiB
(VSCode) 2025-11-27 17:30:46.461 [ERROR]: Invalid LSP port: |■■■■■■■■                                                                        |  10% of 163.5 MiB

|■■■■■■■■■■■■■■■■                                                                |  20% of 163.5 MiB
(VSCode) 2025-11-27 17:30:50.504 [ERROR]: Invalid LSP port: |■■■■■■■■■■■■■■■■                                                                |  20% of 163.5 MiB

|■■■■■■■■■■■■■■■■■■■■■■■■                                                        |  30% of 163.5 MiB
(VSCode) 2025-11-27 17:30:54.414 [ERROR]: Invalid LSP port: |■■■■■■■■■■■■■■■■■■■■■■■■                                                        |  30% of 163.5 MiB

|■■■■■■■■■■■■■■■■■■■■■■■■■■■■■■■■                                                |  40% of 163.5 MiB
(VSCode) 2025-11-27 17:30:58.388 [ERROR]: Invalid LSP port: |■■■■■■■■■■■■■■■■■■■■■■■■■■■■■■■■                                                |  40% of 163.5 MiB

|■■■■■■■■■■■■■■■■■■■■■■■■■■■■■■■■■■■■■■■■                                        |  50% of 163.5 MiB
(VSCode) 2025-11-27 17:31:02.220 [ERROR]: Invalid LSP port: |■■■■■■■■■■■■■■■■■■■■■■■■■■■■■■■■■■■■■■■■                                        |  50% of 163.5 MiB

|■■■■■■■■■■■■■■■■■■■■■■■■■■■■■■■■■■■■■■■■■■■■■■■■                                |  60% of 163.5 MiB
(VSCode) 2025-11-27 17:31:05.878 [ERROR]: Invalid LSP port: |■■■■■■■■■■■■■■■■■■■■■■■■■■■■■■■■■■■■■■■■■■■■■■■■                                |  60% of 163.5 MiB

|■■■■■■■■■■■■■■■■■■■■■■■■■■■■■■■■■■■■■■■■■■■■■■■■■■■■■■■■                        |  70% of 163.5 MiB
(VSCode) 2025-11-27 17:31:09.354 [ERROR]: Invalid LSP port: |■■■■■■■■■■■■■■■■■■■■■■■■■■■■■■■■■■■■■■■■■■■■■■■■■■■■■■■■                        |  70% of 163.5 MiB

Error: Request to https://cdn.playwright.dev/dbazure/download/playwright/builds/chromium/1155/chromium-linux.zip timed out after 30000ms
    at ClientRequest.rejectOnTimeout (/home/peaches/.cache/ms-playwright-go/1.50.1/package/lib/utils/network.js:76:15)
    at Object.onceWrapper (node:events:638:28)
    at ClientRequest.emit (node:events:524:28)
    at TLSSocket.emitRequestTimeout (node:_http_client:863:9)
    at Object.onceWrapper (node:events:638:28)
    at TLSSocket.emit (node:events:536:35)
    at Socket._onTimeout (node:net:609:8)
    at listOnTimeout (node:internal/timers:594:17)
    at process.processTimers (node:internal/timers:529:7)
Downloading Chromium 133.0.6943.16 (playwright build v1155) from https://playwright.download.prss.microsoft.com/dbazure/download/playwright/builds/chromium/1155/chromium-linux.zip
(VSCode) 2025-11-27 17:31:12.822 [ERROR]: Invalid LSP port: Downloading Chromium 133.0.6943.16 (playwright build v1155) from https://playwright.download.prss.microsoft.com/dbazure/download/playwright/builds/chromium/1155/chromium-linux.zip

|                                                                                |   0% of 163.5 MiB
(VSCode) 2025-11-27 17:31:13.900 [ERROR]: Invalid LSP port: |                                                                                |   0% of 163.5 MiB

|■■■■■■■■                                                                        |  10% of 163.5 MiB
(VSCode) 2025-11-27 17:31:19.680 [ERROR]: Invalid LSP port: |■■■■■■■■                                                                        |  10% of 163.5 MiB

|■■■■■■■■■■■■■■■■                                                                |  20% of 163.5 MiB
(VSCode) 2025-11-27 17:31:24.338 [ERROR]: Invalid LSP port: |■■■■■■■■■■■■■■■■                                                                |  20% of 163.5 MiB

|■■■■■■■■■■■■■■■■■■■■■■■■                                                        |  30% of 163.5 MiB
(VSCode) 2025-11-27 17:31:30.245 [ERROR]: Invalid LSP port: |■■■■■■■■■■■■■■■■■■■■■■■■                                                        |  30% of 163.5 MiB

|■■■■■■■■■■■■■■■■■■■■■■■■■■■■■■■■                                                |  40% of 163.5 MiB
(VSCode) 2025-11-27 17:31:35.824 [ERROR]: Invalid LSP port: |■■■■■■■■■■■■■■■■■■■■■■■■■■■■■■■■                                                |  40% of 163.5 MiB

|■■■■■■■■■■■■■■■■■■■■■■■■■■■■■■■■■■■■■■■■                                        |  50% of 163.5 MiB
(VSCode) 2025-11-27 17:31:40.238 [ERROR]: Invalid LSP port: |■■■■■■■■■■■■■■■■■■■■■■■■■■■■■■■■■■■■■■■■                                        |  50% of 163.5 MiB

|■■■■■■■■■■■■■■■■■■■■■■■■■■■■■■■■■■■■■■■■■■■■■■■■                                |  60% of 163.5 MiB
(VSCode) 2025-11-27 17:31:51.760 [ERROR]: Invalid LSP port: |■■■■■■■■■■■■■■■■■■■■■■■■■■■■■■■■■■■■■■■■■■■■■■■■                                |  60% of 163.5 MiB

|■■■■■■■■■■■■■■■■■■■■■■■■■■■■■■■■■■■■■■■■■■■■■■■■■■■■■■■■                        |  70% of 163.5 MiB
(VSCode) 2025-11-27 17:32:01.042 [ERROR]: Invalid LSP port: |■■■■■■■■■■■■■■■■■■■■■■■■■■■■■■■■■■■■■■■■■■■■■■■■■■■■■■■■                        |  70% of 163.5 MiB

|■■■■■■■■■■■■■■■■■■■■■■■■■■■■■■■■■■■■■■■■■■■■■■■■■■■■■■■■■■■■■■■■                |  80% of 163.5 MiB
(VSCode) 2025-11-27 17:32:09.068 [ERROR]: Invalid LSP port: |■■■■■■■■■■■■■■■■■■■■■■■■■■■■■■■■■■■■■■■■■■■■■■■■■■■■■■■■■■■■■■■■                |  80% of 163.5 MiB

|■■■■■■■■■■■■■■■■■■■■■■■■■■■■■■■■■■■■■■■■■■■■■■■■■■■■■■■■■■■■■■■■■■■■■■■■        |  90% of 163.5 MiB
(VSCode) 2025-11-27 17:32:17.644 [ERROR]: Invalid LSP port: |■■■■■■■■■■■■■■■■■■■■■■■■■■■■■■■■■■■■■■■■■■■■■■■■■■■■■■■■■■■■■■■■■■■■■■■■        |  90% of 163.5 MiB

|■■■■■■■■■■■■■■■■■■■■■■■■■■■■■■■■■■■■■■■■■■■■■■■■■■■■■■■■■■■■■■■■■■■■■■■■■■■■■■■■| 100% of 163.5 MiB
(VSCode) 2025-11-27 17:32:25.629 [ERROR]: Invalid LSP port: |■■■■■■■■■■■■■■■■■■■■■■■■■■■■■■■■■■■■■■■■■■■■■■■■■■■■■■■■■■■■■■■■■■■■■■■■■■■■■■■■| 100% of 163.5 MiB

Chromium 133.0.6943.16 (playwright build v1155) downloaded to /home/peaches/.codeium/ws-browser/chromium-1155
(VSCode) 2025-11-27 17:32:26.880 [ERROR]: Invalid LSP port: Chromium 133.0.6943.16 (playwright build v1155) downloaded to /home/peaches/.codeium/ws-browser/chromium-1155

BEWARE: your OS is not officially supported by Playwright; downloading fallback build for ubuntu20.04-x64.
Downloading FFMPEG playwright build v1011 from https://cdn.playwright.dev/dbazure/download/playwright/builds/ffmpeg/1011/ffmpeg-linux.zip
(VSCode) 2025-11-27 17:32:26.880 [ERROR]: Invalid LSP port: BEWARE: your OS is not officially supported by Playwright; downloading fallback build for ubuntu20.04-x64.
Downloading FFMPEG playwright build v1011 from https://cdn.playwright.dev/dbazure/download/playwright/builds/ffmpeg/1011/ffmpeg-linux.zip

|                                                                                |   0% of 2.3 MiB
(VSCode) 2025-11-27 17:32:28.016 [ERROR]: Invalid LSP port: |                                                                                |   0% of 2.3 MiB

|■■■■■■■■                                                                        |  10% of 2.3 MiB
(VSCode) 2025-11-27 17:32:28.913 [ERROR]: Invalid LSP port: |■■■■■■■■                                                                        |  10% of 2.3 MiB

|■■■■■■■■■■■■■■■■                                                                |  20% of 2.3 MiB
(VSCode) 2025-11-27 17:32:29.283 [ERROR]: Invalid LSP port: |■■■■■■■■■■■■■■■■                                                                |  20% of 2.3 MiB

|■■■■■■■■■■■■■■■■■■■■■■■■                                                        |  30% of 2.3 MiB
(VSCode) 2025-11-27 17:32:29.535 [ERROR]: Invalid LSP port: |■■■■■■■■■■■■■■■■■■■■■■■■                                                        |  30% of 2.3 MiB

|■■■■■■■■■■■■■■■■■■■■■■■■■■■■■■■■                                                |  40% of 2.3 MiB
(VSCode) 2025-11-27 17:32:29.781 [ERROR]: Invalid LSP port: |■■■■■■■■■■■■■■■■■■■■■■■■■■■■■■■■                                                |  40% of 2.3 MiB

|■■■■■■■■■■■■■■■■■■■■■■■■■■■■■■■■■■■■■■■■                                        |  50% of 2.3 MiB
(VSCode) 2025-11-27 17:32:30.015 [ERROR]: Invalid LSP port: |■■■■■■■■■■■■■■■■■■■■■■■■■■■■■■■■■■■■■■■■                                        |  50% of 2.3 MiB

|■■■■■■■■■■■■■■■■■■■■■■■■■■■■■■■■■■■■■■■■■■■■■■■■                                |  60% of 2.3 MiB
(VSCode) 2025-11-27 17:32:30.351 [ERROR]: Invalid LSP port: |■■■■■■■■■■■■■■■■■■■■■■■■■■■■■■■■■■■■■■■■■■■■■■■■                                |  60% of 2.3 MiB

|■■■■■■■■■■■■■■■■■■■■■■■■■■■■■■■■■■■■■■■■■■■■■■■■■■■■■■■■                        |  70% of 2.3 MiB
(VSCode) 2025-11-27 17:32:30.352 [ERROR]: Invalid LSP port: |■■■■■■■■■■■■■■■■■■■■■■■■■■■■■■■■■■■■■■■■■■■■■■■■■■■■■■■■                        |  70% of 2.3 MiB

|■■■■■■■■■■■■■■■■■■■■■■■■■■■■■■■■■■■■■■■■■■■■■■■■■■■■■■■■■■■■■■■■                |  80% of 2.3 MiB
(VSCode) 2025-11-27 17:32:30.598 [ERROR]: Invalid LSP port: |■■■■■■■■■■■■■■■■■■■■■■■■■■■■■■■■■■■■■■■■■■■■■■■■■■■■■■■■■■■■■■■■                |  80% of 2.3 MiB

|■■■■■■■■■■■■■■■■■■■■■■■■■■■■■■■■■■■■■■■■■■■■■■■■■■■■■■■■■■■■■■■■■■■■■■■■        |  90% of 2.3 MiB
(VSCode) 2025-11-27 17:32:30.651 [ERROR]: Invalid LSP port: |■■■■■■■■■■■■■■■■■■■■■■■■■■■■■■■■■■■■■■■■■■■■■■■■■■■■■■■■■■■■■■■■■■■■■■■■        |  90% of 2.3 MiB

|■■■■■■■■■■■■■■■■■■■■■■■■■■■■■■■■■■■■■■■■■■■■■■■■■■■■■■■■■■■■■■■■■■■■■■■■■■■■■■■■| 100% of 2.3 MiB
(VSCode) 2025-11-27 17:32:30.962 [ERROR]: Invalid LSP port: |■■■■■■■■■■■■■■■■■■■■■■■■■■■■■■■■■■■■■■■■■■■■■■■■■■■■■■■■■■■■■■■■■■■■■■■■■■■■■■■■| 100% of 2.3 MiB

FFMPEG playwright build v1011 downloaded to /home/peaches/.codeium/ws-browser/ffmpeg-1011
(VSCode) 2025-11-27 17:32:30.989 [ERROR]: Invalid LSP port: FFMPEG playwright build v1011 downloaded to /home/peaches/.codeium/ws-browser/ffmpeg-1011

BEWARE: your OS is not officially supported by Playwright; downloading fallback build for ubuntu20.04-x64.
Downloading Chromium Headless Shell 133.0.6943.16 (playwright build v1155) from https://cdn.playwright.dev/dbazure/download/playwright/builds/chromium/1155/chromium-headless-shell-linux.zip
(VSCode) 2025-11-27 17:32:30.989 [ERROR]: Invalid LSP port: BEWARE: your OS is not officially supported by Playwright; downloading fallback build for ubuntu20.04-x64.
Downloading Chromium Headless Shell 133.0.6943.16 (playwright build v1155) from https://cdn.playwright.dev/dbazure/download/playwright/builds/chromium/1155/chromium-headless-shell-linux.zip

|                                                                                |   0% of 99.9 MiB
(VSCode) 2025-11-27 17:32:31.383 [ERROR]: Invalid LSP port: |                                                                                |   0% of 99.9 MiB

|■■■■■■■■                                                                        |  10% of 99.9 MiB
(VSCode) 2025-11-27 17:32:33.335 [ERROR]: Invalid LSP port: |■■■■■■■■                                                                        |  10% of 99.9 MiB

|■■■■■■■■■■■■■■■■                                                                |  20% of 99.9 MiB
(VSCode) 2025-11-27 17:32:36.045 [ERROR]: Invalid LSP port: |■■■■■■■■■■■■■■■■                                                                |  20% of 99.9 MiB

|■■■■■■■■■■■■■■■■■■■■■■■■                                                        |  30% of 99.9 MiB
(VSCode) 2025-11-27 17:32:38.983 [ERROR]: Invalid LSP port: |■■■■■■■■■■■■■■■■■■■■■■■■                                                        |  30% of 99.9 MiB

|■■■■■■■■■■■■■■■■■■■■■■■■■■■■■■■■                                                |  40% of 99.9 MiB
(VSCode) 2025-11-27 17:32:41.617 [ERROR]: Invalid LSP port: |■■■■■■■■■■■■■■■■■■■■■■■■■■■■■■■■                                                |  40% of 99.9 MiB

|■■■■■■■■■■■■■■■■■■■■■■■■■■■■■■■■■■■■■■■■                                        |  50% of 99.9 MiB
(VSCode) 2025-11-27 17:32:44.107 [ERROR]: Invalid LSP port: |■■■■■■■■■■■■■■■■■■■■■■■■■■■■■■■■■■■■■■■■                                        |  50% of 99.9 MiB

|■■■■■■■■■■■■■■■■■■■■■■■■■■■■■■■■■■■■■■■■■■■■■■■■                                |  60% of 99.9 MiB
(VSCode) 2025-11-27 17:32:46.831 [ERROR]: Invalid LSP port: |■■■■■■■■■■■■■■■■■■■■■■■■■■■■■■■■■■■■■■■■■■■■■■■■                                |  60% of 99.9 MiB

|■■■■■■■■■■■■■■■■■■■■■■■■■■■■■■■■■■■■■■■■■■■■■■■■■■■■■■■■                        |  70% of 99.9 MiB
(VSCode) 2025-11-27 17:32:49.439 [ERROR]: Invalid LSP port: |■■■■■■■■■■■■■■■■■■■■■■■■■■■■■■■■■■■■■■■■■■■■■■■■■■■■■■■■                        |  70% of 99.9 MiB

|■■■■■■■■■■■■■■■■■■■■■■■■■■■■■■■■■■■■■■■■■■■■■■■■■■■■■■■■■■■■■■■■                |  80% of 99.9 MiB
(VSCode) 2025-11-27 17:32:51.873 [ERROR]: Invalid LSP port: |■■■■■■■■■■■■■■■■■■■■■■■■■■■■■■■■■■■■■■■■■■■■■■■■■■■■■■■■■■■■■■■■                |  80% of 99.9 MiB

|■■■■■■■■■■■■■■■■■■■■■■■■■■■■■■■■■■■■■■■■■■■■■■■■■■■■■■■■■■■■■■■■■■■■■■■■        |  90% of 99.9 MiB
(VSCode) 2025-11-27 17:32:53.891 [ERROR]: Invalid LSP port: |■■■■■■■■■■■■■■■■■■■■■■■■■■■■■■■■■■■■■■■■■■■■■■■■■■■■■■■■■■■■■■■■■■■■■■■■        |  90% of 99.9 MiB

|■■■■■■■■■■■■■■■■■■■■■■■■■■■■■■■■■■■■■■■■■■■■■■■■■■■■■■■■■■■■■■■■■■■■■■■■■■■■■■■■| 100% of 99.9 MiB
(VSCode) 2025-11-27 17:32:56.423 [ERROR]: Invalid LSP port: |■■■■■■■■■■■■■■■■■■■■■■■■■■■■■■■■■■■■■■■■■■■■■■■■■■■■■■■■■■■■■■■■■■■■■■■■■■■■■■■■| 100% of 99.9 MiB

Chromium Headless Shell 133.0.6943.16 (playwright build v1155) downloaded to /home/peaches/.codeium/ws-browser/chromium_headless_shell-1155
(VSCode) 2025-11-27 17:32:57.157 [ERROR]: Invalid LSP port: Chromium Headless Shell 133.0.6943.16 (playwright build v1155) downloaded to /home/peaches/.codeium/ws-browser/chromium_headless_shell-1155

(VSCode) 2025-11-27 17:34:38.351 [ERROR]: Canceled
(VSCode) 2025-11-27 17:34:38.351 [ERROR]: Canceled
