2025-11-27 17:38:06.960 [info] Extension host with pid 54882 started
2025-11-27 17:38:07.159 [info] ExtensionService#_doActivateExtension vscode.github-authentication, startup: false, activationEvent: 'onAuthenticationRequest:github'
2025-11-27 17:38:07.178 [info] ExtensionService#_doActivateExtension vscode.emmet, startup: false, activationEvent: 'onLanguage'
2025-11-27 17:38:07.320 [info] ExtensionService#_doActivateExtension vscode.git-base, startup: true, activationEvent: '*', root cause: vscode.git
2025-11-27 17:38:07.322 [info] ExtensionService#_doActivateExtension christian-kohler.path-intellisense, startup: true, activationEvent: '*'
2025-11-27 17:38:07.327 [info] ExtensionService#_doActivateExtension humy2833.ftp-simple, startup: true, activationEvent: '*'
2025-11-27 17:38:07.383 [info] ExtensionService#_doActivateExtension mhutchie.git-graph, startup: true, activationEvent: '*'
2025-11-27 17:38:07.389 [info] ExtensionService#_doActivateExtension mtxr.sqltools, startup: true, activationEvent: '*'
2025-11-27 17:38:07.451 [info] ExtensionService#_doActivateExtension vscode.git, startup: true, activationEvent: '*'
2025-11-27 17:38:07.485 [info] ExtensionService#_doActivateExtension vscode.github, startup: true, activationEvent: '*'
2025-11-27 17:38:07.515 [info] ExtensionService#_doActivateExtension mtxr.sqltools-driver-mysql, startup: true, activationEvent: '*'
2025-11-27 17:38:07.517 [info] ExtensionService#_doActivateExtension mtxr.sqltools-driver-pg, startup: true, activationEvent: '*'
2025-11-27 17:38:07.560 [info] Eager extensions activated
2025-11-27 17:38:07.571 [info] ExtensionService#_doActivateExtension vscode.debug-auto-launch, startup: false, activationEvent: 'onStartupFinished'
2025-11-27 17:38:07.573 [info] ExtensionService#_doActivateExtension vscode.merge-conflict, startup: false, activationEvent: 'onStartupFinished'
2025-11-27 17:38:07.584 [info] ExtensionService#_doActivateExtension aaron-bond.better-comments, startup: false, activationEvent: 'onStartupFinished'
2025-11-27 17:38:07.586 [info] ExtensionService#_doActivateExtension Catppuccin.catppuccin-vsc, startup: false, activationEvent: 'onStartupFinished'
2025-11-27 17:38:07.589 [info] ExtensionService#_doActivateExtension Codeium.codeium, startup: false, activationEvent: 'onStartupFinished'
2025-11-27 17:38:07.893 [info] ExtensionService#_doActivateExtension dbaeumer.vscode-eslint, startup: false, activationEvent: 'onStartupFinished'
2025-11-27 17:38:07.922 [info] ExtensionService#_doActivateExtension formulahendry.code-runner, startup: false, activationEvent: 'onStartupFinished'
2025-11-27 17:38:07.930 [info] ExtensionService#_doActivateExtension iterative.dvc, startup: false, activationEvent: 'onStartupFinished'
2025-11-27 17:38:07.993 [info] ExtensionService#_doActivateExtension kisstkondoros.vscode-gutter-preview, startup: false, activationEvent: 'onStartupFinished'
2025-11-27 17:38:08.014 [info] ExtensionService#_doActivateExtension ms-vscode-remote.remote-containers, startup: false, activationEvent: 'onStartupFinished'
2025-11-27 17:38:08.095 [info] ExtensionService#_doActivateExtension ms-vscode-remote.remote-wsl, startup: false, activationEvent: 'onStartupFinished'
2025-11-27 17:38:08.156 [info] ExtensionService#_doActivateExtension PKief.material-icon-theme, startup: false, activationEvent: 'onStartupFinished'
2025-11-27 17:38:08.167 [info] ExtensionService#_doActivateExtension streetsidesoftware.code-spell-checker, startup: false, activationEvent: 'onStartupFinished'
2025-11-27 17:38:08.222 [info] ExtensionService#_doActivateExtension tonybaloney.vscode-pets, startup: false, activationEvent: 'onStartupFinished'
2025-11-27 17:38:08.342 [info] ExtensionService#_doActivateExtension vscode.microsoft-authentication, startup: false, activationEvent: 'onAuthenticationRequest:microsoft'
2025-11-27 17:38:08.371 [info] ExtensionService#_doActivateExtension ms-python.python, startup: false, activationEvent: 'api', root cause: iterative.dvc
2025-11-27 17:38:08.922 [info] ExtensionService#_doActivateExtension ms-python.vscode-pylance, startup: false, activationEvent: 'api', root cause: ms-python.python
2025-11-27 17:38:09.217 [info] ExtensionService#_doActivateExtension ms-python.vscode-python-envs, startup: false, activationEvent: 'api', root cause: ms-python.vscode-pylance
2025-11-27 17:38:09.298 [info] ExtensionService#_doActivateExtension vscode.configuration-editing, startup: false, activationEvent: 'onLanguage:jsonc'
2025-11-27 17:38:09.304 [info] ExtensionService#_doActivateExtension vscode.json-language-features, startup: false, activationEvent: 'onLanguage:jsonc'
2025-11-27 17:38:09.337 [info] ExtensionService#_doActivateExtension vscode.typescript-language-features, startup: false, activationEvent: 'onLanguage:jsonc'
2025-11-27 17:38:09.382 [info] ExtensionService#_doActivateExtension vscode.terminal-suggest, startup: false, activationEvent: 'onTerminalShellIntegration:*'
2025-11-27 17:38:09.446 [warning] DiagnosticCollection with name 'eslint' does already exist.
2025-11-27 17:38:10.554 [warning] DiagnosticCollection with name 'Pylance' does already exist.
2025-11-27 17:38:32.391 [info] Extension host terminating: renderer closed the MessagePort
2025-11-27 17:38:32.414 [error] TypeError: Cannot read properties of undefined (reading 'subscriptions')
	at Object.G [as deactivate] (/home/peaches/.vscode/extensions/ms-python.vscode-python-envs-1.12.0-linux-x64/dist/extension.js:2:681672)
	at kX.eb (file:///opt/visual-studio-code/resources/app/out/vs/workbench/api/node/extensionHostProcess.js:118:11850)
	at file:///opt/visual-studio-code/resources/app/out/vs/workbench/api/node/extensionHostProcess.js:118:10000
	at Array.map (<anonymous>)
	at kX.$ (file:///opt/visual-studio-code/resources/app/out/vs/workbench/api/node/extensionHostProcess.js:118:9988)
	at kX.terminate (file:///opt/visual-studio-code/resources/app/out/vs/workbench/api/node/extensionHostProcess.js:118:10231)
	at nN.terminate (file:///opt/visual-studio-code/resources/app/out/vs/workbench/api/node/extensionHostProcess.js:120:914)
	at Fs (file:///opt/visual-studio-code/resources/app/out/vs/workbench/api/node/extensionHostProcess.js:402:10411)
	at MessagePortMain.<anonymous> (file:///opt/visual-studio-code/resources/app/out/vs/workbench/api/node/extensionHostProcess.js:402:6949)
	at MessagePortMain.emit (node:events:519:28)
	at MessagePortMain.emit (node:domain:489:12)
	at MessagePortMain._internalPort.emit (node:electron/js2c/utility_init:2:2949)
2025-11-27 17:38:32.416 [info] Extension host with pid 54882 exiting with code 0
2025-11-27 17:38:33.140 [info] Extension host with pid 62447 started
2025-11-27 17:38:33.140 [info] Skipping acquiring lock for /home/peaches/.config/Code/User/workspaceStorage/9b10c000f13b4d422cec1d859619716e.
2025-11-27 17:38:33.196 [info] ExtensionService#_doActivateExtension vscode.github-authentication, startup: false, activationEvent: 'onAuthenticationRequest:github'
2025-11-27 17:38:33.214 [info] ExtensionService#_doActivateExtension vscode.emmet, startup: false, activationEvent: 'onLanguage'
2025-11-27 17:38:33.263 [info] ExtensionService#_doActivateExtension vscode.git-base, startup: true, activationEvent: '*'
2025-11-27 17:38:33.265 [info] ExtensionService#_doActivateExtension christian-kohler.path-intellisense, startup: true, activationEvent: '*'
2025-11-27 17:38:33.287 [info] ExtensionService#_doActivateExtension vscode.github, startup: true, activationEvent: '*'
2025-11-27 17:38:33.337 [info] Eager extensions activated
2025-11-27 17:38:33.348 [info] ExtensionService#_doActivateExtension vscode.debug-auto-launch, startup: false, activationEvent: 'onStartupFinished'
2025-11-27 17:38:33.349 [info] ExtensionService#_doActivateExtension vscode.merge-conflict, startup: false, activationEvent: 'onStartupFinished'
2025-11-27 17:38:33.360 [info] ExtensionService#_doActivateExtension Catppuccin.catppuccin-vsc, startup: false, activationEvent: 'onStartupFinished'
2025-11-27 17:38:33.364 [info] ExtensionService#_doActivateExtension ms-vscode-remote.remote-containers, startup: false, activationEvent: 'onStartupFinished'
2025-11-27 17:38:33.459 [info] ExtensionService#_doActivateExtension ms-vscode-remote.remote-wsl, startup: false, activationEvent: 'onStartupFinished'
2025-11-27 17:38:33.528 [info] ExtensionService#_doActivateExtension PKief.material-icon-theme, startup: false, activationEvent: 'onStartupFinished'
2025-11-27 17:38:33.537 [info] ExtensionService#_doActivateExtension streetsidesoftware.code-spell-checker, startup: false, activationEvent: 'onStartupFinished'
2025-11-27 17:38:33.651 [info] ExtensionService#_doActivateExtension vscode.microsoft-authentication, startup: false, activationEvent: 'onAuthenticationRequest:microsoft'
2025-11-27 17:38:37.695 [info] ExtensionService#_doActivateExtension vscode.git, startup: false, activationEvent: 'api', root cause: vscode.github
2025-11-27 17:38:37.787 [info] ExtensionService#_doActivateExtension aaron-bond.better-comments, startup: false, activationEvent: 'onStartupFinished'
2025-11-27 17:38:37.789 [info] ExtensionService#_doActivateExtension Codeium.codeium, startup: false, activationEvent: 'onStartupFinished'
2025-11-27 17:38:38.069 [info] ExtensionService#_doActivateExtension dbaeumer.vscode-eslint, startup: false, activationEvent: 'onStartupFinished'
2025-11-27 17:38:38.088 [info] ExtensionService#_doActivateExtension formulahendry.code-runner, startup: false, activationEvent: 'onStartupFinished'
2025-11-27 17:38:38.094 [info] ExtensionService#_doActivateExtension humy2833.ftp-simple, startup: false, activationEvent: '*'
2025-11-27 17:38:38.138 [info] ExtensionService#_doActivateExtension kisstkondoros.vscode-gutter-preview, startup: false, activationEvent: 'onStartupFinished'
2025-11-27 17:38:38.156 [info] ExtensionService#_doActivateExtension mhutchie.git-graph, startup: false, activationEvent: '*'
2025-11-27 17:38:38.165 [info] ExtensionService#_doActivateExtension mtxr.sqltools, startup: false, activationEvent: '*'
2025-11-27 17:38:38.190 [info] ExtensionService#_doActivateExtension tonybaloney.vscode-pets, startup: false, activationEvent: 'onStartupFinished'
2025-11-27 17:38:38.284 [info] ExtensionService#_doActivateExtension iterative.dvc, startup: false, activationEvent: 'onStartupFinished'
2025-11-27 17:38:38.358 [info] ExtensionService#_doActivateExtension mtxr.sqltools-driver-mysql, startup: false, activationEvent: '*'
2025-11-27 17:38:38.359 [info] ExtensionService#_doActivateExtension mtxr.sqltools-driver-pg, startup: false, activationEvent: '*'
2025-11-27 17:38:38.390 [info] ExtensionService#_doActivateExtension ms-python.python, startup: false, activationEvent: 'api', root cause: iterative.dvc
2025-11-27 17:38:38.848 [info] ExtensionService#_doActivateExtension ms-python.vscode-pylance, startup: false, activationEvent: 'api', root cause: ms-python.python
2025-11-27 17:38:39.107 [error] Error: Extension 'vscode.git' is not known or not activated
	at jy.getActivatedExtension (file:///opt/visual-studio-code/resources/app/out/vs/workbench/api/node/extensionHostProcess.js:114:10686)
	at kX.getExtensionExports (file:///opt/visual-studio-code/resources/app/out/vs/workbench/api/node/extensionHostProcess.js:118:11057)
	at get exports (file:///opt/visual-studio-code/resources/app/out/vs/workbench/api/node/extensionHostProcess.js:118:24672)
	at /home/peaches/.vscode/extensions/codeium.codeium-1.48.2/dist/extension.js:2:4171046
	at new Promise (<anonymous>)
	at /home/peaches/.vscode/extensions/codeium.codeium-1.48.2/dist/extension.js:2:4170840
	at d (/home/peaches/.vscode/extensions/codeium.codeium-1.48.2/dist/extension.js:2:4163778)
	at Generator.<anonymous> (/home/peaches/.vscode/extensions/codeium.codeium-1.48.2/dist/extension.js:2:4165120)
	at Generator.next (/home/peaches/.vscode/extensions/codeium.codeium-1.48.2/dist/extension.js:2:4164207)
	at i (/home/peaches/.vscode/extensions/codeium.codeium-1.48.2/dist/extension.js:2:4169681)
	at s (/home/peaches/.vscode/extensions/codeium.codeium-1.48.2/dist/extension.js:2:4169884)
	at /home/peaches/.vscode/extensions/codeium.codeium-1.48.2/dist/extension.js:2:4169943
	at new Promise (<anonymous>)
	at /home/peaches/.vscode/extensions/codeium.codeium-1.48.2/dist/extension.js:2:4169824
	at 53201 (/home/peaches/.vscode/extensions/codeium.codeium-1.48.2/dist/extension.js:2:4171370)
	at t (/home/peaches/.vscode/extensions/codeium.codeium-1.48.2/dist/extension.js:2:6328462)
	at 65590 (/home/peaches/.vscode/extensions/codeium.codeium-1.48.2/dist/extension.js:2:2232156)
	at t (/home/peaches/.vscode/extensions/codeium.codeium-1.48.2/dist/extension.js:2:6328462)
	at 49146 (/home/peaches/.vscode/extensions/codeium.codeium-1.48.2/dist/extension.js:2:2408280)
	at t (/home/peaches/.vscode/extensions/codeium.codeium-1.48.2/dist/extension.js:2:6328462)
	at /home/peaches/.vscode/extensions/codeium.codeium-1.48.2/dist/extension.js:2:6329212
	at Object.<anonymous> (/home/peaches/.vscode/extensions/codeium.codeium-1.48.2/dist/extension.js:2:6329243)
	at Module._compile (node:internal/modules/cjs/loader:1714:14)
	at Module._extensions..js (node:internal/modules/cjs/loader:1848:10)
	at Module.load (node:internal/modules/cjs/loader:1448:32)
	at Module._load (node:internal/modules/cjs/loader:1270:12)
	at c._load (node:electron/js2c/node_init:2:17993)
	at e._load (file:///opt/visual-studio-code/resources/app/out/vs/workbench/api/node/extensionHostProcess.js:402:5984)
	at t._load (file:///opt/visual-studio-code/resources/app/out/vs/workbench/api/node/extensionHostProcess.js:220:22582)
	at r._load (file:///opt/visual-studio-code/resources/app/out/vs/workbench/api/node/extensionHostProcess.js:212:24094)
	at TracingChannel.traceSync (node:diagnostics_channel:322:14)
	at wrapModuleLoad (node:internal/modules/cjs/loader:244:24)
	at Module.require (node:internal/modules/cjs/loader:1470:12)
	at require (node:internal/modules/helpers:147:16)
	at kX.Cb (file:///opt/visual-studio-code/resources/app/out/vs/workbench/api/node/extensionHostProcess.js:251:1253)
2025-11-27 17:38:39.110 [info] ExtensionService#_doActivateExtension vscode.terminal-suggest, startup: false, activationEvent: 'onTerminalShellIntegration:*'
2025-11-27 17:38:39.148 [info] ExtensionService#_doActivateExtension ms-python.vscode-python-envs, startup: false, activationEvent: 'api', root cause: ms-python.vscode-pylance
2025-11-27 17:38:39.197 [info] ExtensionService#_doActivateExtension vscode.grunt, startup: false, activationEvent: 'onTaskType:grunt'
2025-11-27 17:38:39.202 [info] ExtensionService#_doActivateExtension vscode.gulp, startup: false, activationEvent: 'onTaskType:gulp'
2025-11-27 17:38:39.203 [info] ExtensionService#_doActivateExtension vscode.jake, startup: false, activationEvent: 'onTaskType:jake'
2025-11-27 17:38:39.205 [info] ExtensionService#_doActivateExtension vscode.npm, startup: false, activationEvent: 'onTaskType:npm'
2025-11-27 17:38:39.221 [info] ExtensionService#_doActivateExtension vscode.typescript-language-features, startup: false, activationEvent: 'onTaskType:typescript'
2025-11-27 17:38:39.247 [info] ExtensionService#_doActivateExtension DavidAnson.vscode-markdownlint, startup: false, activationEvent: 'onTaskType:markdownlint'
2025-11-27 17:38:39.264 [info] ExtensionService#_doActivateExtension ms-azuretools.vscode-containers, startup: false, activationEvent: 'onTaskType:docker-build'
2025-11-27 17:38:39.368 [info] ExtensionService#_doActivateExtension ms-vscode.live-server, startup: false, activationEvent: 'onTaskType:Live Preview'
2025-11-27 17:38:39.398 [info] ExtensionService#_doActivateExtension vscjava.vscode-java-dependency, startup: false, activationEvent: 'onTaskType:java (buildArtifact)'
2025-11-27 17:38:39.554 [info] ExtensionService#_doActivateExtension redhat.java, startup: false, activationEvent: 'api', root cause: vscjava.vscode-java-dependency
2025-11-27 17:38:39.718 [error] Activating extension redhat.java failed due to an error:
2025-11-27 17:38:39.718 [error] {"message":"Please download and install a JDK to compile your project. You can configure your projects with different JDKs by the setting ['java.configuration.runtimes'](https://github.com/redhat-developer/vscode-java/wiki/JDK-Requirements#java.configuration.runtimes)","label":"Get the Java Development Kit","command":"vscode.open","commandParam":{"$mid":1,"path":"/products/openjdk/download/","scheme":"https","authority":"developers.redhat.com","query":"sc_cid=701f2000000RWTnAAO"}}
2025-11-27 17:38:40.649 [warning] DiagnosticCollection with name 'Pylance' does already exist.
2025-11-27 17:38:40.660 [warning] DiagnosticCollection with name 'Pylance' does already exist.
2025-11-27 17:38:40.718 [error] Error: Activating extension 'redhat.java' failed: Please download and install a JDK to compile your project. You can configure your projects with different JDKs by the setting ['java.configuration.runtimes'](https://github.com/redhat-developer/vscode-java/wiki/JDK-Requirements#java.configuration.runtimes).
	at Uy.n (file:///opt/visual-studio-code/resources/app/out/vs/workbench/api/node/extensionHostProcess.js:114:13451)
	at async Uy.m (file:///opt/visual-studio-code/resources/app/out/vs/workbench/api/node/extensionHostProcess.js:114:13345)
	at async Uy.l (file:///opt/visual-studio-code/resources/app/out/vs/workbench/api/node/extensionHostProcess.js:114:12801)
2025-11-27 17:38:40.719 [error] Error: Activating extension 'redhat.java' failed: Please download and install a JDK to compile your project. You can configure your projects with different JDKs by the setting ['java.configuration.runtimes'](https://github.com/redhat-developer/vscode-java/wiki/JDK-Requirements#java.configuration.runtimes).
	at Uy.n (file:///opt/visual-studio-code/resources/app/out/vs/workbench/api/node/extensionHostProcess.js:114:13451)
	at async Uy.m (file:///opt/visual-studio-code/resources/app/out/vs/workbench/api/node/extensionHostProcess.js:114:13345)
	at async Uy.l (file:///opt/visual-studio-code/resources/app/out/vs/workbench/api/node/extensionHostProcess.js:114:12801)
2025-11-27 17:38:45.384 [info] ExtensionService#_doActivateExtension vscode.configuration-editing, startup: false, activationEvent: 'onLanguage:jsonc'
2025-11-27 17:38:45.390 [info] ExtensionService#_doActivateExtension vscode.json-language-features, startup: false, activationEvent: 'onLanguage:jsonc'
2025-11-27 17:38:45.477 [warning] DiagnosticCollection with name 'eslint' does already exist.
2025-11-27 17:38:45.650 [error] Error: Activating extension 'redhat.java' failed: Please download and install a JDK to compile your project. You can configure your projects with different JDKs by the setting ['java.configuration.runtimes'](https://github.com/redhat-developer/vscode-java/wiki/JDK-Requirements#java.configuration.runtimes).
	at Uy.n (file:///opt/visual-studio-code/resources/app/out/vs/workbench/api/node/extensionHostProcess.js:114:13451)
	at async Uy.m (file:///opt/visual-studio-code/resources/app/out/vs/workbench/api/node/extensionHostProcess.js:114:13345)
	at async Uy.l (file:///opt/visual-studio-code/resources/app/out/vs/workbench/api/node/extensionHostProcess.js:114:12801)
2025-11-27 17:38:50.490 [info] ExtensionService#_doActivateExtension charliermarsh.ruff, startup: false, activationEvent: 'onLanguage:python'
2025-11-27 17:38:50.520 [info] ExtensionService#_doActivateExtension ms-python.debugpy, startup: false, activationEvent: 'onLanguage:python'
2025-11-27 17:38:50.553 [info] ExtensionService#_doActivateExtension ms-python.mypy-type-checker, startup: false, activationEvent: 'onLanguage:python'
2025-11-27 17:38:50.575 [info] ExtensionService#_doActivateExtension ms-python.pylint, startup: false, activationEvent: 'onLanguage:python'
2025-11-27 17:38:50.598 [info] ExtensionService#_doActivateExtension ms-toolsai.datawrangler, startup: false, activationEvent: 'onLanguage:python'
2025-11-27 17:38:50.663 [info] ExtensionService#_doActivateExtension ms-toolsai.jupyter, startup: false, activationEvent: 'onLanguage:python'
2025-11-27 17:38:51.205 [info] ExtensionService#_doActivateExtension ms-toolsai.jupyter-renderers, startup: false, activationEvent: 'api', root cause: ms-toolsai.jupyter
2025-11-27 17:45:31.429 [error] Error: Illegal value for `line`
	at hV.v (file:///opt/visual-studio-code/resources/app/out/vs/workbench/api/node/extensionHostProcess.js:122:1080)
	at Object.lineAt (file:///opt/visual-studio-code/resources/app/out/vs/workbench/api/node/extensionHostProcess.js:122:72)
	at e.getCommandEditHints (/home/peaches/.vscode/extensions/codeium.codeium-1.48.2/dist/extension.js:2:2379125)
	at e.getNonCachedDocumentResults (/home/peaches/.vscode/extensions/codeium.codeium-1.48.2/dist/extension.js:2:2380806)
	at e.<anonymous> (/home/peaches/.vscode/extensions/codeium.codeium-1.48.2/dist/extension.js:2:2381871)
	at d (/home/peaches/.vscode/extensions/codeium.codeium-1.48.2/dist/extension.js:2:2367088)
	at Generator.<anonymous> (/home/peaches/.vscode/extensions/codeium.codeium-1.48.2/dist/extension.js:2:2368430)
	at Generator.next (/home/peaches/.vscode/extensions/codeium.codeium-1.48.2/dist/extension.js:2:2367517)
	at a (/home/peaches/.vscode/extensions/codeium.codeium-1.48.2/dist/extension.js:2:2373644)
	at s (/home/peaches/.vscode/extensions/codeium.codeium-1.48.2/dist/extension.js:2:2373847)
	at /home/peaches/.vscode/extensions/codeium.codeium-1.48.2/dist/extension.js:2:2373906
	at new Promise (<anonymous>)
	at e.<anonymous> (/home/peaches/.vscode/extensions/codeium.codeium-1.48.2/dist/extension.js:2:2373787)
	at e.<anonymous> (/home/peaches/.vscode/extensions/codeium.codeium-1.48.2/dist/extension.js:2:2382445)
	at e.<anonymous> (/home/peaches/.vscode/extensions/codeium.codeium-1.48.2/dist/extension.js:2:2325049)
	at d (/home/peaches/.vscode/extensions/codeium.codeium-1.48.2/dist/extension.js:2:2312380)
	at Generator.<anonymous> (/home/peaches/.vscode/extensions/codeium.codeium-1.48.2/dist/extension.js:2:2313722)
	at Generator.next (/home/peaches/.vscode/extensions/codeium.codeium-1.48.2/dist/extension.js:2:2312809)
	at s (/home/peaches/.vscode/extensions/codeium.codeium-1.48.2/dist/extension.js:2:2319296)
	at a (/home/peaches/.vscode/extensions/codeium.codeium-1.48.2/dist/extension.js:2:2319499)
	at /home/peaches/.vscode/extensions/codeium.codeium-1.48.2/dist/extension.js:2:2319558
	at new Promise (<anonymous>)
	at e.<anonymous> (/home/peaches/.vscode/extensions/codeium.codeium-1.48.2/dist/extension.js:2:2319439)
	at e.<anonymous> (/home/peaches/.vscode/extensions/codeium.codeium-1.48.2/dist/extension.js:2:2325672)
	at e.<anonymous> (/home/peaches/.vscode/extensions/codeium.codeium-1.48.2/dist/extension.js:2:2324241)
	at d (/home/peaches/.vscode/extensions/codeium.codeium-1.48.2/dist/extension.js:2:2312380)
	at Generator.<anonymous> (/home/peaches/.vscode/extensions/codeium.codeium-1.48.2/dist/extension.js:2:2313722)
	at Generator.next (/home/peaches/.vscode/extensions/codeium.codeium-1.48.2/dist/extension.js:2:2312809)
	at s (/home/peaches/.vscode/extensions/codeium.codeium-1.48.2/dist/extension.js:2:2319296)
	at a (/home/peaches/.vscode/extensions/codeium.codeium-1.48.2/dist/extension.js:2:2319499)
	at /home/peaches/.vscode/extensions/codeium.codeium-1.48.2/dist/extension.js:2:2319558
	at new Promise (<anonymous>)
	at e.<anonymous> (/home/peaches/.vscode/extensions/codeium.codeium-1.48.2/dist/extension.js:2:2319439)
	at e.<anonymous> (/home/peaches/.vscode/extensions/codeium.codeium-1.48.2/dist/extension.js:2:2324484)
	at Immediate.<anonymous> (/home/peaches/.vscode/extensions/codeium.codeium-1.48.2/dist/extension.js:2:2321902)
	at process.processImmediate (node:internal/timers:485:21)
2025-11-27 17:52:26.997 [info] Extension host terminating: renderer closed the MessagePort
2025-11-27 17:52:27.065 [error] TypeError: Cannot read properties of undefined (reading 'subscriptions')
	at Object.G [as deactivate] (/home/peaches/.vscode/extensions/ms-python.vscode-python-envs-1.12.0-linux-x64/dist/extension.js:2:681672)
	at kX.eb (file:///opt/visual-studio-code/resources/app/out/vs/workbench/api/node/extensionHostProcess.js:118:11850)
	at file:///opt/visual-studio-code/resources/app/out/vs/workbench/api/node/extensionHostProcess.js:118:10000
	at Array.map (<anonymous>)
	at kX.$ (file:///opt/visual-studio-code/resources/app/out/vs/workbench/api/node/extensionHostProcess.js:118:9988)
	at kX.terminate (file:///opt/visual-studio-code/resources/app/out/vs/workbench/api/node/extensionHostProcess.js:118:10231)
	at nN.terminate (file:///opt/visual-studio-code/resources/app/out/vs/workbench/api/node/extensionHostProcess.js:120:914)
	at Fs (file:///opt/visual-studio-code/resources/app/out/vs/workbench/api/node/extensionHostProcess.js:402:10411)
	at MessagePortMain.<anonymous> (file:///opt/visual-studio-code/resources/app/out/vs/workbench/api/node/extensionHostProcess.js:402:6949)
	at MessagePortMain.emit (node:events:519:28)
	at MessagePortMain.emit (node:domain:489:12)
	at MessagePortMain._internalPort.emit (node:electron/js2c/utility_init:2:2949)
2025-11-27 17:52:27.081 [error] Error: Channel has been closed
	at n (file:///opt/visual-studio-code/resources/app/out/vs/workbench/api/node/extensionHostProcess.js:121:2816)
	at Object.info (file:///opt/visual-studio-code/resources/app/out/vs/workbench/api/node/extensionHostProcess.js:121:3161)
	at T.info (/opt/visual-studio-code/resources/app/extensions/json-language-features/client/dist/node/jsonClientMain.js:2:45257)
	at ChildProcess.<anonymous> (/opt/visual-studio-code/resources/app/extensions/json-language-features/client/dist/node/jsonClientMain.js:2:600506)
	at ChildProcess.emit (node:events:519:28)
	at ChildProcess.emit (node:domain:489:12)
	at ChildProcess._handle.onexit (node:internal/child_process:293:12)
2025-11-27 17:52:27.083 [error] Error: Channel has been closed
	at s (file:///opt/visual-studio-code/resources/app/out/vs/workbench/api/node/extensionHostProcess.js:121:2431)
	at Object.appendLine (file:///opt/visual-studio-code/resources/app/out/vs/workbench/api/node/extensionHostProcess.js:121:2570)
	at w.logTrace (/home/peaches/.vscode/extensions/ms-python.mypy-type-checker-2025.2.0/dist/extension.js:1:136379)
	at Object.log (/home/peaches/.vscode/extensions/ms-python.mypy-type-checker-2025.2.0/dist/extension.js:1:130029)
	at /home/peaches/.vscode/extensions/ms-python.mypy-type-checker-2025.2.0/dist/extension.js:1:87002
	at /home/peaches/.vscode/extensions/ms-python.mypy-type-checker-2025.2.0/dist/extension.js:1:87197
	at ie (/home/peaches/.vscode/extensions/ms-python.mypy-type-checker-2025.2.0/dist/extension.js:1:87562)
	at /home/peaches/.vscode/extensions/ms-python.mypy-type-checker-2025.2.0/dist/extension.js:1:82346
	at Immediate.<anonymous> (/home/peaches/.vscode/extensions/ms-python.mypy-type-checker-2025.2.0/dist/extension.js:1:82366)
	at process.processImmediate (node:internal/timers:485:21)
2025-11-27 17:52:27.084 [error] Error: Channel has been closed
	at s (file:///opt/visual-studio-code/resources/app/out/vs/workbench/api/node/extensionHostProcess.js:121:2431)
	at Object.appendLine (file:///opt/visual-studio-code/resources/app/out/vs/workbench/api/node/extensionHostProcess.js:121:2570)
	at b.logTrace (/home/peaches/.vscode/extensions/ms-python.pylint-2025.2.0/dist/extension.js:1:133853)
	at Object.log (/home/peaches/.vscode/extensions/ms-python.pylint-2025.2.0/dist/extension.js:1:127503)
	at /home/peaches/.vscode/extensions/ms-python.pylint-2025.2.0/dist/extension.js:1:84476
	at /home/peaches/.vscode/extensions/ms-python.pylint-2025.2.0/dist/extension.js:1:84671
	at ie (/home/peaches/.vscode/extensions/ms-python.pylint-2025.2.0/dist/extension.js:1:85036)
	at /home/peaches/.vscode/extensions/ms-python.pylint-2025.2.0/dist/extension.js:1:79820
	at Immediate.<anonymous> (/home/peaches/.vscode/extensions/ms-python.pylint-2025.2.0/dist/extension.js:1:79840)
	at process.processImmediate (node:internal/timers:485:21)
2025-11-27 17:52:27.085 [error] Error: Channel has been closed
	at s (file:///opt/visual-studio-code/resources/app/out/vs/workbench/api/node/extensionHostProcess.js:121:2431)
	at Object.append (file:///opt/visual-studio-code/resources/app/out/vs/workbench/api/node/extensionHostProcess.js:121:2528)
	at Socket.<anonymous> (/home/peaches/.vscode/extensions/charliermarsh.ruff-2025.30.0-linux-x64/dist/extension.js:1:7963)
	at Socket.emit (node:events:519:28)
	at Socket.emit (node:domain:489:12)
	at addChunk (node:internal/streams/readable:561:12)
	at readableAddChunkPushByteMode (node:internal/streams/readable:512:3)
	at Readable.push (node:internal/streams/readable:392:5)
	at Pipe.onStreamRead (node:internal/stream_base_commons:189:23)
2025-11-27 17:52:27.086 [error] Error: Channel has been closed
	at s (file:///opt/visual-studio-code/resources/app/out/vs/workbench/api/node/extensionHostProcess.js:121:2431)
	at Object.appendLine (file:///opt/visual-studio-code/resources/app/out/vs/workbench/api/node/extensionHostProcess.js:121:2570)
	at b.logOutputMessage (/home/peaches/.vscode/extensions/charliermarsh.ruff-2025.30.0-linux-x64/dist/extension.js:1:370891)
	at b.error (/home/peaches/.vscode/extensions/charliermarsh.ruff-2025.30.0-linux-x64/dist/extension.js:1:370782)
	at ChildProcess.<anonymous> (/home/peaches/.vscode/extensions/charliermarsh.ruff-2025.30.0-linux-x64/dist/extension.js:1:9309)
	at ChildProcess.emit (node:events:519:28)
	at ChildProcess.emit (node:domain:489:12)
	at ChildProcess._handle.onexit (node:internal/child_process:293:12)
2025-11-27 17:52:27.110 [error] Error: Channel has been closed
	at n (file:///opt/visual-studio-code/resources/app/out/vs/workbench/api/node/extensionHostProcess.js:121:2816)
	at Object.info (file:///opt/visual-studio-code/resources/app/out/vs/workbench/api/node/extensionHostProcess.js:121:3161)
	at g.info (/home/peaches/.vscode/extensions/ms-python.vscode-pylance-2025.10.2/dist/vendor.bundle.js:2:1052200)
	at ChildProcess.<anonymous> (/home/peaches/.vscode/extensions/ms-python.vscode-pylance-2025.10.2/dist/vendor.bundle.js:2:9247)
	at ChildProcess.emit (node:events:519:28)
	at ChildProcess.emit (node:domain:489:12)
	at ChildProcess._handle.onexit (node:internal/child_process:293:12)
2025-11-27 17:52:29.039 [error] Error: Channel has been closed
	at s (file:///opt/visual-studio-code/resources/app/out/vs/workbench/api/node/extensionHostProcess.js:121:2431)
	at Object.appendLine (file:///opt/visual-studio-code/resources/app/out/vs/workbench/api/node/extensionHostProcess.js:121:2570)
	at w.error (/home/peaches/.vscode/extensions/ms-python.mypy-type-checker-2025.2.0/dist/extension.js:1:135791)
	at /home/peaches/.vscode/extensions/ms-python.mypy-type-checker-2025.2.0/dist/extension.js:1:144009
	at async t.deactivate (/home/peaches/.vscode/extensions/ms-python.mypy-type-checker-2025.2.0/dist/extension.js:1:68064)
	at async Promise.all (index 30)
	at async kX.$ (file:///opt/visual-studio-code/resources/app/out/vs/workbench/api/node/extensionHostProcess.js:118:10014)
2025-11-27 17:52:29.039 [error] Error: Channel has been closed
	at s (file:///opt/visual-studio-code/resources/app/out/vs/workbench/api/node/extensionHostProcess.js:121:2431)
	at Object.appendLine (file:///opt/visual-studio-code/resources/app/out/vs/workbench/api/node/extensionHostProcess.js:121:2570)
	at b.error (/home/peaches/.vscode/extensions/ms-python.pylint-2025.2.0/dist/extension.js:1:133265)
	at /home/peaches/.vscode/extensions/ms-python.pylint-2025.2.0/dist/extension.js:1:141483
	at async t.deactivate (/home/peaches/.vscode/extensions/ms-python.pylint-2025.2.0/dist/extension.js:1:65538)
	at async Promise.all (index 31)
	at async kX.$ (file:///opt/visual-studio-code/resources/app/out/vs/workbench/api/node/extensionHostProcess.js:118:10014)
2025-11-27 17:52:29.039 [info] Extension host with pid 62447 exiting with code 0
