2025-11-27 17:38:51.024 [info] Name: Ruff
2025-11-27 17:38:51.024 [info] Module: ruff
2025-11-27 17:38:51.024 [info] Python extension loading
2025-11-27 17:38:51.024 [info] Waiting for interpreter from python extension.
2025-11-27 17:38:51.024 [info] Python extension loaded
2025-11-27 17:38:51.024 [info] Using interpreter: /bin/python
2025-11-27 17:38:51.024 [info] Workspace settings for /home/peaches/learmmml: {
    "nativeServer": "auto",
    "cwd": "/home/peaches/learmmml",
    "workspace": "file:///home/peaches/learmmml",
    "path": [],
    "ignoreStandardLibrary": true,
    "interpreter": [
        "/bin/python"
    ],
    "configuration": null,
    "importStrategy": "fromEnvironment",
    "codeAction": {
        "fixViolation": {
            "enable": true
        },
        "disableRuleComment": {
            "enable": true
        }
    },
    "lint": {
        "enable": true,
        "run": "onType",
        "args": [],
        "preview": null,
        "select": null,
        "extendSelect": null,
        "ignore": null
    },
    "format": {
        "args": [],
        "preview": null,
        "backend": "internal"
    },
    "enable": true,
    "organizeImports": true,
    "fixAll": true,
    "showNotifications": "off",
    "exclude": null,
    "lineLength": null,
    "configurationPreference": "editorFirst",
    "showSyntaxErrors": true,
    "logLevel": null,
    "logFile": null
}
2025-11-27 17:38:51.024 [info] Global settings: {
    "nativeServer": "auto",
    "cwd": "/home/peaches",
    "workspace": "/home/peaches",
    "path": [],
    "ignoreStandardLibrary": true,
    "interpreter": [],
    "configuration": null,
    "importStrategy": "fromEnvironment",
    "codeAction": {
        "fixViolation": {
            "enable": true
        },
        "disableRuleComment": {
            "enable": true
        }
    },
    "lint": {
        "enable": true,
        "run": "onType",
        "args": []
    },
    "format": {
        "args": [],
        "backend": "internal"
    },
    "enable": true,
    "organizeImports": true,
    "fixAll": true,
    "showNotifications": "off",
    "configurationPreference": "editorFirst",
    "showSyntaxErrors": true
}
2025-11-27 17:38:51.025 [info] Falling back to bundled executable: /home/peaches/.vscode/extensions/charliermarsh.ruff-2025.30.0-linux-x64/bundled/libs/bin/ruff
2025-11-27 17:38:51.047 [info] Resolved 'ruff.nativeServer: auto' to use the native server
2025-11-27 17:38:51.051 [info] Found Ruff 0.14.6 at /home/peaches/.vscode/extensions/charliermarsh.ruff-2025.30.0-linux-x64/bundled/libs/bin/ruff
2025-11-27 17:38:51.051 [info] Server run command: /home/peaches/.vscode/extensions/charliermarsh.ruff-2025.30.0-linux-x64/bundled/libs/bin/ruff server
2025-11-27 17:38:51.052 [info] Server: Start requested.
2025-11-27 17:43:31.488 [info] Server: Stop requested
2025-11-27 17:43:32.821 [info] Using interpreter: /home/peaches/anaconda3/bin/python
2025-11-27 17:43:32.825 [info] Workspace settings for /home/peaches/learmmml: {
    "nativeServer": "auto",
    "cwd": "/home/peaches/learmmml",
    "workspace": "file:///home/peaches/learmmml",
    "path": [],
    "ignoreStandardLibrary": true,
    "interpreter": [
        "/home/peaches/anaconda3/bin/python"
    ],
    "configuration": null,
    "importStrategy": "fromEnvironment",
    "codeAction": {
        "fixViolation": {
            "enable": true
        },
        "disableRuleComment": {
            "enable": true
        }
    },
    "lint": {
        "enable": true,
        "run": "onType",
        "args": [],
        "preview": null,
        "select": null,
        "extendSelect": null,
        "ignore": null
    },
    "format": {
        "args": [],
        "preview": null,
        "backend": "internal"
    },
    "enable": true,
    "organizeImports": true,
    "fixAll": true,
    "showNotifications": "off",
    "exclude": null,
    "lineLength": null,
    "configurationPreference": "editorFirst",
    "showSyntaxErrors": true,
    "logLevel": null,
    "logFile": null
}
2025-11-27 17:43:32.832 [info] Global settings: {
    "nativeServer": "auto",
    "cwd": "/home/peaches",
    "workspace": "/home/peaches",
    "path": [],
    "ignoreStandardLibrary": true,
    "interpreter": [],
    "configuration": null,
    "importStrategy": "fromEnvironment",
    "codeAction": {
        "fixViolation": {
            "enable": true
        },
        "disableRuleComment": {
            "enable": true
        }
    },
    "lint": {
        "enable": true,
        "run": "onType",
        "args": []
    },
    "format": {
        "args": [],
        "backend": "internal"
    },
    "enable": true,
    "organizeImports": true,
    "fixAll": true,
    "showNotifications": "off",
    "configurationPreference": "editorFirst",
    "showSyntaxErrors": true
}
2025-11-27 17:43:32.864 [info] Falling back to bundled executable: /home/peaches/.vscode/extensions/charliermarsh.ruff-2025.30.0-linux-x64/bundled/libs/bin/ruff
2025-11-27 17:43:32.873 [info] Resolved 'ruff.nativeServer: auto' to use the native server
2025-11-27 17:43:32.873 [info] Found Ruff 0.14.6 at /home/peaches/.vscode/extensions/charliermarsh.ruff-2025.30.0-linux-x64/bundled/libs/bin/ruff
2025-11-27 17:43:32.873 [info] Server run command: /home/peaches/.vscode/extensions/charliermarsh.ruff-2025.30.0-linux-x64/bundled/libs/bin/ruff server
2025-11-27 17:43:32.874 [info] Server: Start requested.
